Running JS build process


> zotero@7.0.0 build
> node ./js-build/build.js

[32mSuccess:[39m [34m[cleanup][39m 0 files processed [[33m0.00ms[39m]
Using local reader build...
[34m[ln][39m translators
[34m[ln][39m styles
[34m[ln][39m chrome/content/zotero/xpcom/translate/src
[34m[cp][39m test/tests/data/zotero-4.0.sqlite.zip
[34m[ln][39m test/runtests.sh
[34m[ln][39m test/resource/EventUtils.jsm
[34m[ln][39m test/content/runtests.html
[34m[ln][39m test/content/hyphenationTestContent.html
[34m[ln][39m test/content/hyphenationTest.xhtml
[34m[ln][39m test/chrome.manifest
[34m[ln][39m chrome/skin/default/zotero/zotero.svg
[34m[ln][39m chrome/skin/default/zotero/zotero.css
[34m[cp][39m test/tests/data/zotero_rdf.xml
[34m[ln][39m chrome/skin/default/zotero/zotero-z-32px-australis.svg
[34m[ln][39m chrome/skin/default/zotero/zotero-z-32px-australis-win.svg
[34m[ln][39m chrome/skin/default/zotero/zotero-z-32px-australis-unix.svg
[34m[ln][39m chrome/skin/default/zotero/zotero-z-32px-australis-mac.svg
[34m[ln][39m chrome/skin/default/zotero/zotero-new-z-16px.png
[34m[ln][39m chrome/skin/default/zotero/z.svg
[34m[ln][39m chrome/skin/default/zotero/win/menu-radio.svg
[34m[ln][39m chrome/skin/default/zotero/win/light/radio-selected-rest.svg
[34m[ln][39m chrome/skin/default/zotero/win/light/radio-selected-hover.svg
[34m[ln][39m chrome/skin/default/zotero/win/light/radio-selected-disabled.svg
[34m[ln][39m chrome/skin/default/zotero/win/light/radio-selected-active.svg
[34m[ln][39m chrome/skin/default/zotero/win/light/radio-rest.svg
[34m[ln][39m chrome/skin/default/zotero/win/light/radio-hover.svg
[34m[ln][39m chrome/skin/default/zotero/win/light/radio-disabled.svg
[34m[ln][39m chrome/skin/default/zotero/win/light/radio-active.svg
[34m[ln][39m chrome/skin/default/zotero/win/light/checkbox-selected-rest.svg
[34m[cp][39m test/tests/data/wonderland_short.pdf
[34m[ln][39m chrome/skin/default/zotero/win/light/checkbox-selected-hover.svg
[34m[ln][39m chrome/skin/default/zotero/win/light/checkbox-selected-disabled.svg
[34m[ln][39m chrome/skin/default/zotero/win/light/checkbox-selected-active.svg
[34m[ln][39m chrome/skin/default/zotero/win/light/checkbox-rest.svg
[34m[ln][39m chrome/skin/default/zotero/win/light/checkbox-hover.svg
[34m[ln][39m chrome/skin/default/zotero/win/light/checkbox-disabled.svg
[34m[ln][39m chrome/skin/default/zotero/win/light/checkbox-active.svg
[34m[ln][39m chrome/skin/default/zotero/win/dark/radio-selected-rest.svg
[34m[ln][39m chrome/skin/default/zotero/win/dark/radio-selected-hover.svg
[34m[ln][39m chrome/skin/default/zotero/win/dark/radio-selected-disabled.svg
[34m[ln][39m chrome/skin/default/zotero/win/dark/radio-selected-active.svg
[34m[ln][39m chrome/skin/default/zotero/win/dark/radio-rest.svg
[34m[ln][39m chrome/skin/default/zotero/win/dark/radio-hover.svg
[34m[ln][39m chrome/skin/default/zotero/win/dark/radio-disabled.svg
[34m[ln][39m chrome/skin/default/zotero/win/dark/radio-active.svg
[34m[ln][39m chrome/skin/default/zotero/win/dark/checkbox-selected-rest.svg
[34m[ln][39m chrome/skin/default/zotero/win/dark/checkbox-selected-hover.svg
[34m[ln][39m chrome/skin/default/zotero/win/dark/checkbox-selected-disabled.svg
[34m[cp][39m test/tests/data/wonderland_short_watermarked_2.pdf
[34m[ln][39m chrome/skin/default/zotero/win/dark/checkbox-selected-active.svg
[34m[ln][39m chrome/skin/default/zotero/win/dark/checkbox-rest.svg
[34m[ln][39m chrome/skin/default/zotero/win/dark/checkbox-hover.svg
[34m[ln][39m chrome/skin/default/zotero/win/dark/checkbox-disabled.svg
[34m[ln][39m chrome/skin/default/zotero/win/dark/checkbox-active.svg
[34m[ln][39m chrome/skin/default/zotero/upgrade.css
[34m[ln][39m chrome/skin/default/zotero/timeline/timeline.html
[34m[ln][39m chrome/skin/default/zotero/timeline/bundle.css
[34m[ln][39m chrome/skin/default/zotero/tagColorChooser.css
[34m[ln][39m chrome/skin/default/zotero/tag.svg
[34m[ln][39m chrome/skin/default/zotero/tag-fill.svg
[34m[ln][39m chrome/skin/default/zotero/tag-crescent.svg
[34m[ln][39m chrome/skin/default/zotero/tag-crescent-border.svg
[34m[ln][39m chrome/skin/default/zotero/tag-circle.svg
[34m[ln][39m chrome/skin/default/zotero/tag-circle-border.svg
[34m[ln][39m chrome/skin/default/zotero/searchbar-dropmarker@2x.png
[34m[cp][39m test/tests/data/wonderland_short_watermarked_1.pdf
[34m[ln][39m chrome/skin/default/zotero/searchbar-dropmarker.png
[34m[ln][39m chrome/skin/default/zotero/report/detail.css
[34m[ln][39m chrome/skin/default/zotero/report/detail_screen.css
[34m[ln][39m chrome/skin/default/zotero/report/detail_print.css
[34m[ln][39m chrome/skin/default/zotero/report_user.png
[34m[ln][39m chrome/skin/default/zotero/publicationsDialog.css
[34m[browserify][39m node_modules/chai-as-promised/lib/chai-as-promised.js
[34m[ln][39m chrome/skin/default/zotero/progress_arcs.png
[34m[ln][39m chrome/skin/default/zotero/overlay.css
[34m[ln][39m chrome/skin/default/zotero/mac/twisty.svg
[34m[ln][39m chrome/skin/default/zotero/mac/twisty-selected.svg
[34m[ln][39m chrome/skin/default/zotero/mac/twisty-selected-open.svg
[34m[ln][39m chrome/skin/default/zotero/mac/twisty-selected-active.svg
[34m[ln][39m chrome/skin/default/zotero/mac/twisty-selected-active-open.svg
[34m[ln][39m chrome/skin/default/zotero/mac/twisty-open.svg
[34m[ln][39m chrome/skin/default/zotero/mac/twisty-active.svg
[34m[ln][39m chrome/skin/default/zotero/mac/twisty-active-open.svg
[34m[ln][39m chrome/skin/default/zotero/logos/google-scholar.ico
[34m[ln][39m chrome/skin/default/zotero/locate-internal-viewer.png
[34m[cp][39m test/tests/data/wonderland_long.pdf
[34m[ln][39m chrome/skin/default/zotero/licenses/reserved.png
[34m[ln][39m chrome/skin/default/zotero/licenses/cc0.svg
[34m[ln][39m chrome/skin/default/zotero/licenses/cc-srr.png
[34m[ln][39m chrome/skin/default/zotero/licenses/cc-by.svg
[34m[ln][39m chrome/skin/default/zotero/licenses/cc-by-sa.svg
[34m[ln][39m chrome/skin/default/zotero/licenses/cc-by-nd.svg
[34m[ln][39m chrome/skin/default/zotero/licenses/cc-by-nc.svg
[34m[ln][39m chrome/skin/default/zotero/licenses/cc-by-nc-sa.svg
[34m[ln][39m chrome/skin/default/zotero/licenses/cc-by-nc-nd.svg
[34m[ln][39m chrome/skin/default/zotero/itempane/20/tags.svg
[34m[ln][39m chrome/skin/default/zotero/itempane/20/related.svg
[34m[ln][39m chrome/skin/default/zotero/itempane/20/notes.svg
[34m[ln][39m chrome/skin/default/zotero/itempane/20/libraries-collections.svg
[34m[ln][39m chrome/skin/default/zotero/itempane/20/info.svg
[34m[ln][39m chrome/skin/default/zotero/itempane/20/attachments.svg
[34m[ln][39m chrome/skin/default/zotero/itempane/20/attachment-preview.svg
[34m[cp][39m test/tests/data/translatorExportLegacy.js
[34m[ln][39m chrome/skin/default/zotero/itempane/20/attachment-info.svg
[34m[ln][39m chrome/skin/default/zotero/itempane/20/attachment-annotations.svg
[34m[ln][39m chrome/skin/default/zotero/itempane/20/abstract.svg
[34m[ln][39m chrome/skin/default/zotero/itempane/16/tags.svg
[34m[ln][39m chrome/skin/default/zotero/itempane/16/related.svg
[34m[ln][39m chrome/skin/default/zotero/itempane/16/notes.svg
[34m[ln][39m chrome/skin/default/zotero/itempane/16/libraries-collections.svg
[34m[ln][39m chrome/skin/default/zotero/itempane/16/info.svg
[34m[ln][39m chrome/skin/default/zotero/itempane/16/attachments.svg
[34m[ln][39m chrome/skin/default/zotero/itempane/16/attachment-preview.svg
[34m[ln][39m chrome/skin/default/zotero/itempane/16/attachment-info.svg
[34m[ln][39m chrome/skin/default/zotero/itempane/16/attachment-annotations.svg
[34m[ln][39m chrome/skin/default/zotero/itempane/16/abstract.svg
[34m[ln][39m chrome/skin/default/zotero/item-type/28/white/webpage.svg
[34m[cp][39m test/tests/data/translatorExport.js
[34m[ln][39m chrome/skin/default/zotero/item-type/28/white/video-recording.svg
[34m[ln][39m chrome/skin/default/zotero/item-type/28/white/tv-broadcast.svg
[34m[ln][39m chrome/skin/default/zotero/item-type/28/white/thesis.svg
[34m[ln][39m chrome/skin/default/zotero/item-type/28/white/statute.svg
[34m[ln][39m chrome/skin/default/zotero/item-type/28/white/standard.svg
[34m[ln][39m chrome/skin/default/zotero/item-type/28/white/report.svg
[34m[ln][39m chrome/skin/default/zotero/item-type/28/white/radio-broadcast.svg
[34m[ln][39m chrome/skin/default/zotero/item-type/28/white/presentation.svg
[34m[ln][39m chrome/skin/default/zotero/item-type/28/white/preprint.svg
[34m[ln][39m chrome/skin/default/zotero/item-type/28/white/podcast.svg
[34m[ln][39m chrome/skin/default/zotero/item-type/28/white/patent.svg
[34m[ln][39m chrome/skin/default/zotero/item-type/28/white/note.svg
[34m[ln][39m chrome/skin/default/zotero/item-type/28/white/newspaper-article.svg
[34m[cp][39m test/tests/data/test.txt
[34m[ln][39m chrome/skin/default/zotero/item-type/28/white/map.svg
[34m[ln][39m chrome/skin/default/zotero/item-type/28/white/manuscript.svg
[34m[ln][39m chrome/skin/default/zotero/item-type/28/white/magazine-article.svg
[34m[ln][39m chrome/skin/default/zotero/item-type/28/white/letter.svg
[34m[ln][39m chrome/skin/default/zotero/item-type/28/white/journal-article.svg
[34m[ln][39m chrome/skin/default/zotero/item-type/28/white/interview.svg
[34m[ln][39m chrome/skin/default/zotero/item-type/28/white/instant-message.svg
[34m[ln][39m chrome/skin/default/zotero/item-type/28/white/hearing.svg
[34m[ln][39m chrome/skin/default/zotero/item-type/28/white/forum-post.svg
[34m[ln][39m chrome/skin/default/zotero/item-type/28/white/film.svg
[34m[ln][39m chrome/skin/default/zotero/item-type/28/white/encyclopedia-article.svg
[34m[ln][39m chrome/skin/default/zotero/item-type/28/white/email.svg
[34m[ln][39m chrome/skin/default/zotero/item-type/28/white/document.svg
[34m[ln][39m chrome/skin/default/zotero/item-type/28/white/dictionary-entry.svg
[34m[cp][39m test/tests/data/test.sqlite
[34m[ln][39m chrome/skin/default/zotero/item-type/28/white/dataset.svg
[34m[ln][39m chrome/skin/default/zotero/item-type/28/white/conference-paper.svg
[34m[ln][39m chrome/skin/default/zotero/item-type/28/white/computer-program.svg
[34m[ln][39m chrome/skin/default/zotero/item-type/28/white/case.svg
[34m[ln][39m chrome/skin/default/zotero/item-type/28/white/book.svg
[34m[ln][39m chrome/skin/default/zotero/item-type/28/white/book-section.svg
[34m[ln][39m chrome/skin/default/zotero/item-type/28/white/blog-post.svg
[34m[ln][39m chrome/skin/default/zotero/item-type/28/white/bill.svg
[34m[ln][39m chrome/skin/default/zotero/item-type/28/white/audio-recording.svg
[34m[ln][39m chrome/skin/default/zotero/item-type/28/white/attachment-web-link.svg
[34m[ln][39m chrome/skin/default/zotero/item-type/28/white/attachment-snapshot.svg
[34m[sass][39m scss/zotero-win.scss
[34m[ln][39m chrome/skin/default/zotero/item-type/28/white/attachment-pdf.svg
[34m[ln][39m chrome/skin/default/zotero/item-type/28/white/attachment-pdf-link.svg
[34m[ln][39m chrome/skin/default/zotero/item-type/28/white/attachment-link.svg
[34m[cp][39m test/tests/data/test.sh
[34m[ln][39m chrome/skin/default/zotero/item-type/28/white/attachment-epub.svg
[34m[ln][39m chrome/skin/default/zotero/item-type/28/white/attachment-epub-link.svg
[34m[ln][39m chrome/skin/default/zotero/item-type/28/white/artwork.svg
[34m[ln][39m chrome/skin/default/zotero/item-type/28/light/webpage.svg
[34m[ln][39m chrome/skin/default/zotero/item-type/28/light/video-recording.svg
[34m[ln][39m chrome/skin/default/zotero/item-type/28/light/tv-broadcast.svg
[34m[ln][39m chrome/skin/default/zotero/item-type/28/light/thesis.svg
[34m[ln][39m chrome/skin/default/zotero/item-type/28/light/statute.svg
[34m[ln][39m chrome/skin/default/zotero/item-type/28/light/standard.svg
[34m[ln][39m chrome/skin/default/zotero/item-type/28/light/report.svg
[34m[ln][39m chrome/skin/default/zotero/item-type/28/light/radio-broadcast.svg
[34m[ln][39m chrome/skin/default/zotero/item-type/28/light/presentation.svg
[34m[ln][39m chrome/skin/default/zotero/item-type/28/light/preprint.svg
[34m[ln][39m chrome/skin/default/zotero/item-type/28/light/podcast.svg
[34m[sass][39m scss/zotero-unix.scss
[34m[ln][39m chrome/skin/default/zotero/item-type/28/light/patent.svg
[34m[ln][39m chrome/skin/default/zotero/item-type/28/light/note.svg
[34m[cp][39m test/tests/data/test.png
[34m[ln][39m chrome/skin/default/zotero/item-type/28/light/newspaper-article.svg
[34m[ln][39m chrome/skin/default/zotero/item-type/28/light/map.svg
[34m[ln][39m chrome/skin/default/zotero/item-type/28/light/manuscript.svg
[34m[ln][39m chrome/skin/default/zotero/item-type/28/light/magazine-article.svg
[34m[ln][39m chrome/skin/default/zotero/item-type/28/light/letter.svg
[34m[ln][39m chrome/skin/default/zotero/item-type/28/light/journal-article.svg
[34m[ln][39m chrome/skin/default/zotero/item-type/28/light/interview.svg
[34m[ln][39m chrome/skin/default/zotero/item-type/28/light/instant-message.svg
[34m[sass][39m scss/zotero-mac.scss
[34m[ln][39m chrome/skin/default/zotero/item-type/28/light/hearing.svg
[34m[ln][39m chrome/skin/default/zotero/item-type/28/light/forum-post.svg
[34m[ln][39m chrome/skin/default/zotero/item-type/28/light/film.svg
[34m[ln][39m chrome/skin/default/zotero/item-type/28/light/encyclopedia-article.svg
[34m[ln][39m chrome/skin/default/zotero/item-type/28/light/email.svg
[34m[ln][39m chrome/skin/default/zotero/item-type/28/light/document.svg
[34m[cp][39m test/tests/data/test.pdf
[34m[ln][39m chrome/skin/default/zotero/item-type/28/light/dictionary-entry.svg
[34m[ln][39m chrome/skin/default/zotero/item-type/28/light/dataset.svg
[34m[ln][39m chrome/skin/default/zotero/item-type/28/light/conference-paper.svg
[34m[ln][39m chrome/skin/default/zotero/item-type/28/light/computer-program.svg
[34m[sass][39m scss/xulElementPatches/wizard.scss
[34m[ln][39m chrome/skin/default/zotero/item-type/28/light/case.svg
[34m[ln][39m chrome/skin/default/zotero/item-type/28/light/book.svg
[34m[ln][39m chrome/skin/default/zotero/item-type/28/light/book-section.svg
[34m[ln][39m chrome/skin/default/zotero/item-type/28/light/blog-post.svg
[34m[ln][39m chrome/skin/default/zotero/item-type/28/light/bill.svg
[34m[ln][39m chrome/skin/default/zotero/item-type/28/light/audio-recording.svg
[34m[ln][39m chrome/skin/default/zotero/item-type/28/light/attachment-web-link.svg
[34m[ln][39m chrome/skin/default/zotero/item-type/28/light/attachment-snapshot.svg
[34m[ln][39m chrome/skin/default/zotero/item-type/28/light/attachment-pdf.svg
[34m[ln][39m chrome/skin/default/zotero/item-type/28/light/attachment-pdf-link.svg
[34m[ln][39m chrome/skin/default/zotero/item-type/28/light/attachment-link.svg
[34m[ln][39m chrome/skin/default/zotero/item-type/28/light/attachment-epub.svg
[34m[ln][39m chrome/skin/default/zotero/item-type/28/light/attachment-epub-link.svg
[34m[ln][39m chrome/skin/default/zotero/item-type/28/light/artwork.svg
[34m[ln][39m chrome/skin/default/zotero/item-type/28/dark/webpage.svg
[34m[ln][39m chrome/skin/default/zotero/item-type/28/dark/video-recording.svg
[34m[cp][39m test/tests/data/test.jpg
[34m[ln][39m chrome/skin/default/zotero/item-type/28/dark/tv-broadcast.svg
[34m[ln][39m chrome/skin/default/zotero/item-type/28/dark/thesis.svg
[34m[sass][39m scss/xulElementPatches/wizard-win.scss
[34m[ln][39m chrome/skin/default/zotero/item-type/28/dark/statute.svg
[34m[ln][39m chrome/skin/default/zotero/item-type/28/dark/standard.svg
[34m[ln][39m chrome/skin/default/zotero/item-type/28/dark/report.svg
[34m[ln][39m chrome/skin/default/zotero/item-type/28/dark/radio-broadcast.svg
[34m[ln][39m chrome/skin/default/zotero/item-type/28/dark/presentation.svg
[34m[ln][39m chrome/skin/default/zotero/item-type/28/dark/preprint.svg
[34m[ln][39m chrome/skin/default/zotero/item-type/28/dark/podcast.svg
[34m[ln][39m chrome/skin/default/zotero/item-type/28/dark/patent.svg
[34m[ln][39m chrome/skin/default/zotero/item-type/28/dark/note.svg
[34m[ln][39m chrome/skin/default/zotero/item-type/28/dark/newspaper-article.svg
[34m[sass][39m scss/xulElementPatches/menulist.scss
[34m[ln][39m chrome/skin/default/zotero/item-type/28/dark/map.svg
[34m[cp][39m test/tests/data/test.html
[34m[ln][39m chrome/skin/default/zotero/item-type/28/dark/manuscript.svg
[34m[ln][39m chrome/skin/default/zotero/item-type/28/dark/magazine-article.svg
[34m[ln][39m chrome/skin/default/zotero/item-type/28/dark/letter.svg
[34m[ln][39m chrome/skin/default/zotero/item-type/28/dark/journal-article.svg
[34m[ln][39m chrome/skin/default/zotero/item-type/28/dark/interview.svg
[34m[ln][39m chrome/skin/default/zotero/item-type/28/dark/instant-message.svg
[34m[ln][39m chrome/skin/default/zotero/item-type/28/dark/hearing.svg
[34m[ln][39m chrome/skin/default/zotero/item-type/28/dark/forum-post.svg
[34m[ln][39m chrome/skin/default/zotero/item-type/28/dark/film.svg
[34m[sass][39m scss/xulElementPatches/dialog.scss
[34m[ln][39m chrome/skin/default/zotero/item-type/28/dark/encyclopedia-article.svg
[34m[ln][39m chrome/skin/default/zotero/item-type/28/dark/email.svg
[34m[ln][39m chrome/skin/default/zotero/item-type/28/dark/document.svg
[34m[ln][39m chrome/skin/default/zotero/item-type/28/dark/dictionary-entry.svg
[34m[ln][39m chrome/skin/default/zotero/item-type/28/dark/dataset.svg
[34m[cp][39m test/tests/data/test-pdf-redirect.html
[34m[ln][39m chrome/skin/default/zotero/item-type/28/dark/conference-paper.svg
[34m[ln][39m chrome/skin/default/zotero/item-type/28/dark/computer-program.svg
[34m[ln][39m chrome/skin/default/zotero/item-type/28/dark/case.svg
[34m[ln][39m chrome/skin/default/zotero/item-type/28/dark/book.svg
[34m[ln][39m chrome/skin/default/zotero/item-type/28/dark/book-section.svg
[34m[ln][39m chrome/skin/default/zotero/item-type/28/dark/blog-post.svg
[34m[ln][39m chrome/skin/default/zotero/item-type/28/dark/bill.svg
[34m[ln][39m chrome/skin/default/zotero/item-type/28/dark/audio-recording.svg
[34m[ln][39m chrome/skin/default/zotero/item-type/28/dark/attachment-web-link.svg
[34m[ln][39m chrome/skin/default/zotero/item-type/28/dark/attachment-snapshot.svg
[34m[ln][39m chrome/skin/default/zotero/item-type/28/dark/attachment-pdf.svg
[34m[ln][39m chrome/skin/default/zotero/item-type/28/dark/attachment-pdf-link.svg
[34m[ln][39m chrome/skin/default/zotero/item-type/28/dark/attachment-link.svg
[34m[sass][39m scss/xulElementPatches/dialog-win.scss
[34m[ln][39m chrome/skin/default/zotero/item-type/28/dark/attachment-epub.svg
[34m[ln][39m chrome/skin/default/zotero/item-type/28/dark/attachment-epub-link.svg
[34m[ln][39m chrome/skin/default/zotero/item-type/28/dark/artwork.svg
[34m[ln][39m chrome/skin/default/zotero/item-type/16/white/webpage@2x.svg
[34m[ln][39m chrome/skin/default/zotero/item-type/16/white/webpage.svg
[34m[cp][39m test/tests/data/test-js.html
[34m[ln][39m chrome/skin/default/zotero/item-type/16/white/video-recording@2x.svg
[34m[ln][39m chrome/skin/default/zotero/item-type/16/white/video-recording.svg
[34m[ln][39m chrome/skin/default/zotero/item-type/16/white/tv-broadcast@2x.svg
[34m[ln][39m chrome/skin/default/zotero/item-type/16/white/tv-broadcast.svg
[34m[ln][39m chrome/skin/default/zotero/item-type/16/white/thesis@2x.svg
[34m[sass][39m scss/xulElementPatches/dialog-mac.scss
[34m[ln][39m chrome/skin/default/zotero/item-type/16/white/thesis.svg
[34m[ln][39m chrome/skin/default/zotero/item-type/16/white/statute@2x.svg
[34m[ln][39m chrome/skin/default/zotero/item-type/16/white/statute.svg
[34m[ln][39m chrome/skin/default/zotero/item-type/16/white/standard@2x.svg
[34m[ln][39m chrome/skin/default/zotero/item-type/16/white/standard.svg
[34m[ln][39m chrome/skin/default/zotero/item-type/16/white/report@2x.svg
[34m[ln][39m chrome/skin/default/zotero/item-type/16/white/report.svg
[34m[ln][39m chrome/skin/default/zotero/item-type/16/white/radio-broadcast@2x.svg
[34m[ln][39m chrome/skin/default/zotero/item-type/16/white/radio-broadcast.svg
[34m[ln][39m chrome/skin/default/zotero/item-type/16/white/presentation@2x.svg
[34m[ln][39m chrome/skin/default/zotero/item-type/16/white/presentation.svg
[34m[ln][39m chrome/skin/default/zotero/item-type/16/white/preprint@2x.svg
[34m[ln][39m chrome/skin/default/zotero/item-type/16/white/preprint.svg
[34m[ln][39m chrome/skin/default/zotero/item-type/16/white/podcast@2x.svg
[34m[ln][39m chrome/skin/default/zotero/item-type/16/white/podcast.svg
[34m[ln][39m chrome/skin/default/zotero/item-type/16/white/patent@2x.svg
[34m[ln][39m chrome/skin/default/zotero/item-type/16/white/patent.svg
[34m[ln][39m chrome/skin/default/zotero/item-type/16/white/note@2x.svg
[34m[ln][39m chrome/skin/default/zotero/item-type/16/white/note.svg
[34m[ln][39m chrome/skin/default/zotero/item-type/16/white/newspaper-article@2x.svg
[34m[ln][39m chrome/skin/default/zotero/item-type/16/white/newspaper-article.svg
[34m[ln][39m chrome/skin/default/zotero/item-type/16/white/map@2x.svg
[34m[ln][39m chrome/skin/default/zotero/item-type/16/white/map.svg
[34m[ln][39m chrome/skin/default/zotero/item-type/16/white/manuscript@2x.svg
[34m[ln][39m chrome/skin/default/zotero/item-type/16/white/manuscript.svg
[34m[ln][39m chrome/skin/default/zotero/item-type/16/white/magazine-article@2x.svg
[34m[ln][39m chrome/skin/default/zotero/item-type/16/white/magazine-article.svg
[34m[ln][39m chrome/skin/default/zotero/item-type/16/white/letter@2x.svg
[34m[ln][39m chrome/skin/default/zotero/item-type/16/white/letter.svg
[34m[ln][39m chrome/skin/default/zotero/item-type/16/white/journal-article@2x.svg
[34m[ln][39m chrome/skin/default/zotero/item-type/16/white/journal-article.svg
[34m[ln][39m chrome/skin/default/zotero/item-type/16/white/interview@2x.svg
[34m[ln][39m chrome/skin/default/zotero/item-type/16/white/interview.svg
[34m[ln][39m chrome/skin/default/zotero/item-type/16/white/instant-message@2x.svg
[34m[ln][39m chrome/skin/default/zotero/item-type/16/white/instant-message.svg
[34m[ln][39m chrome/skin/default/zotero/item-type/16/white/hearing@2x.svg
[34m[ln][39m chrome/skin/default/zotero/item-type/16/white/hearing.svg
[34m[ln][39m chrome/skin/default/zotero/item-type/16/white/forum-post@2x.svg
[34m[ln][39m chrome/skin/default/zotero/item-type/16/white/forum-post.svg
[34m[ln][39m chrome/skin/default/zotero/item-type/16/white/film@2x.svg
[34m[ln][39m chrome/skin/default/zotero/item-type/16/white/film.svg
[34m[ln][39m chrome/skin/default/zotero/item-type/16/white/encyclopedia-article@2x.svg
[34m[ln][39m chrome/skin/default/zotero/item-type/16/white/encyclopedia-article.svg
[34m[ln][39m chrome/skin/default/zotero/item-type/16/white/email@2x.svg
[34m[ln][39m chrome/skin/default/zotero/item-type/16/white/email.svg
[34m[ln][39m chrome/skin/default/zotero/item-type/16/white/document@2x.svg
[34m[ln][39m chrome/skin/default/zotero/item-type/16/white/document.svg
[34m[ln][39m chrome/skin/default/zotero/item-type/16/white/dictionary-entry@2x.svg
[34m[ln][39m chrome/skin/default/zotero/item-type/16/white/dictionary-entry.svg
[34m[ln][39m chrome/skin/default/zotero/item-type/16/white/dataset@2x.svg
[34m[ln][39m chrome/skin/default/zotero/item-type/16/white/dataset.svg
[34m[ln][39m chrome/skin/default/zotero/item-type/16/white/conference-paper@2x.svg
[34m[ln][39m chrome/skin/default/zotero/item-type/16/white/conference-paper.svg
[34m[ln][39m chrome/skin/default/zotero/item-type/16/white/computer-program@2x.svg
[34m[ln][39m chrome/skin/default/zotero/item-type/16/white/computer-program.svg
[34m[ln][39m chrome/skin/default/zotero/item-type/16/white/case@2x.svg
[34m[ln][39m chrome/skin/default/zotero/item-type/16/white/case.svg
[34m[ln][39m chrome/skin/default/zotero/item-type/16/white/book@2x.svg
[34m[ln][39m chrome/skin/default/zotero/item-type/16/white/book.svg
[34m[ln][39m chrome/skin/default/zotero/item-type/16/white/book-section@2x.svg
[34m[ln][39m chrome/skin/default/zotero/item-type/16/white/book-section.svg
[34m[ln][39m chrome/skin/default/zotero/item-type/16/white/blog-post@2x.svg
[34m[ln][39m chrome/skin/default/zotero/item-type/16/white/blog-post.svg
[34m[ln][39m chrome/skin/default/zotero/item-type/16/white/bill@2x.svg
[34m[ln][39m chrome/skin/default/zotero/item-type/16/white/bill.svg
[34m[ln][39m chrome/skin/default/zotero/item-type/16/white/audio-recording@2x.svg
[34m[ln][39m chrome/skin/default/zotero/item-type/16/white/audio-recording.svg
[34m[ln][39m chrome/skin/default/zotero/item-type/16/white/attachment-web-link@2x.svg
[34m[cp][39m test/tests/data/test-hidden.html
[34m[ln][39m chrome/skin/default/zotero/item-type/16/white/attachment-web-link.svg
[34m[ln][39m chrome/skin/default/zotero/item-type/16/white/attachment-video@2x.svg
[34m[sass][39m scss/scaffold.scss
[34m[ln][39m chrome/skin/default/zotero/item-type/16/white/attachment-video.svg
[34m[ln][39m chrome/skin/default/zotero/item-type/16/white/attachment-video-link@2x.svg
[34m[ln][39m chrome/skin/default/zotero/item-type/16/white/attachment-video-link.svg
[34m[ln][39m chrome/skin/default/zotero/item-type/16/white/attachment-snapshot@2x.svg
[34m[ln][39m chrome/skin/default/zotero/item-type/16/white/attachment-snapshot.svg
[34m[ln][39m chrome/skin/default/zotero/item-type/16/white/attachment-pdf@2x.svg
[34m[ln][39m chrome/skin/default/zotero/item-type/16/white/attachment-pdf.svg
[34m[ln][39m chrome/skin/default/zotero/item-type/16/white/attachment-pdf-link@2x.svg
[34m[ln][39m chrome/skin/default/zotero/item-type/16/white/attachment-pdf-link.svg
[34m[ln][39m chrome/skin/default/zotero/item-type/16/white/attachment-link@2x.svg
[34m[ln][39m chrome/skin/default/zotero/item-type/16/white/attachment-link.svg
[34m[browserify][39m node_modules/sinon/lib/sinon.js
[34m[ln][39m chrome/skin/default/zotero/item-type/16/white/attachment-image@2x.svg
[34m[ln][39m chrome/skin/default/zotero/item-type/16/white/attachment-image.svg
[34m[ln][39m chrome/skin/default/zotero/item-type/16/white/attachment-image-link@2x.svg
[34m[sass][39m scss/progressWindow.scss
[34m[ln][39m chrome/skin/default/zotero/item-type/16/white/attachment-image-link.svg
[34m[ln][39m chrome/skin/default/zotero/item-type/16/white/attachment-epub@2x.svg
[34m[ln][39m chrome/skin/default/zotero/item-type/16/white/attachment-epub.svg
[34m[cp][39m test/tests/data/Test Import Translator.js
[34m[ln][39m chrome/skin/default/zotero/item-type/16/white/attachment-epub-link@2x.svg
[34m[ln][39m chrome/skin/default/zotero/item-type/16/white/attachment-epub-link.svg
[34m[ln][39m chrome/skin/default/zotero/item-type/16/white/artwork@2x.svg
[34m[ln][39m chrome/skin/default/zotero/item-type/16/white/artwork.svg
[34m[ln][39m chrome/skin/default/zotero/item-type/16/light/webpage@2x.svg
[34m[ln][39m chrome/skin/default/zotero/item-type/16/light/webpage.svg
[34m[ln][39m chrome/skin/default/zotero/item-type/16/light/video-recording@2x.svg
[34m[ln][39m chrome/skin/default/zotero/item-type/16/light/video-recording.svg
[34m[ln][39m chrome/skin/default/zotero/item-type/16/light/tv-broadcast@2x.svg
[34m[ln][39m chrome/skin/default/zotero/item-type/16/light/tv-broadcast.svg
[34m[ln][39m chrome/skin/default/zotero/item-type/16/light/thesis@2x.svg
[34m[ln][39m chrome/skin/default/zotero/item-type/16/light/thesis.svg
[34m[ln][39m chrome/skin/default/zotero/item-type/16/light/statute@2x.svg
[34m[sass][39m scss/progressQueueDialog.scss
[34m[ln][39m chrome/skin/default/zotero/item-type/16/light/statute.svg
[34m[ln][39m chrome/skin/default/zotero/item-type/16/light/standard@2x.svg
[34m[ln][39m chrome/skin/default/zotero/item-type/16/light/standard.svg
[34m[ln][39m chrome/skin/default/zotero/item-type/16/light/report@2x.svg
[34m[ln][39m chrome/skin/default/zotero/item-type/16/light/report.svg
[34m[cp][39m test/tests/data/stub.epub
[34m[ln][39m chrome/skin/default/zotero/item-type/16/light/radio-broadcast@2x.svg
[34m[ln][39m chrome/skin/default/zotero/item-type/16/light/radio-broadcast.svg
[34m[ln][39m chrome/skin/default/zotero/item-type/16/light/presentation@2x.svg
[34m[ln][39m chrome/skin/default/zotero/item-type/16/light/presentation.svg
[34m[ln][39m chrome/skin/default/zotero/item-type/16/light/preprint@2x.svg
[34m[ln][39m chrome/skin/default/zotero/item-type/16/light/preprint.svg
[34m[ln][39m chrome/skin/default/zotero/item-type/16/light/podcast@2x.svg
[34m[ln][39m chrome/skin/default/zotero/item-type/16/light/podcast.svg
[34m[sass][39m scss/preferences.scss
[34m[ln][39m chrome/skin/default/zotero/item-type/16/light/patent@2x.svg
[34m[ln][39m chrome/skin/default/zotero/item-type/16/light/patent.svg
[34m[ln][39m chrome/skin/default/zotero/item-type/16/light/note@2x.svg
[34m[ln][39m chrome/skin/default/zotero/item-type/16/light/note.svg
[34m[ln][39m chrome/skin/default/zotero/item-type/16/light/newspaper-article@2x.svg
[34m[ln][39m chrome/skin/default/zotero/item-type/16/light/newspaper-article.svg
[34m[ln][39m chrome/skin/default/zotero/item-type/16/light/map@2x.svg
[34m[ln][39m chrome/skin/default/zotero/item-type/16/light/map.svg
[34m[cp][39m test/tests/data/snapshot/index.html
[34m[ln][39m chrome/skin/default/zotero/item-type/16/light/manuscript@2x.svg
[34m[ln][39m chrome/skin/default/zotero/item-type/16/light/manuscript.svg
[34m[ln][39m chrome/skin/default/zotero/item-type/16/light/magazine-article@2x.svg
[34m[ln][39m chrome/skin/default/zotero/item-type/16/light/magazine-article.svg
[34m[ln][39m chrome/skin/default/zotero/item-type/16/light/letter@2x.svg
[34m[sass][39m scss/preferences-win.scss
[34m[ln][39m chrome/skin/default/zotero/item-type/16/light/letter.svg
[34m[ln][39m chrome/skin/default/zotero/item-type/16/light/journal-article@2x.svg
[34m[ln][39m chrome/skin/default/zotero/item-type/16/light/journal-article.svg
[34m[ln][39m chrome/skin/default/zotero/item-type/16/light/interview@2x.svg
[34m[ln][39m chrome/skin/default/zotero/item-type/16/light/interview.svg
[34m[ln][39m chrome/skin/default/zotero/item-type/16/light/instant-message@2x.svg
[34m[ln][39m chrome/skin/default/zotero/item-type/16/light/instant-message.svg
[34m[ln][39m chrome/skin/default/zotero/item-type/16/light/hearing@2x.svg
[34m[ln][39m chrome/skin/default/zotero/item-type/16/light/hearing.svg
[34m[ln][39m chrome/skin/default/zotero/item-type/16/light/forum-post@2x.svg
[34m[cp][39m test/tests/data/snapshot/img.gif
[34m[ln][39m chrome/skin/default/zotero/item-type/16/light/forum-post.svg
[34m[sass][39m scss/preferences-mac.scss
[34m[ln][39m chrome/skin/default/zotero/item-type/16/light/film@2x.svg
[34m[ln][39m chrome/skin/default/zotero/item-type/16/light/film.svg
[34m[ln][39m chrome/skin/default/zotero/item-type/16/light/encyclopedia-article@2x.svg
[34m[ln][39m chrome/skin/default/zotero/item-type/16/light/encyclopedia-article.svg
[34m[ln][39m chrome/skin/default/zotero/item-type/16/light/email@2x.svg
[34m[ln][39m chrome/skin/default/zotero/item-type/16/light/email.svg
[34m[ln][39m chrome/skin/default/zotero/item-type/16/light/document@2x.svg
[34m[ln][39m chrome/skin/default/zotero/item-type/16/light/document.svg
[34m[ln][39m chrome/skin/default/zotero/item-type/16/light/dictionary-entry@2x.svg
[34m[ln][39m chrome/skin/default/zotero/item-type/16/light/dictionary-entry.svg
[34m[ln][39m chrome/skin/default/zotero/item-type/16/light/dataset@2x.svg
[34m[ln][39m chrome/skin/default/zotero/item-type/16/light/dataset.svg
[34m[sass][39m scss/merge.scss
[34m[ln][39m chrome/skin/default/zotero/item-type/16/light/conference-paper@2x.svg
[34m[ln][39m chrome/skin/default/zotero/item-type/16/light/conference-paper.svg
[34m[ln][39m chrome/skin/default/zotero/item-type/16/light/computer-program@2x.svg
[34m[ln][39m chrome/skin/default/zotero/item-type/16/light/computer-program.svg
[34m[cp][39m test/tests/data/snapshot
[34m[ln][39m chrome/skin/default/zotero/item-type/16/light/case@2x.svg
[34m[ln][39m chrome/skin/default/zotero/item-type/16/light/case.svg
[34m[ln][39m chrome/skin/default/zotero/item-type/16/light/book@2x.svg
[34m[ln][39m chrome/skin/default/zotero/item-type/16/light/book.svg
[34m[browserify][39m node_modules/url/url.js
[34m[ln][39m chrome/skin/default/zotero/item-type/16/light/book-section@2x.svg
[34m[ln][39m chrome/skin/default/zotero/item-type/16/light/book-section.svg
[34m[ln][39m chrome/skin/default/zotero/item-type/16/light/blog-post@2x.svg
[34m[sass][39m scss/feedAbstract.scss
[34m[ln][39m chrome/skin/default/zotero/item-type/16/light/blog-post.svg
[34m[ln][39m chrome/skin/default/zotero/item-type/16/light/bill@2x.svg
[34m[ln][39m chrome/skin/default/zotero/item-type/16/light/bill.svg
[34m[ln][39m chrome/skin/default/zotero/item-type/16/light/audio-recording@2x.svg
[34m[ln][39m chrome/skin/default/zotero/item-type/16/light/audio-recording.svg
[34m[ln][39m chrome/skin/default/zotero/item-type/16/light/attachment-web-link@2x.svg
[34m[cp][39m test/tests/data/search/foobar.html
[34m[ln][39m chrome/skin/default/zotero/item-type/16/light/attachment-web-link.svg
[34m[ln][39m chrome/skin/default/zotero/item-type/16/light/attachment-video@2x.svg
[34m[ln][39m chrome/skin/default/zotero/item-type/16/light/attachment-video.svg
[34m[ln][39m chrome/skin/default/zotero/item-type/16/light/attachment-video-link@2x.svg
[34m[sass][39m scss/errorReport.scss
[34m[ln][39m chrome/skin/default/zotero/item-type/16/light/attachment-video-link.svg
[34m[ln][39m chrome/skin/default/zotero/item-type/16/light/attachment-snapshot@2x.svg
[34m[ln][39m chrome/skin/default/zotero/item-type/16/light/attachment-snapshot.svg
[34m[ln][39m chrome/skin/default/zotero/item-type/16/light/attachment-pdf@2x.svg
[34m[ln][39m chrome/skin/default/zotero/item-type/16/light/attachment-pdf.svg
[34m[ln][39m chrome/skin/default/zotero/item-type/16/light/attachment-pdf-link@2x.svg
[34m[ln][39m chrome/skin/default/zotero/item-type/16/light/attachment-pdf-link.svg
[34m[ln][39m chrome/skin/default/zotero/item-type/16/light/attachment-link@2x.svg
[34m[ln][39m chrome/skin/default/zotero/item-type/16/light/attachment-link.svg
[34m[cp][39m test/tests/data/search/foo.html
[34m[ln][39m chrome/skin/default/zotero/item-type/16/light/attachment-image@2x.svg
[34m[ln][39m chrome/skin/default/zotero/item-type/16/light/attachment-image.svg
[34m[sass][39m scss/bibliography.scss
[34m[ln][39m chrome/skin/default/zotero/item-type/16/light/attachment-image-link@2x.svg
[34m[ln][39m chrome/skin/default/zotero/item-type/16/light/attachment-image-link.svg
[34m[ln][39m chrome/skin/default/zotero/item-type/16/light/attachment-epub@2x.svg
[34m[ln][39m chrome/skin/default/zotero/item-type/16/light/attachment-epub.svg
[34m[ln][39m chrome/skin/default/zotero/item-type/16/light/attachment-epub-link@2x.svg
[34m[ln][39m chrome/skin/default/zotero/item-type/16/light/attachment-epub-link.svg
[34m[ln][39m chrome/skin/default/zotero/item-type/16/light/artwork@2x.svg
[34m[ln][39m chrome/skin/default/zotero/item-type/16/light/artwork.svg
[34m[ln][39m chrome/skin/default/zotero/item-type/16/dark/webpage@2x.svg
[34m[ln][39m chrome/skin/default/zotero/item-type/16/dark/webpage.svg
[34m[sass][39m scss/about.scss
[34m[ln][39m chrome/skin/default/zotero/item-type/16/dark/video-recording@2x.svg
[34m[ln][39m chrome/skin/default/zotero/item-type/16/dark/video-recording.svg
[34m[cp][39m test/tests/data/search/baz.pdf
[34m[ln][39m chrome/skin/default/zotero/item-type/16/dark/tv-broadcast@2x.svg
[34m[ln][39m chrome/skin/default/zotero/item-type/16/dark/tv-broadcast.svg
[34m[ln][39m chrome/skin/default/zotero/item-type/16/dark/thesis@2x.svg
[34m[ln][39m chrome/skin/default/zotero/item-type/16/dark/thesis.svg
[34m[ln][39m chrome/skin/default/zotero/item-type/16/dark/statute@2x.svg
[34m[ln][39m chrome/skin/default/zotero/item-type/16/dark/statute.svg
[34m[ln][39m chrome/skin/default/zotero/item-type/16/dark/standard@2x.svg
[34m[ln][39m chrome/skin/default/zotero/item-type/16/dark/standard.svg
[34m[ln][39m chrome/skin/default/zotero/item-type/16/dark/report@2x.svg
[34m[ln][39m chrome/skin/default/zotero/item-type/16/dark/report.svg
[34m[ln][39m chrome/skin/default/zotero/item-type/16/dark/radio-broadcast@2x.svg
[34m[ln][39m chrome/skin/default/zotero/item-type/16/dark/radio-broadcast.svg
[34m[ln][39m chrome/skin/default/zotero/item-type/16/dark/presentation@2x.svg
[34m[ln][39m chrome/skin/default/zotero/item-type/16/dark/presentation.svg
[34m[ln][39m chrome/skin/default/zotero/item-type/16/dark/preprint@2x.svg
[34m[ln][39m chrome/skin/default/zotero/item-type/16/dark/preprint.svg
[34m[cp][39m test/tests/data/search
[34m[ln][39m chrome/skin/default/zotero/item-type/16/dark/podcast@2x.svg
[34m[ln][39m chrome/skin/default/zotero/item-type/16/dark/podcast.svg
[34m[ln][39m chrome/skin/default/zotero/item-type/16/dark/patent@2x.svg
[34m[ln][39m chrome/skin/default/zotero/item-type/16/dark/patent.svg
[34m[ln][39m chrome/skin/default/zotero/item-type/16/dark/note@2x.svg
[34m[ln][39m chrome/skin/default/zotero/item-type/16/dark/note.svg
[34m[ln][39m chrome/skin/default/zotero/item-type/16/dark/newspaper-article@2x.svg
[34m[ln][39m chrome/skin/default/zotero/item-type/16/dark/newspaper-article.svg
[34m[ln][39m chrome/skin/default/zotero/item-type/16/dark/map@2x.svg
[34m[ln][39m chrome/skin/default/zotero/item-type/16/dark/map.svg
[34m[ln][39m chrome/skin/default/zotero/item-type/16/dark/manuscript@2x.svg
[34m[ln][39m chrome/skin/default/zotero/item-type/16/dark/manuscript.svg
[34m[ln][39m chrome/skin/default/zotero/item-type/16/dark/magazine-article@2x.svg
[34m[ln][39m chrome/skin/default/zotero/item-type/16/dark/magazine-article.svg
[34m[ln][39m chrome/skin/default/zotero/item-type/16/dark/letter@2x.svg
[34m[ln][39m chrome/skin/default/zotero/item-type/16/dark/letter.svg
[34m[cp][39m test/tests/data/recognizePDF_test_title.pdf
[34m[ln][39m chrome/skin/default/zotero/item-type/16/dark/journal-article@2x.svg
[34m[ln][39m chrome/skin/default/zotero/item-type/16/dark/journal-article.svg
[34m[ln][39m chrome/skin/default/zotero/item-type/16/dark/interview@2x.svg
[34m[ln][39m chrome/skin/default/zotero/item-type/16/dark/interview.svg
[34m[ln][39m chrome/skin/default/zotero/item-type/16/dark/instant-message@2x.svg
[34m[ln][39m chrome/skin/default/zotero/item-type/16/dark/instant-message.svg
[34m[ln][39m chrome/skin/default/zotero/item-type/16/dark/hearing@2x.svg
[34m[ln][39m chrome/skin/default/zotero/item-type/16/dark/hearing.svg
[34m[ln][39m chrome/skin/default/zotero/item-type/16/dark/forum-post@2x.svg
[34m[ln][39m chrome/skin/default/zotero/item-type/16/dark/forum-post.svg
[34m[ln][39m chrome/skin/default/zotero/item-type/16/dark/film@2x.svg
[34m[ln][39m chrome/skin/default/zotero/item-type/16/dark/film.svg
[34m[ln][39m chrome/skin/default/zotero/item-type/16/dark/encyclopedia-article@2x.svg
[34m[ln][39m chrome/skin/default/zotero/item-type/16/dark/encyclopedia-article.svg
[34m[ln][39m chrome/skin/default/zotero/item-type/16/dark/email@2x.svg
[34m[cp][39m test/tests/data/recognizePDF_test_DOI.pdf
[34m[ln][39m chrome/skin/default/zotero/item-type/16/dark/email.svg
[34m[ln][39m chrome/skin/default/zotero/item-type/16/dark/document@2x.svg
[34m[ln][39m chrome/skin/default/zotero/item-type/16/dark/document.svg
[34m[ln][39m chrome/skin/default/zotero/item-type/16/dark/dictionary-entry@2x.svg
[34m[ln][39m chrome/skin/default/zotero/item-type/16/dark/dictionary-entry.svg
[34m[ln][39m chrome/skin/default/zotero/item-type/16/dark/dataset@2x.svg
[34m[ln][39m chrome/skin/default/zotero/item-type/16/dark/dataset.svg
[34m[ln][39m chrome/skin/default/zotero/item-type/16/dark/conference-paper@2x.svg
[34m[ln][39m chrome/skin/default/zotero/item-type/16/dark/conference-paper.svg
[34m[ln][39m chrome/skin/default/zotero/item-type/16/dark/computer-program@2x.svg
[34m[ln][39m chrome/skin/default/zotero/item-type/16/dark/computer-program.svg
[34m[ln][39m chrome/skin/default/zotero/item-type/16/dark/case@2x.svg
[34m[ln][39m chrome/skin/default/zotero/item-type/16/dark/case.svg
[34m[ln][39m chrome/skin/default/zotero/item-type/16/dark/book@2x.svg
[34m[ln][39m chrome/skin/default/zotero/item-type/16/dark/book.svg
[34m[cp][39m test/tests/data/recognizePDF_test_arXiv.pdf
[34m[ln][39m chrome/skin/default/zotero/item-type/16/dark/book-section@2x.svg
[34m[ln][39m chrome/skin/default/zotero/item-type/16/dark/book-section.svg
[34m[ln][39m chrome/skin/default/zotero/item-type/16/dark/blog-post@2x.svg
[34m[ln][39m chrome/skin/default/zotero/item-type/16/dark/blog-post.svg
[34m[ln][39m chrome/skin/default/zotero/item-type/16/dark/bill@2x.svg
[34m[ln][39m chrome/skin/default/zotero/item-type/16/dark/bill.svg
[34m[ln][39m chrome/skin/default/zotero/item-type/16/dark/audio-recording@2x.svg
[34m[ln][39m chrome/skin/default/zotero/item-type/16/dark/audio-recording.svg
[34m[ln][39m chrome/skin/default/zotero/item-type/16/dark/attachment-web-link@2x.svg
[34m[ln][39m chrome/skin/default/zotero/item-type/16/dark/attachment-web-link.svg
[34m[ln][39m chrome/skin/default/zotero/item-type/16/dark/attachment-video@2x.svg
[34m[ln][39m chrome/skin/default/zotero/item-type/16/dark/attachment-video.svg
[34m[ln][39m chrome/skin/default/zotero/item-type/16/dark/attachment-video-link@2x.svg
[34m[cp][39m test/tests/data/recognizeEPUB_test_ISBN.epub
[34m[ln][39m chrome/skin/default/zotero/item-type/16/dark/attachment-video-link.svg
[34m[ln][39m chrome/skin/default/zotero/item-type/16/dark/attachment-snapshot@2x.svg
[34m[ln][39m chrome/skin/default/zotero/item-type/16/dark/attachment-snapshot.svg
[34m[ln][39m chrome/skin/default/zotero/item-type/16/dark/attachment-pdf@2x.svg
[34m[ln][39m chrome/skin/default/zotero/item-type/16/dark/attachment-pdf.svg
[34m[ln][39m chrome/skin/default/zotero/item-type/16/dark/attachment-pdf-link@2x.svg
[34m[ln][39m chrome/skin/default/zotero/item-type/16/dark/attachment-pdf-link.svg
[34m[ln][39m chrome/skin/default/zotero/item-type/16/dark/attachment-link@2x.svg
[34m[ln][39m chrome/skin/default/zotero/item-type/16/dark/attachment-link.svg
[34m[ln][39m chrome/skin/default/zotero/item-type/16/dark/attachment-image@2x.svg
[34m[ln][39m chrome/skin/default/zotero/item-type/16/dark/attachment-image.svg
[34m[ln][39m chrome/skin/default/zotero/item-type/16/dark/attachment-image-link@2x.svg
[34m[ln][39m chrome/skin/default/zotero/item-type/16/dark/attachment-image-link.svg
[34m[cp][39m test/tests/data/recognizeEPUB_test_DOI.epub
[34m[ln][39m chrome/skin/default/zotero/item-type/16/dark/attachment-epub@2x.svg
[34m[ln][39m chrome/skin/default/zotero/item-type/16/dark/attachment-epub.svg
[34m[ln][39m chrome/skin/default/zotero/item-type/16/dark/attachment-epub-link@2x.svg
[34m[ln][39m chrome/skin/default/zotero/item-type/16/dark/attachment-epub-link.svg
[34m[ln][39m chrome/skin/default/zotero/item-type/16/dark/artwork@2x.svg
[34m[ln][39m chrome/skin/default/zotero/item-type/16/dark/artwork.svg
[34m[ln][39m chrome/skin/default/zotero/item-type/12/white/attachment-web-link.svg
[34m[ln][39m chrome/skin/default/zotero/item-type/12/white/attachment-video.svg
[34m[ln][39m chrome/skin/default/zotero/item-type/12/white/attachment-snapshot.svg
[34m[ln][39m chrome/skin/default/zotero/item-type/12/white/attachment-pdf.svg
[34m[ln][39m chrome/skin/default/zotero/item-type/12/white/attachment-pdf-link.svg
[34m[ln][39m chrome/skin/default/zotero/item-type/12/white/attachment-link.svg
[34m[ln][39m chrome/skin/default/zotero/item-type/12/white/attachment-image.svg
[34m[cp][39m test/tests/data/recognizeEPUB_test_DC.epub
[34m[ln][39m chrome/skin/default/zotero/item-type/12/white/attachment-file.svg
[34m[ln][39m chrome/skin/default/zotero/item-type/12/white/attachment-epub.svg
[34m[ln][39m chrome/skin/default/zotero/item-type/12/white/attachment-epub-link.svg
[34m[ln][39m chrome/skin/default/zotero/item-type/12/light/attachment-web-link.svg
[34m[ln][39m chrome/skin/default/zotero/item-type/12/light/attachment-video.svg
[34m[ln][39m chrome/skin/default/zotero/item-type/12/light/attachment-snapshot.svg
[34m[ln][39m chrome/skin/default/zotero/item-type/12/light/attachment-pdf.svg
[34m[ln][39m chrome/skin/default/zotero/item-type/12/light/attachment-pdf-link.svg
[34m[ln][39m chrome/skin/default/zotero/item-type/12/light/attachment-link.svg
[34m[ln][39m chrome/skin/default/zotero/item-type/12/light/attachment-image.svg
[34m[ln][39m chrome/skin/default/zotero/item-type/12/light/attachment-file.svg
[34m[ln][39m chrome/skin/default/zotero/item-type/12/light/attachment-epub.svg
[34m[ln][39m chrome/skin/default/zotero/item-type/12/light/attachment-epub-link.svg
[34m[cp][39m test/tests/data/recognizeEPUB_test_copyright_page.epub
[34m[ln][39m chrome/skin/default/zotero/item-type/12/dark/attachment-web-link.svg
[34m[ln][39m chrome/skin/default/zotero/item-type/12/dark/attachment-video.svg
[34m[ln][39m chrome/skin/default/zotero/item-type/12/dark/attachment-snapshot.svg
[34m[ln][39m chrome/skin/default/zotero/item-type/12/dark/attachment-pdf.svg
[34m[ln][39m chrome/skin/default/zotero/item-type/12/dark/attachment-pdf-link.svg
[34m[ln][39m chrome/skin/default/zotero/item-type/12/dark/attachment-link.svg
[34m[ln][39m chrome/skin/default/zotero/item-type/12/dark/attachment-image.svg
[34m[ln][39m chrome/skin/default/zotero/item-type/12/dark/attachment-file.svg
[34m[ln][39m chrome/skin/default/zotero/item-type/12/dark/attachment-epub.svg
[34m[ln][39m chrome/skin/default/zotero/item-type/12/dark/attachment-epub-link.svg
[34m[ln][39m chrome/skin/default/zotero/integration.css
[34m[ln][39m chrome/skin/default/zotero/hardConfirmationDialog.css
[34m[ln][39m chrome/skin/default/zotero/firefox/columnpicker@2x.gif
[34m[cp][39m test/tests/data/recognizeEPUB_test_content.epub
[34m[ln][39m chrome/skin/default/zotero/error@2x.png
[34m[ln][39m chrome/skin/default/zotero/error.png
[34m[ln][39m chrome/skin/default/zotero/collection-tree/16/white/unfiled.svg
[34m[ln][39m chrome/skin/default/zotero/collection-tree/16/white/trash.svg
[34m[ln][39m chrome/skin/default/zotero/collection-tree/16/white/trash-full.svg
[34m[ln][39m chrome/skin/default/zotero/collection-tree/16/white/search.svg
[34m[ln][39m chrome/skin/default/zotero/collection-tree/16/white/retracted.svg
[34m[ln][39m chrome/skin/default/zotero/collection-tree/16/white/publications.svg
[34m[ln][39m chrome/skin/default/zotero/collection-tree/16/white/library.svg
[34m[ln][39m chrome/skin/default/zotero/collection-tree/16/white/library-group.svg
[34m[ln][39m chrome/skin/default/zotero/collection-tree/16/white/groups.svg
[34m[ln][39m chrome/skin/default/zotero/collection-tree/16/white/feed.svg
[34m[ln][39m chrome/skin/default/zotero/collection-tree/16/white/feed-updating.svg
[34m[ln][39m chrome/skin/default/zotero/collection-tree/16/white/feed-library.svg
[34m[cp][39m test/tests/data/mods.xml
[34m[ln][39m chrome/skin/default/zotero/collection-tree/16/white/feed-error.svg
[34m[ln][39m chrome/skin/default/zotero/collection-tree/16/white/duplicates.svg
[34m[ln][39m chrome/skin/default/zotero/collection-tree/16/white/collection.svg
[34m[ln][39m chrome/skin/default/zotero/collection-tree/16/light/unfiled.svg
[34m[ln][39m chrome/skin/default/zotero/collection-tree/16/light/trash.svg
[34m[ln][39m chrome/skin/default/zotero/collection-tree/16/light/trash-full.svg
[34m[ln][39m chrome/skin/default/zotero/collection-tree/16/light/search.svg
[34m[ln][39m chrome/skin/default/zotero/collection-tree/16/light/retracted.svg
[34m[ln][39m chrome/skin/default/zotero/collection-tree/16/light/publications.svg
[34m[ln][39m chrome/skin/default/zotero/collection-tree/16/light/library.svg
[34m[ln][39m chrome/skin/default/zotero/collection-tree/16/light/library-group.svg
[34m[ln][39m chrome/skin/default/zotero/collection-tree/16/light/groups.svg
[34m[ln][39m chrome/skin/default/zotero/collection-tree/16/light/feed.svg
[34m[cp][39m test/tests/data/moby_dick/metadata.opf
[34m[ln][39m chrome/skin/default/zotero/collection-tree/16/light/feed-updating.svg
[34m[ln][39m chrome/skin/default/zotero/collection-tree/16/light/feed-library.svg
[34m[ln][39m chrome/skin/default/zotero/collection-tree/16/light/feed-error.svg
[34m[ln][39m chrome/skin/default/zotero/collection-tree/16/light/duplicates.svg
[34m[ln][39m chrome/skin/default/zotero/collection-tree/16/light/collection.svg
[34m[ln][39m chrome/skin/default/zotero/collection-tree/16/dark/unfiled.svg
[34m[ln][39m chrome/skin/default/zotero/collection-tree/16/dark/trash.svg
[34m[ln][39m chrome/skin/default/zotero/collection-tree/16/dark/trash-full.svg
[34m[ln][39m chrome/skin/default/zotero/collection-tree/16/dark/search.svg
[34m[ln][39m chrome/skin/default/zotero/collection-tree/16/dark/retracted.svg
[34m[ln][39m chrome/skin/default/zotero/collection-tree/16/dark/publications.svg
[34m[ln][39m chrome/skin/default/zotero/collection-tree/16/dark/library.svg
[34m[ln][39m chrome/skin/default/zotero/collection-tree/16/dark/library-group.svg
[34m[ln][39m chrome/skin/default/zotero/collection-tree/16/dark/groups.svg
[34m[ln][39m chrome/skin/default/zotero/collection-tree/16/dark/feed.svg
[34m[ln][39m chrome/skin/default/zotero/collection-tree/16/dark/feed-updating.svg
[34m[ln][39m chrome/skin/default/zotero/collection-tree/16/dark/feed-library.svg
[34m[cp][39m test/tests/data/moby_dick/calibre_bookmarks.txt
[34m[ln][39m chrome/skin/default/zotero/collection-tree/16/dark/feed-error.svg
[34m[ln][39m chrome/skin/default/zotero/collection-tree/16/dark/duplicates.svg
[34m[ln][39m chrome/skin/default/zotero/collection-tree/16/dark/collection.svg
[34m[ln][39m chrome/skin/default/zotero/citation-up.png
[34m[ln][39m chrome/skin/default/zotero/citation-up-gray.png
[34m[ln][39m chrome/skin/default/zotero/citation-down.png
[34m[ln][39m chrome/skin/default/zotero/citation-down-gray.png
[34m[ln][39m chrome/skin/default/zotero/citation-delete.png
[34m[ln][39m chrome/skin/default/zotero/citation-delete-gray.png
[34m[ln][39m chrome/skin/default/zotero/citation-add.png
[34m[ln][39m chrome/skin/default/zotero/citation-add-gray.png
[34m[ln][39m chrome/skin/default/zotero/chevron-right_808080_32.png
[34m[ln][39m chrome/skin/default/zotero/chevron-left_808080_32.png
[34m[ln][39m chrome/skin/default/zotero/bindings/tagselector.css
[34m[cp][39m test/tests/data/moby_dick/book.sdr/metadata.epub.lua
[34m[ln][39m chrome/skin/default/zotero/arrow-dn@2x.png
[34m[ln][39m chrome/skin/default/zotero/annotation.html
[34m[ln][39m chrome/skin/default/zotero/annotation.css
[34m[ln][39m chrome/skin/default/zotero/annotation-move.png
[34m[ln][39m chrome/skin/default/zotero/annotation-hide.png
[34m[ln][39m chrome/skin/default/zotero/annotation-hidden.gif
[34m[ln][39m chrome/skin/default/zotero/annotation-grippy.png
[34m[ln][39m chrome/skin/default/zotero/annotation-close.png
[34m[ln][39m chrome/skin/default/zotero/8/universal/pin.svg
[34m[ln][39m chrome/skin/default/zotero/8/universal/pin-remove.svg
[34m[ln][39m chrome/skin/default/zotero/8/universal/chevron-8.svg
[34m[ln][39m chrome/skin/default/zotero/8/universal/chevron-6.svg
[34m[ln][39m chrome/skin/default/zotero/20/universal/x.svg
[34m[ln][39m chrome/skin/default/zotero/20/universal/wrench-screwdriver.svg
[34m[ln][39m chrome/skin/default/zotero/20/universal/sync.svg
[34m[ln][39m chrome/skin/default/zotero/20/universal/success.svg
[34m[ln][39m chrome/skin/default/zotero/20/universal/stop-sync.svg
[34m[ln][39m chrome/skin/default/zotero/20/universal/sidebar.svg
[34m[cp][39m test/tests/data/moby_dick/book.sdr
[34m[ln][39m chrome/skin/default/zotero/20/universal/sidebar-bottom.svg
[34m[ln][39m chrome/skin/default/zotero/20/universal/save.svg
[34m[ln][39m chrome/skin/default/zotero/20/universal/save-to-zotero.svg
[34m[ln][39m chrome/skin/default/zotero/20/universal/run-do.svg
[34m[ln][39m chrome/skin/default/zotero/20/universal/run-detect.svg
[34m[ln][39m chrome/skin/default/zotero/20/universal/plus.svg
[34m[ln][39m chrome/skin/default/zotero/20/universal/pdf-search-spinner.svg
[34m[ln][39m chrome/skin/default/zotero/20/universal/note.svg
[34m[ln][39m chrome/skin/default/zotero/20/universal/magnifier.svg
[34m[ln][39m chrome/skin/default/zotero/20/universal/magic-wand.svg
[34m[ln][39m chrome/skin/default/zotero/20/universal/go-to.svg
[34m[ln][39m chrome/skin/default/zotero/20/universal/folder-open.svg
[34m[ln][39m chrome/skin/default/zotero/20/universal/export.svg
[34m[ln][39m chrome/skin/default/zotero/20/universal/error.svg
[34m[ln][39m chrome/skin/default/zotero/20/universal/cog.svg
[34m[ln][39m chrome/skin/default/zotero/20/universal/cite.svg
[34m[ln][39m chrome/skin/default/zotero/20/universal/chevron.svg
[34m[ln][39m chrome/skin/default/zotero/20/universal/chevron-tabs.svg
[34m[ln][39m chrome/skin/default/zotero/20/universal/arrow-right.svg
[34m[ln][39m chrome/skin/default/zotero/20/universal/arrow-left.svg
[34m[ln][39m chrome/skin/default/zotero/20/universal/add-item.svg
[34m[ln][39m chrome/skin/default/zotero/20/universal/add-file.svg
[34m[ln][39m chrome/skin/default/zotero/20/universal/add-collection.svg
[34m[ln][39m chrome/skin/default/zotero/16/universal/x-8.svg
[34m[ln][39m chrome/skin/default/zotero/16/universal/view.svg
[34m[ln][39m chrome/skin/default/zotero/16/universal/up.svg
[34m[browserify][39m node_modules/react-select/dist/react-select.cjs.prod.js
[34m[ln][39m chrome/skin/default/zotero/16/universal/unlink.svg
[34m[ln][39m chrome/skin/default/zotero/16/universal/unfiled.svg
[34m[ln][39m chrome/skin/default/zotero/16/universal/trash.svg
[34m[ln][39m chrome/skin/default/zotero/16/universal/trash-empty.svg
[34m[cp][39m test/tests/data/moby_dick/book.epub
[34m[ln][39m chrome/skin/default/zotero/16/universal/tick.svg
[34m[ln][39m chrome/skin/default/zotero/16/universal/tag.svg
[34m[ln][39m chrome/skin/default/zotero/16/universal/sync.svg
[34m[ln][39m chrome/skin/default/zotero/16/universal/show-item.svg
[34m[ln][39m chrome/skin/default/zotero/16/universal/saved-search.svg
[34m[ln][39m chrome/skin/default/zotero/16/universal/retrieve-metadata.svg
[34m[ln][39m chrome/skin/default/zotero/16/universal/retracted.svg
[34m[ln][39m chrome/skin/default/zotero/16/universal/restore.svg
[34m[ln][39m chrome/skin/default/zotero/16/universal/reset.svg
[34m[ln][39m chrome/skin/default/zotero/16/universal/report.svg
[34m[ln][39m chrome/skin/default/zotero/16/universal/rename.svg
[34m[ln][39m chrome/skin/default/zotero/16/universal/reindex.svg
[34m[ln][39m chrome/skin/default/zotero/16/universal/refresh.svg
[34m[ln][39m chrome/skin/default/zotero/16/universal/preview-show.svg
[34m[ln][39m chrome/skin/default/zotero/16/universal/preview-hide.svg
[34m[ln][39m chrome/skin/default/zotero/16/universal/plus.svg
[34m[ln][39m chrome/skin/default/zotero/16/universal/plus-circle.svg
[34m[ln][39m chrome/skin/default/zotero/16/universal/pin.svg
[34m[ln][39m chrome/skin/default/zotero/16/universal/pin-remove.svg
[34m[ln][39m chrome/skin/default/zotero/16/universal/page.svg
[34m[ln][39m chrome/skin/default/zotero/16/universal/options.svg
[34m[ln][39m chrome/skin/default/zotero/16/universal/open-link.svg
[34m[ln][39m chrome/skin/default/zotero/16/universal/note.svg
[34m[ln][39m chrome/skin/default/zotero/16/universal/new-window.svg
[34m[ln][39m chrome/skin/default/zotero/16/universal/new-tab.svg
[34m[ln][39m chrome/skin/default/zotero/16/universal/new-collection.svg
[34m[ln][39m chrome/skin/default/zotero/16/universal/minus.svg
[34m[ln][39m chrome/skin/default/zotero/16/universal/minus-circle.svg
[34m[ln][39m chrome/skin/default/zotero/16/universal/merge.svg
[34m[ln][39m chrome/skin/default/zotero/16/universal/magnifier.svg
[34m[cp][39m test/tests/data/moby_dick
[34m[ln][39m chrome/skin/default/zotero/16/universal/location.svg
[34m[ln][39m chrome/skin/default/zotero/16/universal/list-number.svg
[34m[ln][39m chrome/skin/default/zotero/16/universal/link.svg
[34m[ln][39m chrome/skin/default/zotero/16/universal/library.svg
[34m[ln][39m chrome/skin/default/zotero/16/universal/library-lookup.svg
[34m[ln][39m chrome/skin/default/zotero/16/universal/library-collection.svg
[34m[ln][39m chrome/skin/default/zotero/16/universal/institution.svg
[34m[ln][39m chrome/skin/default/zotero/16/universal/input-single.svg
[34m[ln][39m chrome/skin/default/zotero/16/universal/input-dual.svg
[34m[ln][39m chrome/skin/default/zotero/16/universal/info.svg
[34m[ln][39m chrome/skin/default/zotero/16/universal/hide.svg
[34m[ln][39m chrome/skin/default/zotero/16/universal/group.svg
[34m[ln][39m chrome/skin/default/zotero/16/universal/grip.svg
[34m[ln][39m chrome/skin/default/zotero/16/universal/google-scholar.svg
[34m[ln][39m chrome/skin/default/zotero/16/universal/globe.svg
[34m[cp][39m test/tests/data/metadata/journalArticle-single.html
[34m[ln][39m chrome/skin/default/zotero/16/universal/folder.svg
[34m[ln][39m chrome/skin/default/zotero/16/universal/folder-open.svg
[34m[ln][39m chrome/skin/default/zotero/16/universal/filter.svg
[34m[ln][39m chrome/skin/default/zotero/16/universal/feed.svg
[34m[ln][39m chrome/skin/default/zotero/16/universal/feed-updating.svg
[34m[ln][39m chrome/skin/default/zotero/16/universal/feed-unsubscribe.svg
[34m[ln][39m chrome/skin/default/zotero/16/universal/feed-library.svg
[34m[ln][39m chrome/skin/default/zotero/16/universal/feed-error.svg
[34m[ln][39m chrome/skin/default/zotero/16/universal/export.svg
[34m[ln][39m chrome/skin/default/zotero/16/universal/expand-all.svg
[34m[ln][39m chrome/skin/default/zotero/16/universal/empty-trash.svg
[34m[ln][39m chrome/skin/default/zotero/16/universal/edit.svg
[34m[ln][39m chrome/skin/default/zotero/16/universal/duplicate.svg
[34m[ln][39m chrome/skin/default/zotero/16/universal/duplicate-item.svg
[34m[ln][39m chrome/skin/default/zotero/16/universal/down.svg
[34m[ln][39m chrome/skin/default/zotero/16/universal/document-accept.svg
[34m[ln][39m chrome/skin/default/zotero/16/universal/dialog-search-list.svg
[34m[ln][39m chrome/skin/default/zotero/16/universal/dialog-search-library.svg
[34m[ln][39m chrome/skin/default/zotero/16/universal/dialog-options.svg
[34m[cp][39m test/tests/data/metadata
[34m[ln][39m chrome/skin/default/zotero/16/universal/delete-collection.svg
[34m[ln][39m chrome/skin/default/zotero/16/universal/crossref.svg
[34m[ln][39m chrome/skin/default/zotero/16/universal/cross.svg
[34m[ln][39m chrome/skin/default/zotero/16/universal/color.svg
[34m[ln][39m chrome/skin/default/zotero/16/universal/collapse-others.svg
[34m[ln][39m chrome/skin/default/zotero/16/universal/cite.svg
[34m[ln][39m chrome/skin/default/zotero/16/universal/citation-dialog-settings.svg
[34m[ln][39m chrome/skin/default/zotero/16/universal/citation-dialog-list.svg
[34m[ln][39m chrome/skin/default/zotero/16/universal/citation-dialog-library.svg
[34m[ln][39m chrome/skin/default/zotero/16/universal/circle-8.svg
[34m[ln][39m chrome/skin/default/zotero/16/universal/chevron-12.svg
[34m[ln][39m chrome/skin/default/zotero/16/universal/chevron-12-double.svg
[34m[ln][39m chrome/skin/default/zotero/16/universal/book.svg
[34m[ln][39m chrome/skin/default/zotero/16/universal/attachment.svg
[34m[ln][39m chrome/skin/default/zotero/16/universal/attachment-info.svg
[34m[cp][39m test/tests/data/mendeleyMock/user.json
[34m[ln][39m chrome/skin/default/zotero/16/universal/annotation.svg
[34m[ln][39m chrome/skin/default/zotero/16/universal/annotation-12.svg
[34m[ln][39m chrome/skin/default/zotero/16/universal/annotate-underline.svg
[34m[ln][39m chrome/skin/default/zotero/16/universal/annotate-text.svg
[34m[ln][39m chrome/skin/default/zotero/16/universal/annotate-note.svg
[34m[ln][39m chrome/skin/default/zotero/16/universal/annotate-ink.svg
[34m[ln][39m chrome/skin/default/zotero/16/universal/annotate-highlight.svg
[34m[ln][39m chrome/skin/default/zotero/16/universal/annotate-eraser.svg
[34m[ln][39m chrome/skin/default/zotero/16/universal/annotate-area.svg
[34m[ln][39m chrome/skin/default/zotero/16/universal/abstract.svg
[34m[ln][39m chrome/skin/default/zotero/16/light/note-annotation.svg
[34m[ln][39m chrome/skin/default/zotero/16/light/loading.svg
[34m[ln][39m chrome/skin/default/zotero/16/dark/note-annotation.svg
[34m[cp][39m test/tests/data/mendeleyMock/notebooks.json
[34m[ln][39m chrome/skin/default/zotero/16/dark/loading.svg
[34m[ln][39m chrome/locale/zh-TW/zotero/zotero.properties
[34m[ln][39m chrome/locale/zh-TW/zotero/zotero.ftl
[34m[ln][39m chrome/locale/zh-TW/zotero/zotero.dtd
[34m[ln][39m chrome/locale/zh-TW/zotero/timeline.properties
[34m[ln][39m chrome/locale/zh-TW/zotero/standalone.dtd
[34m[ln][39m chrome/locale/zh-TW/zotero/searchbox.dtd
[34m[ln][39m chrome/locale/zh-TW/zotero/scaffold.ftl
[34m[ln][39m chrome/locale/zh-TW/zotero/reader.ftl
[34m[ln][39m chrome/locale/zh-TW/zotero/publications.dtd
[34m[ln][39m chrome/locale/zh-TW/zotero/preferences.ftl
[34m[ln][39m chrome/locale/zh-TW/zotero/preferences.dtd
[34m[ln][39m chrome/locale/zh-TW/zotero/mozilla/wizard.ftl
[34m[cp][39m test/tests/data/mendeleyMock/notebook.json
[34m[ln][39m chrome/locale/zh-TW/zotero/mozilla/updates.properties
[34m[ln][39m chrome/locale/zh-TW/zotero/mozilla/updates.dtd
[34m[ln][39m chrome/locale/zh-TW/zotero/mozilla/toolbox.ftl
[34m[ln][39m chrome/locale/zh-TW/zotero/mozilla/textActions.ftl
[34m[ln][39m chrome/locale/zh-TW/zotero/mozilla/menubar.ftl
[34m[ln][39m chrome/locale/zh-TW/zotero/mozilla/intl.properties
[34m[ln][39m chrome/locale/zh-TW/zotero/mozilla/editMenuOverlay.dtd
[34m[ln][39m chrome/locale/zh-TW/zotero/mozilla/browserSets.ftl
[34m[ln][39m chrome/locale/zh-TW/zotero/mozilla/arrowscrollbox.ftl
[34m[ln][39m chrome/locale/zh-TW/zotero/cslpreview.dtd
[34m[ln][39m chrome/locale/zh-TW/zotero/csledit.dtd
[34m[ln][39m chrome/locale/zh-TW/zotero/connector.json
[34m[ln][39m chrome/locale/zh-TW/zotero/about.dtd
[34m[ln][39m chrome/locale/zh-CN/zotero/zotero.properties
[34m[cp][39m test/tests/data/mendeleyMock/items-updated.json
[34m[ln][39m chrome/locale/zh-CN/zotero/zotero.ftl
[34m[ln][39m chrome/locale/zh-CN/zotero/zotero.dtd
[34m[ln][39m chrome/locale/zh-CN/zotero/timeline.properties
[34m[ln][39m chrome/locale/zh-CN/zotero/standalone.dtd
[34m[ln][39m chrome/locale/zh-CN/zotero/searchbox.dtd
[34m[ln][39m chrome/locale/zh-CN/zotero/scaffold.ftl
[34m[ln][39m chrome/locale/zh-CN/zotero/reader.ftl
[34m[ln][39m chrome/locale/zh-CN/zotero/publications.dtd
[34m[ln][39m chrome/locale/zh-CN/zotero/preferences.ftl
[34m[ln][39m chrome/locale/zh-CN/zotero/preferences.dtd
[34m[ln][39m chrome/locale/zh-CN/zotero/mozilla/wizard.ftl
[34m[ln][39m chrome/locale/zh-CN/zotero/mozilla/updates.properties
[34m[ln][39m chrome/locale/zh-CN/zotero/mozilla/updates.dtd
[34m[cp][39m test/tests/data/mendeleyMock/items-simple.json
[34m[ln][39m chrome/locale/zh-CN/zotero/mozilla/toolbox.ftl
[34m[ln][39m chrome/locale/zh-CN/zotero/mozilla/textActions.ftl
[34m[ln][39m chrome/locale/zh-CN/zotero/mozilla/menubar.ftl
[34m[ln][39m chrome/locale/zh-CN/zotero/mozilla/intl.properties
[34m[ln][39m chrome/locale/zh-CN/zotero/mozilla/editMenuOverlay.dtd
[34m[ln][39m chrome/locale/zh-CN/zotero/mozilla/browserSets.ftl
[34m[ln][39m chrome/locale/zh-CN/zotero/mozilla/arrowscrollbox.ftl
[34m[ln][39m chrome/locale/zh-CN/zotero/cslpreview.dtd
[34m[ln][39m chrome/locale/zh-CN/zotero/csledit.dtd
[34m[ln][39m chrome/locale/zh-CN/zotero/connector.json
[34m[ln][39m chrome/locale/zh-CN/zotero/about.dtd
[34m[ln][39m chrome/locale/vi-VN/zotero/zotero.properties
[34m[ln][39m chrome/locale/vi-VN/zotero/zotero.ftl
[34m[ln][39m chrome/locale/vi-VN/zotero/zotero.dtd
[34m[cp][39m test/tests/data/mendeleyMock/items-simple-no-desktop-id.json
[34m[ln][39m chrome/locale/vi-VN/zotero/timeline.properties
[34m[ln][39m chrome/locale/vi-VN/zotero/standalone.dtd
[34m[ln][39m chrome/locale/vi-VN/zotero/searchbox.dtd
[34m[ln][39m chrome/locale/vi-VN/zotero/scaffold.ftl
[34m[ln][39m chrome/locale/vi-VN/zotero/reader.ftl
[34m[ln][39m chrome/locale/vi-VN/zotero/publications.dtd
[34m[ln][39m chrome/locale/vi-VN/zotero/preferences.ftl
[34m[ln][39m chrome/locale/vi-VN/zotero/preferences.dtd
[34m[ln][39m chrome/locale/vi-VN/zotero/mozilla/wizard.ftl
[34m[ln][39m chrome/locale/vi-VN/zotero/mozilla/updates.properties
[34m[ln][39m chrome/locale/vi-VN/zotero/mozilla/updates.dtd
[34m[ln][39m chrome/locale/vi-VN/zotero/mozilla/toolbox.ftl
[34m[ln][39m chrome/locale/vi-VN/zotero/mozilla/textActions.ftl
[34m[ln][39m chrome/locale/vi-VN/zotero/mozilla/menubar.ftl
[34m[ln][39m chrome/locale/vi-VN/zotero/mozilla/intl.properties
[34m[ln][39m chrome/locale/vi-VN/zotero/mozilla/editMenuOverlay.dtd
[34m[cp][39m test/tests/data/mendeleyMock/items-bad-data.json
[34m[ln][39m chrome/locale/vi-VN/zotero/mozilla/browserSets.ftl
[34m[ln][39m chrome/locale/vi-VN/zotero/mozilla/arrowscrollbox.ftl
[34m[ln][39m chrome/locale/vi-VN/zotero/cslpreview.dtd
[34m[ln][39m chrome/locale/vi-VN/zotero/csledit.dtd
[34m[ln][39m chrome/locale/vi-VN/zotero/connector.json
[34m[ln][39m chrome/locale/vi-VN/zotero/about.dtd
[34m[ln][39m chrome/locale/uk-UA/zotero/zotero.properties
[34m[ln][39m chrome/locale/uk-UA/zotero/zotero.ftl
[34m[ln][39m chrome/locale/uk-UA/zotero/zotero.dtd
[34m[ln][39m chrome/locale/uk-UA/zotero/timeline.properties
[34m[ln][39m chrome/locale/uk-UA/zotero/standalone.dtd
[34m[ln][39m chrome/locale/uk-UA/zotero/searchbox.dtd
[34m[ln][39m chrome/locale/uk-UA/zotero/scaffold.ftl
[34m[ln][39m chrome/locale/uk-UA/zotero/reader.ftl
[34m[ln][39m chrome/locale/uk-UA/zotero/publications.dtd
[34m[cp][39m test/tests/data/mendeleyMock/groups.json
[34m[ln][39m chrome/locale/uk-UA/zotero/preferences.ftl
[34m[ln][39m chrome/locale/uk-UA/zotero/preferences.dtd
[34m[ln][39m chrome/locale/uk-UA/zotero/mozilla/wizard.ftl
[34m[ln][39m chrome/locale/uk-UA/zotero/mozilla/updates.properties
[34m[ln][39m chrome/locale/uk-UA/zotero/mozilla/updates.dtd
[34m[ln][39m chrome/locale/uk-UA/zotero/mozilla/toolbox.ftl
[34m[ln][39m chrome/locale/uk-UA/zotero/mozilla/textActions.ftl
[34m[ln][39m chrome/locale/uk-UA/zotero/mozilla/menubar.ftl
[34m[ln][39m chrome/locale/uk-UA/zotero/mozilla/intl.properties
[34m[ln][39m chrome/locale/uk-UA/zotero/mozilla/editMenuOverlay.dtd
[34m[ln][39m chrome/locale/uk-UA/zotero/mozilla/browserSets.ftl
[34m[ln][39m chrome/locale/uk-UA/zotero/mozilla/arrowscrollbox.ftl
[34m[ln][39m chrome/locale/uk-UA/zotero/cslpreview.dtd
[34m[ln][39m chrome/locale/uk-UA/zotero/csledit.dtd
[34m[ln][39m chrome/locale/uk-UA/zotero/connector.json
[34m[ln][39m chrome/locale/uk-UA/zotero/about.dtd
[34m[ln][39m chrome/locale/tr-TR/zotero/zotero.properties
[34m[ln][39m chrome/locale/tr-TR/zotero/zotero.ftl
[34m[ln][39m chrome/locale/tr-TR/zotero/zotero.dtd
[34m[cp][39m test/tests/data/mendeleyMock/group-annotations.json
[34m[ln][39m chrome/locale/tr-TR/zotero/timeline.properties
[34m[ln][39m chrome/locale/tr-TR/zotero/standalone.dtd
[34m[ln][39m chrome/locale/tr-TR/zotero/searchbox.dtd
[34m[ln][39m chrome/locale/tr-TR/zotero/scaffold.ftl
[34m[ln][39m chrome/locale/tr-TR/zotero/reader.ftl
[34m[ln][39m chrome/locale/tr-TR/zotero/publications.dtd
[34m[ln][39m chrome/locale/tr-TR/zotero/preferences.ftl
[34m[ln][39m chrome/locale/tr-TR/zotero/preferences.dtd
[34m[ln][39m chrome/locale/tr-TR/zotero/mozilla/wizard.ftl
[34m[ln][39m chrome/locale/tr-TR/zotero/mozilla/updates.properties
[34m[ln][39m chrome/locale/tr-TR/zotero/mozilla/updates.dtd
[34m[ln][39m chrome/locale/tr-TR/zotero/mozilla/toolbox.ftl
[34m[ln][39m chrome/locale/tr-TR/zotero/mozilla/textActions.ftl
[34m[ln][39m chrome/locale/tr-TR/zotero/mozilla/menubar.ftl
[34m[cp][39m test/tests/data/mendeleyMock/folders-simple.json
[34m[ln][39m chrome/locale/tr-TR/zotero/mozilla/intl.properties
[34m[ln][39m chrome/locale/tr-TR/zotero/mozilla/editMenuOverlay.dtd
[34m[ln][39m chrome/locale/tr-TR/zotero/mozilla/browserSets.ftl
[34m[ln][39m chrome/locale/tr-TR/zotero/mozilla/arrowscrollbox.ftl
[34m[ln][39m chrome/locale/tr-TR/zotero/cslpreview.dtd
[34m[ln][39m chrome/locale/tr-TR/zotero/csledit.dtd
[34m[ln][39m chrome/locale/tr-TR/zotero/connector.json
[34m[ln][39m chrome/locale/tr-TR/zotero/about.dtd
[34m[ln][39m chrome/locale/th-TH/zotero/zotero.properties
[34m[ln][39m chrome/locale/th-TH/zotero/zotero.ftl
[34m[ln][39m chrome/locale/th-TH/zotero/zotero.dtd
[34m[ln][39m chrome/locale/th-TH/zotero/timeline.properties
[34m[ln][39m chrome/locale/th-TH/zotero/standalone.dtd
[34m[ln][39m chrome/locale/th-TH/zotero/searchbox.dtd
[34m[ln][39m chrome/locale/th-TH/zotero/scaffold.ftl
[34m[ln][39m chrome/locale/th-TH/zotero/reader.ftl
[34m[cp][39m test/tests/data/mendeleyMock/annotations.json
[34m[ln][39m chrome/locale/th-TH/zotero/publications.dtd
[34m[ln][39m chrome/locale/th-TH/zotero/preferences.ftl
[34m[ln][39m chrome/locale/th-TH/zotero/preferences.dtd
[34m[ln][39m chrome/locale/th-TH/zotero/mozilla/wizard.ftl
[34m[ln][39m chrome/locale/th-TH/zotero/mozilla/updates.properties
[34m[ln][39m chrome/locale/th-TH/zotero/mozilla/updates.dtd
[34m[ln][39m chrome/locale/th-TH/zotero/mozilla/toolbox.ftl
[34m[ln][39m chrome/locale/th-TH/zotero/mozilla/textActions.ftl
[34m[ln][39m chrome/locale/th-TH/zotero/mozilla/menubar.ftl
[34m[ln][39m chrome/locale/th-TH/zotero/mozilla/intl.properties
[34m[ln][39m chrome/locale/th-TH/zotero/mozilla/editMenuOverlay.dtd
[34m[ln][39m chrome/locale/th-TH/zotero/mozilla/browserSets.ftl
[34m[ln][39m chrome/locale/th-TH/zotero/mozilla/arrowscrollbox.ftl
[34m[ln][39m chrome/locale/th-TH/zotero/cslpreview.dtd
[34m[ln][39m chrome/locale/th-TH/zotero/csledit.dtd
[34m[ln][39m chrome/locale/th-TH/zotero/about.dtd
[34m[ln][39m chrome/locale/ta/zotero/zotero.properties
[34m[ln][39m chrome/locale/ta/zotero/zotero.ftl
[34m[ln][39m chrome/locale/ta/zotero/zotero.dtd
[34m[ln][39m chrome/locale/ta/zotero/timeline.properties
[34m[ln][39m chrome/locale/ta/zotero/standalone.dtd
[34m[cp][39m test/tests/data/mendeleyMock
[34m[ln][39m chrome/locale/ta/zotero/searchbox.dtd
[34m[ln][39m chrome/locale/ta/zotero/scaffold.ftl
[34m[ln][39m chrome/locale/ta/zotero/reader.ftl
[34m[ln][39m chrome/locale/ta/zotero/publications.dtd
[34m[ln][39m chrome/locale/ta/zotero/preferences.ftl
[34m[ln][39m chrome/locale/ta/zotero/preferences.dtd
[34m[ln][39m chrome/locale/ta/zotero/mozilla/wizard.ftl
[34m[ln][39m chrome/locale/ta/zotero/mozilla/updates.properties
[34m[ln][39m chrome/locale/ta/zotero/mozilla/updates.dtd
[34m[ln][39m chrome/locale/ta/zotero/mozilla/toolbox.ftl
[34m[ln][39m chrome/locale/ta/zotero/mozilla/textActions.ftl
[34m[ln][39m chrome/locale/ta/zotero/mozilla/menubar.ftl
[34m[ln][39m chrome/locale/ta/zotero/mozilla/intl.properties
[34m[ln][39m chrome/locale/ta/zotero/mozilla/editMenuOverlay.dtd
[34m[ln][39m chrome/locale/ta/zotero/mozilla/browserSets.ftl
[34m[ln][39m chrome/locale/ta/zotero/mozilla/arrowscrollbox.ftl
[34m[ln][39m chrome/locale/ta/zotero/cslpreview.dtd
[34m[cp][39m test/tests/data/journalArticle.js
[34m[ln][39m chrome/locale/ta/zotero/csledit.dtd
[34m[ln][39m chrome/locale/ta/zotero/connector.json
[34m[ln][39m chrome/locale/ta/zotero/about.dtd
[34m[ln][39m chrome/locale/sv-SE/zotero/zotero.properties
[34m[ln][39m chrome/locale/sv-SE/zotero/zotero.ftl
[34m[ln][39m chrome/locale/sv-SE/zotero/zotero.dtd
[34m[ln][39m chrome/locale/sv-SE/zotero/timeline.properties
[34m[ln][39m chrome/locale/sv-SE/zotero/standalone.dtd
[34m[ln][39m chrome/locale/sv-SE/zotero/searchbox.dtd
[34m[ln][39m chrome/locale/sv-SE/zotero/scaffold.ftl
[34m[ln][39m chrome/locale/sv-SE/zotero/reader.ftl
[34m[ln][39m chrome/locale/sv-SE/zotero/publications.dtd
[34m[ln][39m chrome/locale/sv-SE/zotero/preferences.ftl
[34m[cp][39m test/tests/data/itemJSON.js
[34m[ln][39m chrome/locale/sv-SE/zotero/preferences.dtd
[34m[ln][39m chrome/locale/sv-SE/zotero/mozilla/wizard.ftl
[34m[ln][39m chrome/locale/sv-SE/zotero/mozilla/updates.properties
[34m[ln][39m chrome/locale/sv-SE/zotero/mozilla/updates.dtd
[34m[ln][39m chrome/locale/sv-SE/zotero/mozilla/toolbox.ftl
[34m[ln][39m chrome/locale/sv-SE/zotero/mozilla/textActions.ftl
[34m[ln][39m chrome/locale/sv-SE/zotero/mozilla/menubar.ftl
[34m[ln][39m chrome/locale/sv-SE/zotero/mozilla/intl.properties
[34m[ln][39m chrome/locale/sv-SE/zotero/mozilla/editMenuOverlay.dtd
[34m[ln][39m chrome/locale/sv-SE/zotero/mozilla/browserSets.ftl
[34m[ln][39m chrome/locale/sv-SE/zotero/mozilla/arrowscrollbox.ftl
[34m[ln][39m chrome/locale/sv-SE/zotero/cslpreview.dtd
[34m[ln][39m chrome/locale/sv-SE/zotero/csledit.dtd
[34m[ln][39m chrome/locale/sv-SE/zotero/connector.json
[34m[ln][39m chrome/locale/sv-SE/zotero/about.dtd
[34m[cp][39m test/tests/data/feedWindows1252.rss
[34m[ln][39m chrome/locale/sr-RS/zotero/zotero.properties
[34m[ln][39m chrome/locale/sr-RS/zotero/zotero.ftl
[34m[ln][39m chrome/locale/sr-RS/zotero/zotero.dtd
[34m[ln][39m chrome/locale/sr-RS/zotero/timeline.properties
[34m[ln][39m chrome/locale/sr-RS/zotero/standalone.dtd
[34m[ln][39m chrome/locale/sr-RS/zotero/searchbox.dtd
[34m[ln][39m chrome/locale/sr-RS/zotero/scaffold.ftl
[34m[ln][39m chrome/locale/sr-RS/zotero/reader.ftl
[34m[ln][39m chrome/locale/sr-RS/zotero/publications.dtd
[34m[ln][39m chrome/locale/sr-RS/zotero/preferences.ftl
[34m[ln][39m chrome/locale/sr-RS/zotero/preferences.dtd
[34m[ln][39m chrome/locale/sr-RS/zotero/mozilla/wizard.ftl
[34m[ln][39m chrome/locale/sr-RS/zotero/mozilla/updates.properties
[34m[ln][39m chrome/locale/sr-RS/zotero/mozilla/updates.dtd
[34m[ln][39m chrome/locale/sr-RS/zotero/mozilla/toolbox.ftl
[34m[ln][39m chrome/locale/sr-RS/zotero/mozilla/textActions.ftl
[34m[cp][39m test/tests/data/feeds.opml
[34m[ln][39m chrome/locale/sr-RS/zotero/mozilla/menubar.ftl
[34m[ln][39m chrome/locale/sr-RS/zotero/mozilla/intl.properties
[34m[ln][39m chrome/locale/sr-RS/zotero/mozilla/editMenuOverlay.dtd
[34m[ln][39m chrome/locale/sr-RS/zotero/mozilla/browserSets.ftl
[34m[ln][39m chrome/locale/sr-RS/zotero/mozilla/arrowscrollbox.ftl
[34m[ln][39m chrome/locale/sr-RS/zotero/cslpreview.dtd
[34m[ln][39m chrome/locale/sr-RS/zotero/csledit.dtd
[34m[ln][39m chrome/locale/sr-RS/zotero/connector.json
[34m[ln][39m chrome/locale/sr-RS/zotero/about.dtd
[34m[ln][39m chrome/locale/sl-SI/zotero/zotero.properties
[34m[ln][39m chrome/locale/sl-SI/zotero/zotero.ftl
[34m[ln][39m chrome/locale/sl-SI/zotero/zotero.dtd
[34m[ln][39m chrome/locale/sl-SI/zotero/timeline.properties
[34m[ln][39m chrome/locale/sl-SI/zotero/standalone.dtd
[34m[ln][39m chrome/locale/sl-SI/zotero/searchbox.dtd
[34m[ln][39m chrome/locale/sl-SI/zotero/scaffold.ftl
[34m[ln][39m chrome/locale/sl-SI/zotero/reader.ftl
[34m[cp][39m test/tests/data/feedRichText.rss
[34m[ln][39m chrome/locale/sl-SI/zotero/publications.dtd
[34m[ln][39m chrome/locale/sl-SI/zotero/preferences.ftl
[34m[ln][39m chrome/locale/sl-SI/zotero/preferences.dtd
[34m[ln][39m chrome/locale/sl-SI/zotero/mozilla/wizard.ftl
[34m[ln][39m chrome/locale/sl-SI/zotero/mozilla/updates.properties
[34m[ln][39m chrome/locale/sl-SI/zotero/mozilla/updates.dtd
[34m[ln][39m chrome/locale/sl-SI/zotero/mozilla/toolbox.ftl
[34m[ln][39m chrome/locale/sl-SI/zotero/mozilla/textActions.ftl
[34m[ln][39m chrome/locale/sl-SI/zotero/mozilla/menubar.ftl
[34m[ln][39m chrome/locale/sl-SI/zotero/mozilla/intl.properties
[34m[ln][39m chrome/locale/sl-SI/zotero/mozilla/editMenuOverlay.dtd
[34m[ln][39m chrome/locale/sl-SI/zotero/mozilla/browserSets.ftl
[34m[ln][39m chrome/locale/sl-SI/zotero/mozilla/arrowscrollbox.ftl
[34m[ln][39m chrome/locale/sl-SI/zotero/cslpreview.dtd
[34m[ln][39m chrome/locale/sl-SI/zotero/csledit.dtd
[34m[ln][39m chrome/locale/sl-SI/zotero/connector.json
[34m[ln][39m chrome/locale/sl-SI/zotero/about.dtd
[34m[cp][39m test/tests/data/feedModified.rss
[34m[ln][39m chrome/locale/sk-SK/zotero/zotero.properties
[34m[ln][39m chrome/locale/sk-SK/zotero/zotero.ftl
[34m[ln][39m chrome/locale/sk-SK/zotero/zotero.dtd
[34m[ln][39m chrome/locale/sk-SK/zotero/timeline.properties
[34m[ln][39m chrome/locale/sk-SK/zotero/standalone.dtd
[34m[ln][39m chrome/locale/sk-SK/zotero/searchbox.dtd
[34m[ln][39m chrome/locale/sk-SK/zotero/scaffold.ftl
[34m[ln][39m chrome/locale/sk-SK/zotero/reader.ftl
[34m[ln][39m chrome/locale/sk-SK/zotero/publications.dtd
[34m[ln][39m chrome/locale/sk-SK/zotero/preferences.ftl
[34m[ln][39m chrome/locale/sk-SK/zotero/preferences.dtd
[34m[ln][39m chrome/locale/sk-SK/zotero/mozilla/wizard.ftl
[34m[cp][39m test/tests/data/feedMedia.xml
[34m[ln][39m chrome/locale/sk-SK/zotero/mozilla/updates.properties
[34m[ln][39m chrome/locale/sk-SK/zotero/mozilla/updates.dtd
[34m[ln][39m chrome/locale/sk-SK/zotero/mozilla/toolbox.ftl
[34m[ln][39m chrome/locale/sk-SK/zotero/mozilla/textActions.ftl
[34m[ln][39m chrome/locale/sk-SK/zotero/mozilla/menubar.ftl
[34m[ln][39m chrome/locale/sk-SK/zotero/mozilla/intl.properties
[34m[ln][39m chrome/locale/sk-SK/zotero/mozilla/editMenuOverlay.dtd
[34m[ln][39m chrome/locale/sk-SK/zotero/mozilla/browserSets.ftl
[34m[ln][39m chrome/locale/sk-SK/zotero/mozilla/arrowscrollbox.ftl
[34m[ln][39m chrome/locale/sk-SK/zotero/cslpreview.dtd
[34m[ln][39m chrome/locale/sk-SK/zotero/csledit.dtd
[34m[ln][39m chrome/locale/sk-SK/zotero/connector.json
[34m[ln][39m chrome/locale/sk-SK/zotero/about.dtd
[34m[ln][39m chrome/locale/ru-RU/zotero/zotero.properties
[34m[cp][39m test/tests/data/feedDetailed.rss
[34m[ln][39m chrome/locale/ru-RU/zotero/zotero.ftl
[34m[ln][39m chrome/locale/ru-RU/zotero/zotero.dtd
[34m[ln][39m chrome/locale/ru-RU/zotero/timeline.properties
[34m[ln][39m chrome/locale/ru-RU/zotero/standalone.dtd
[34m[ln][39m chrome/locale/ru-RU/zotero/searchbox.dtd
[34m[ln][39m chrome/locale/ru-RU/zotero/scaffold.ftl
[34m[ln][39m chrome/locale/ru-RU/zotero/reader.ftl
[34m[ln][39m chrome/locale/ru-RU/zotero/publications.dtd
[34m[ln][39m chrome/locale/ru-RU/zotero/preferences.ftl
[34m[ln][39m chrome/locale/ru-RU/zotero/preferences.dtd
[34m[ln][39m chrome/locale/ru-RU/zotero/mozilla/wizard.ftl
[34m[ln][39m chrome/locale/ru-RU/zotero/mozilla/updates.properties
[34m[ln][39m chrome/locale/ru-RU/zotero/mozilla/updates.dtd
[34m[ln][39m chrome/locale/ru-RU/zotero/mozilla/toolbox.ftl
[34m[ln][39m chrome/locale/ru-RU/zotero/mozilla/textActions.ftl
[34m[ln][39m chrome/locale/ru-RU/zotero/mozilla/menubar.ftl
[34m[cp][39m test/tests/data/feedCDATA.rss
[34m[ln][39m chrome/locale/ru-RU/zotero/mozilla/intl.properties
[34m[ln][39m chrome/locale/ru-RU/zotero/mozilla/editMenuOverlay.dtd
[34m[ln][39m chrome/locale/ru-RU/zotero/mozilla/browserSets.ftl
[34m[ln][39m chrome/locale/ru-RU/zotero/mozilla/arrowscrollbox.ftl
[34m[ln][39m chrome/locale/ru-RU/zotero/cslpreview.dtd
[34m[ln][39m chrome/locale/ru-RU/zotero/csledit.dtd
[34m[ln][39m chrome/locale/ru-RU/zotero/connector.json
[34m[ln][39m chrome/locale/ru-RU/zotero/about.dtd
[34m[ln][39m chrome/locale/ro-RO/zotero/zotero.properties
[34m[ln][39m chrome/locale/ro-RO/zotero/zotero.ftl
[34m[ln][39m chrome/locale/ro-RO/zotero/zotero.dtd
[34m[ln][39m chrome/locale/ro-RO/zotero/timeline.properties
[34m[ln][39m chrome/locale/ro-RO/zotero/standalone.dtd
[34m[ln][39m chrome/locale/ro-RO/zotero/searchbox.dtd
[34m[ln][39m chrome/locale/ro-RO/zotero/scaffold.ftl
[34m[cp][39m test/tests/data/feedArticleMetadata.rss
[34m[ln][39m chrome/locale/ro-RO/zotero/reader.ftl
[34m[ln][39m chrome/locale/ro-RO/zotero/publications.dtd
[34m[ln][39m chrome/locale/ro-RO/zotero/preferences.ftl
[34m[ln][39m chrome/locale/ro-RO/zotero/preferences.dtd
[34m[ln][39m chrome/locale/ro-RO/zotero/mozilla/wizard.ftl
[34m[ln][39m chrome/locale/ro-RO/zotero/mozilla/updates.properties
[34m[ln][39m chrome/locale/ro-RO/zotero/mozilla/updates.dtd
[34m[ln][39m chrome/locale/ro-RO/zotero/mozilla/toolbox.ftl
[34m[ln][39m chrome/locale/ro-RO/zotero/mozilla/textActions.ftl
[34m[ln][39m chrome/locale/ro-RO/zotero/mozilla/menubar.ftl
[34m[ln][39m chrome/locale/ro-RO/zotero/mozilla/intl.properties
[34m[ln][39m chrome/locale/ro-RO/zotero/mozilla/editMenuOverlay.dtd
[34m[ln][39m chrome/locale/ro-RO/zotero/mozilla/browserSets.ftl
[34m[ln][39m chrome/locale/ro-RO/zotero/mozilla/arrowscrollbox.ftl
[34m[ln][39m chrome/locale/ro-RO/zotero/cslpreview.dtd
[34m[ln][39m chrome/locale/ro-RO/zotero/csledit.dtd
[34m[ln][39m chrome/locale/ro-RO/zotero/connector.json
[34m[cp][39m test/tests/data/feed.rss
[34m[ln][39m chrome/locale/ro-RO/zotero/about.dtd
[34m[ln][39m chrome/locale/pt-PT/zotero/zotero.properties
[34m[ln][39m chrome/locale/pt-PT/zotero/zotero.ftl
[34m[ln][39m chrome/locale/pt-PT/zotero/zotero.dtd
[34m[ln][39m chrome/locale/pt-PT/zotero/timeline.properties
[34m[ln][39m chrome/locale/pt-PT/zotero/standalone.dtd
[34m[ln][39m chrome/locale/pt-PT/zotero/searchbox.dtd
[34m[ln][39m chrome/locale/pt-PT/zotero/scaffold.ftl
[34m[ln][39m chrome/locale/pt-PT/zotero/reader.ftl
[34m[ln][39m chrome/locale/pt-PT/zotero/publications.dtd
[34m[ln][39m chrome/locale/pt-PT/zotero/preferences.ftl
[34m[ln][39m chrome/locale/pt-PT/zotero/preferences.dtd
[34m[ln][39m chrome/locale/pt-PT/zotero/mozilla/wizard.ftl
[34m[ln][39m chrome/locale/pt-PT/zotero/mozilla/updates.properties
[34m[ln][39m chrome/locale/pt-PT/zotero/mozilla/updates.dtd
[34m[ln][39m chrome/locale/pt-PT/zotero/mozilla/toolbox.ftl
[34m[ln][39m chrome/locale/pt-PT/zotero/mozilla/textActions.ftl
[34m[ln][39m chrome/locale/pt-PT/zotero/mozilla/menubar.ftl
[34m[ln][39m chrome/locale/pt-PT/zotero/mozilla/intl.properties
[34m[ln][39m chrome/locale/pt-PT/zotero/mozilla/editMenuOverlay.dtd
[34m[ln][39m chrome/locale/pt-PT/zotero/mozilla/browserSets.ftl
[34m[cp][39m test/tests/data/feed.atom
[34m[ln][39m chrome/locale/pt-PT/zotero/mozilla/arrowscrollbox.ftl
[34m[ln][39m chrome/locale/pt-PT/zotero/cslpreview.dtd
[34m[ln][39m chrome/locale/pt-PT/zotero/csledit.dtd
[34m[ln][39m chrome/locale/pt-PT/zotero/connector.json
[34m[ln][39m chrome/locale/pt-PT/zotero/about.dtd
[34m[ln][39m chrome/locale/pt-BR/zotero/zotero.properties
[34m[ln][39m chrome/locale/pt-BR/zotero/zotero.ftl
[34m[ln][39m chrome/locale/pt-BR/zotero/zotero.dtd
[34m[ln][39m chrome/locale/pt-BR/zotero/timeline.properties
[34m[ln][39m chrome/locale/pt-BR/zotero/standalone.dtd
[34m[ln][39m chrome/locale/pt-BR/zotero/searchbox.dtd
[34m[ln][39m chrome/locale/pt-BR/zotero/scaffold.ftl
[34m[ln][39m chrome/locale/pt-BR/zotero/reader.ftl
[34m[ln][39m chrome/locale/pt-BR/zotero/publications.dtd
[34m[ln][39m chrome/locale/pt-BR/zotero/preferences.ftl
[34m[cp][39m test/tests/data/fake.xpi
[34m[ln][39m chrome/locale/pt-BR/zotero/preferences.dtd
[34m[ln][39m chrome/locale/pt-BR/zotero/mozilla/wizard.ftl
[34m[ln][39m chrome/locale/pt-BR/zotero/mozilla/updates.properties
[34m[ln][39m chrome/locale/pt-BR/zotero/mozilla/updates.dtd
[34m[ln][39m chrome/locale/pt-BR/zotero/mozilla/toolbox.ftl
[34m[ln][39m chrome/locale/pt-BR/zotero/mozilla/textActions.ftl
[34m[ln][39m chrome/locale/pt-BR/zotero/mozilla/menubar.ftl
[34m[ln][39m chrome/locale/pt-BR/zotero/mozilla/intl.properties
[34m[ln][39m chrome/locale/pt-BR/zotero/mozilla/editMenuOverlay.dtd
[34m[ln][39m chrome/locale/pt-BR/zotero/mozilla/browserSets.ftl
[34m[ln][39m chrome/locale/pt-BR/zotero/mozilla/arrowscrollbox.ftl
[34m[ln][39m chrome/locale/pt-BR/zotero/cslpreview.dtd
[34m[ln][39m chrome/locale/pt-BR/zotero/csledit.dtd
[34m[ln][39m chrome/locale/pt-BR/zotero/connector.json
[34m[ln][39m chrome/locale/pt-BR/zotero/about.dtd
[34m[ln][39m chrome/locale/pl-PL/zotero/zotero.properties
[34m[ln][39m chrome/locale/pl-PL/zotero/zotero.ftl
[34m[ln][39m chrome/locale/pl-PL/zotero/zotero.dtd
[34m[cp][39m test/tests/data/empty.pdf
[34m[ln][39m chrome/locale/pl-PL/zotero/timeline.properties
[34m[ln][39m chrome/locale/pl-PL/zotero/standalone.dtd
[34m[ln][39m chrome/locale/pl-PL/zotero/searchbox.dtd
[34m[ln][39m chrome/locale/pl-PL/zotero/scaffold.ftl
[34m[ln][39m chrome/locale/pl-PL/zotero/reader.ftl
[34m[ln][39m chrome/locale/pl-PL/zotero/publications.dtd
[34m[ln][39m chrome/locale/pl-PL/zotero/preferences.ftl
[34m[ln][39m chrome/locale/pl-PL/zotero/preferences.dtd
[34m[ln][39m chrome/locale/pl-PL/zotero/mozilla/wizard.ftl
[34m[ln][39m chrome/locale/pl-PL/zotero/mozilla/updates.properties
[34m[ln][39m chrome/locale/pl-PL/zotero/mozilla/updates.dtd
[34m[ln][39m chrome/locale/pl-PL/zotero/mozilla/toolbox.ftl
[34m[ln][39m chrome/locale/pl-PL/zotero/mozilla/textActions.ftl
[34m[cp][39m test/tests/data/empty
[34m[ln][39m chrome/locale/pl-PL/zotero/mozilla/menubar.ftl
[34m[ln][39m chrome/locale/pl-PL/zotero/mozilla/intl.properties
[34m[ln][39m chrome/locale/pl-PL/zotero/mozilla/editMenuOverlay.dtd
[34m[ln][39m chrome/locale/pl-PL/zotero/mozilla/browserSets.ftl
[34m[ln][39m chrome/locale/pl-PL/zotero/mozilla/arrowscrollbox.ftl
[34m[ln][39m chrome/locale/pl-PL/zotero/cslpreview.dtd
[34m[js][39m chrome/content/zotero/attachLink.js
[34m[ln][39m chrome/locale/pl-PL/zotero/csledit.dtd
[34m[ln][39m chrome/locale/pl-PL/zotero/connector.json
[34m[ln][39m chrome/locale/pl-PL/zotero/about.dtd
[34m[ln][39m chrome/locale/nn-NO/zotero/zotero.properties
[34m[ln][39m chrome/locale/nn-NO/zotero/zotero.ftl
[34m[ln][39m chrome/locale/nn-NO/zotero/zotero.dtd
[34m[ln][39m chrome/locale/nn-NO/zotero/timeline.properties
[34m[ln][39m chrome/locale/nn-NO/zotero/standalone.dtd
[34m[ln][39m chrome/locale/nn-NO/zotero/searchbox.dtd
[34m[ln][39m chrome/locale/nn-NO/zotero/scaffold.ftl
[34m[cp][39m test/tests/data/duplicatesMerge_test_new_md5.pdf
[34m[ln][39m chrome/locale/nn-NO/zotero/reader.ftl
[34m[ln][39m chrome/locale/nn-NO/zotero/publications.dtd
[34m[ln][39m chrome/locale/nn-NO/zotero/preferences.ftl
[34m[ln][39m chrome/locale/nn-NO/zotero/preferences.dtd
[34m[ln][39m chrome/locale/nn-NO/zotero/mozilla/wizard.ftl
[34m[ln][39m chrome/locale/nn-NO/zotero/mozilla/updates.properties
[34m[ln][39m chrome/locale/nn-NO/zotero/mozilla/updates.dtd
[34m[ln][39m chrome/locale/nn-NO/zotero/mozilla/toolbox.ftl
[34m[ln][39m chrome/locale/nn-NO/zotero/mozilla/textActions.ftl
[34m[ln][39m chrome/locale/nn-NO/zotero/mozilla/menubar.ftl
[34m[ln][39m chrome/locale/nn-NO/zotero/mozilla/intl.properties
[34m[ln][39m chrome/locale/nn-NO/zotero/mozilla/editMenuOverlay.dtd
[34m[ln][39m chrome/locale/nn-NO/zotero/mozilla/browserSets.ftl
[34m[ln][39m chrome/locale/nn-NO/zotero/mozilla/arrowscrollbox.ftl
[34m[ln][39m chrome/locale/nn-NO/zotero/cslpreview.dtd
[34m[ln][39m chrome/locale/nn-NO/zotero/csledit.dtd
[34m[cp][39m test/tests/data/duplicatesMerge_notAnnotated.pdf
[34m[ln][39m chrome/locale/nn-NO/zotero/connector.json
[34m[ln][39m chrome/locale/nn-NO/zotero/about.dtd
[34m[ln][39m chrome/locale/nl-NL/zotero/zotero.properties
[34m[ln][39m chrome/locale/nl-NL/zotero/zotero.ftl
[34m[ln][39m chrome/locale/nl-NL/zotero/zotero.dtd
[34m[ln][39m chrome/locale/nl-NL/zotero/timeline.properties
[34m[ln][39m chrome/locale/nl-NL/zotero/standalone.dtd
[34m[ln][39m chrome/locale/nl-NL/zotero/searchbox.dtd
[34m[ln][39m chrome/locale/nl-NL/zotero/scaffold.ftl
[34m[ln][39m chrome/locale/nl-NL/zotero/reader.ftl
[34m[ln][39m chrome/locale/nl-NL/zotero/publications.dtd
[34m[ln][39m chrome/locale/nl-NL/zotero/preferences.ftl
[34m[ln][39m chrome/locale/nl-NL/zotero/preferences.dtd
[34m[ln][39m chrome/locale/nl-NL/zotero/mozilla/wizard.ftl
[34m[ln][39m chrome/locale/nl-NL/zotero/mozilla/updates.properties
[34m[ln][39m chrome/locale/nl-NL/zotero/mozilla/updates.dtd
[34m[ln][39m chrome/locale/nl-NL/zotero/mozilla/toolbox.ftl
[34m[ln][39m chrome/locale/nl-NL/zotero/mozilla/textActions.ftl
[34m[ln][39m chrome/locale/nl-NL/zotero/mozilla/menubar.ftl
[34m[cp][39m test/tests/data/duplicatesMerge_JSTOR_2.pdf
[34m[ln][39m chrome/locale/nl-NL/zotero/mozilla/intl.properties
[34m[ln][39m chrome/locale/nl-NL/zotero/mozilla/editMenuOverlay.dtd
[34m[ln][39m chrome/locale/nl-NL/zotero/mozilla/browserSets.ftl
[34m[ln][39m chrome/locale/nl-NL/zotero/mozilla/arrowscrollbox.ftl
[34m[js][39m chrome/content/zotero/captcha.js
[34m[ln][39m chrome/locale/nl-NL/zotero/cslpreview.dtd
[34m[ln][39m chrome/locale/nl-NL/zotero/csledit.dtd
[34m[ln][39m chrome/locale/nl-NL/zotero/connector.json
[34m[ln][39m chrome/locale/nl-NL/zotero/about.dtd
[34m[ln][39m chrome/locale/nb-NO/zotero/zotero.properties
[34m[ln][39m chrome/locale/nb-NO/zotero/zotero.ftl
[34m[ln][39m chrome/locale/nb-NO/zotero/zotero.dtd
[34m[ln][39m chrome/locale/nb-NO/zotero/timeline.properties
[34m[ln][39m chrome/locale/nb-NO/zotero/standalone.dtd
[34m[ln][39m chrome/locale/nb-NO/zotero/searchbox.dtd
[34m[ln][39m chrome/locale/nb-NO/zotero/scaffold.ftl
[34m[ln][39m chrome/locale/nb-NO/zotero/reader.ftl
[34m[ln][39m chrome/locale/nb-NO/zotero/publications.dtd
[34m[cp][39m test/tests/data/duplicatesMerge_JSTOR_1.pdf
[34m[ln][39m chrome/locale/nb-NO/zotero/preferences.ftl
[34m[ln][39m chrome/locale/nb-NO/zotero/preferences.dtd
[34m[ln][39m chrome/locale/nb-NO/zotero/mozilla/wizard.ftl
[34m[ln][39m chrome/locale/nb-NO/zotero/mozilla/updates.properties
[34m[ln][39m chrome/locale/nb-NO/zotero/mozilla/updates.dtd
[34m[ln][39m chrome/locale/nb-NO/zotero/mozilla/toolbox.ftl
[34m[ln][39m chrome/locale/nb-NO/zotero/mozilla/textActions.ftl
[34m[ln][39m chrome/locale/nb-NO/zotero/mozilla/menubar.ftl
[34m[ln][39m chrome/locale/nb-NO/zotero/mozilla/intl.properties
[34m[ln][39m chrome/locale/nb-NO/zotero/mozilla/editMenuOverlay.dtd
[34m[ln][39m chrome/locale/nb-NO/zotero/mozilla/browserSets.ftl
[34m[ln][39m chrome/locale/nb-NO/zotero/mozilla/arrowscrollbox.ftl
[34m[ln][39m chrome/locale/nb-NO/zotero/cslpreview.dtd
[34m[ln][39m chrome/locale/nb-NO/zotero/csledit.dtd
[34m[ln][39m chrome/locale/nb-NO/zotero/connector.json
[34m[ln][39m chrome/locale/nb-NO/zotero/about.dtd
[34m[ln][39m chrome/locale/mn-MN/zotero/zotero.properties
[34m[ln][39m chrome/locale/mn-MN/zotero/zotero.ftl
[34m[cp][39m test/tests/data/duplicatesMerge_empty_new_md5.pdf
[34m[ln][39m chrome/locale/mn-MN/zotero/zotero.dtd
[34m[ln][39m chrome/locale/mn-MN/zotero/timeline.properties
[34m[ln][39m chrome/locale/mn-MN/zotero/standalone.dtd
[34m[ln][39m chrome/locale/mn-MN/zotero/searchbox.dtd
[34m[ln][39m chrome/locale/mn-MN/zotero/scaffold.ftl
[34m[ln][39m chrome/locale/mn-MN/zotero/reader.ftl
[34m[ln][39m chrome/locale/mn-MN/zotero/publications.dtd
[34m[ln][39m chrome/locale/mn-MN/zotero/preferences.ftl
[34m[ln][39m chrome/locale/mn-MN/zotero/preferences.dtd
[34m[js][39m chrome/content/scaffold/content.js
[34m[ln][39m chrome/locale/mn-MN/zotero/mozilla/wizard.ftl
[34m[ln][39m chrome/locale/mn-MN/zotero/mozilla/updates.properties
[34m[ln][39m chrome/locale/mn-MN/zotero/mozilla/updates.dtd
[34m[ln][39m chrome/locale/mn-MN/zotero/mozilla/toolbox.ftl
[34m[ln][39m chrome/locale/mn-MN/zotero/mozilla/textActions.ftl
[34m[cp][39m test/tests/data/duplicatesMerge_annotated_3.pdf
[34m[ln][39m chrome/locale/mn-MN/zotero/mozilla/menubar.ftl
[34m[ln][39m chrome/locale/mn-MN/zotero/mozilla/intl.properties
[34m[ln][39m chrome/locale/mn-MN/zotero/mozilla/editMenuOverlay.dtd
[34m[ln][39m chrome/locale/mn-MN/zotero/mozilla/browserSets.ftl
[34m[ln][39m chrome/locale/mn-MN/zotero/mozilla/arrowscrollbox.ftl
[34m[ln][39m chrome/locale/mn-MN/zotero/cslpreview.dtd
[34m[ln][39m chrome/locale/mn-MN/zotero/csledit.dtd
[34m[ln][39m chrome/locale/mn-MN/zotero/about.dtd
[34m[ln][39m chrome/locale/lt-LT/zotero/zotero.properties
[34m[ln][39m chrome/locale/lt-LT/zotero/zotero.ftl
[34m[ln][39m chrome/locale/lt-LT/zotero/zotero.dtd
[34m[ln][39m chrome/locale/lt-LT/zotero/timeline.properties
[34m[ln][39m chrome/locale/lt-LT/zotero/standalone.dtd
[34m[ln][39m chrome/locale/lt-LT/zotero/searchbox.dtd
[34m[ln][39m chrome/locale/lt-LT/zotero/scaffold.ftl
[34m[ln][39m chrome/locale/lt-LT/zotero/reader.ftl
[34m[cp][39m test/tests/data/duplicatesMerge_annotated_2.pdf
[34m[ln][39m chrome/locale/lt-LT/zotero/publications.dtd
[34m[ln][39m chrome/locale/lt-LT/zotero/preferences.ftl
[34m[ln][39m chrome/locale/lt-LT/zotero/preferences.dtd
[34m[ln][39m chrome/locale/lt-LT/zotero/mozilla/wizard.ftl
[34m[ln][39m chrome/locale/lt-LT/zotero/mozilla/updates.properties
[34m[ln][39m chrome/locale/lt-LT/zotero/mozilla/updates.dtd
[34m[ln][39m chrome/locale/lt-LT/zotero/mozilla/toolbox.ftl
[34m[ln][39m chrome/locale/lt-LT/zotero/mozilla/textActions.ftl
[34m[ln][39m chrome/locale/lt-LT/zotero/mozilla/menubar.ftl
[34m[ln][39m chrome/locale/lt-LT/zotero/mozilla/intl.properties
[34m[ln][39m chrome/locale/lt-LT/zotero/mozilla/editMenuOverlay.dtd
[34m[ln][39m chrome/locale/lt-LT/zotero/mozilla/browserSets.ftl
[34m[ln][39m chrome/locale/lt-LT/zotero/mozilla/arrowscrollbox.ftl
[34m[ln][39m chrome/locale/lt-LT/zotero/cslpreview.dtd
[34m[ln][39m chrome/locale/lt-LT/zotero/csledit.dtd
[34m[cp][39m test/tests/data/duplicatesMerge_annotated_1.pdf
[34m[ln][39m chrome/locale/lt-LT/zotero/connector.json
[34m[ln][39m chrome/locale/lt-LT/zotero/about.dtd
[34m[ln][39m chrome/locale/ko-KR/zotero/zotero.properties
[34m[ln][39m chrome/locale/ko-KR/zotero/zotero.ftl
[34m[ln][39m chrome/locale/ko-KR/zotero/zotero.dtd
[34m[ln][39m chrome/locale/ko-KR/zotero/timeline.properties
[34m[ln][39m chrome/locale/ko-KR/zotero/standalone.dtd
[34m[ln][39m chrome/locale/ko-KR/zotero/searchbox.dtd
[34m[ln][39m chrome/locale/ko-KR/zotero/scaffold.ftl
[34m[ln][39m chrome/locale/ko-KR/zotero/reader.ftl
[34m[ln][39m chrome/locale/ko-KR/zotero/publications.dtd
[34m[ln][39m chrome/locale/ko-KR/zotero/preferences.ftl
[34m[ln][39m chrome/locale/ko-KR/zotero/preferences.dtd
[34m[ln][39m chrome/locale/ko-KR/zotero/mozilla/wizard.ftl
[34m[ln][39m chrome/locale/ko-KR/zotero/mozilla/updates.properties
[34m[ln][39m chrome/locale/ko-KR/zotero/mozilla/updates.dtd
[34m[ln][39m chrome/locale/ko-KR/zotero/mozilla/toolbox.ftl
[34m[cp][39m test/tests/data/coins.html
[34m[ln][39m chrome/locale/ko-KR/zotero/mozilla/textActions.ftl
[34m[ln][39m chrome/locale/ko-KR/zotero/mozilla/menubar.ftl
[34m[ln][39m chrome/locale/ko-KR/zotero/mozilla/intl.properties
[34m[ln][39m chrome/locale/ko-KR/zotero/mozilla/editMenuOverlay.dtd
[34m[ln][39m chrome/locale/ko-KR/zotero/mozilla/browserSets.ftl
[34m[ln][39m chrome/locale/ko-KR/zotero/mozilla/arrowscrollbox.ftl
[34m[ln][39m chrome/locale/ko-KR/zotero/cslpreview.dtd
[34m[ln][39m chrome/locale/ko-KR/zotero/csledit.dtd
[34m[ln][39m chrome/locale/ko-KR/zotero/connector.json
[34m[ln][39m chrome/locale/ko-KR/zotero/about.dtd
[34m[ln][39m chrome/locale/km/zotero/zotero.properties
[34m[ln][39m chrome/locale/km/zotero/zotero.ftl
[34m[ln][39m chrome/locale/km/zotero/zotero.dtd
[34m[ln][39m chrome/locale/km/zotero/timeline.properties
[34m[ln][39m chrome/locale/km/zotero/standalone.dtd
[34m[ln][39m chrome/locale/km/zotero/searchbox.dtd
[34m[cp][39m test/tests/data/citavi-test-project.ctv6
[34m[ln][39m chrome/locale/km/zotero/scaffold.ftl
[34m[ln][39m chrome/locale/km/zotero/reader.ftl
[34m[ln][39m chrome/locale/km/zotero/publications.dtd
[34m[ln][39m chrome/locale/km/zotero/preferences.ftl
[34m[ln][39m chrome/locale/km/zotero/preferences.dtd
[34m[ln][39m chrome/locale/km/zotero/mozilla/wizard.ftl
[34m[ln][39m chrome/locale/km/zotero/mozilla/updates.properties
[34m[ln][39m chrome/locale/km/zotero/mozilla/updates.dtd
[34m[ln][39m chrome/locale/km/zotero/mozilla/toolbox.ftl
[34m[ln][39m chrome/locale/km/zotero/mozilla/textActions.ftl
[34m[ln][39m chrome/locale/km/zotero/mozilla/menubar.ftl
[34m[ln][39m chrome/locale/km/zotero/mozilla/intl.properties
[34m[ln][39m chrome/locale/km/zotero/mozilla/editMenuOverlay.dtd
[34m[ln][39m chrome/locale/km/zotero/mozilla/browserSets.ftl
[34m[ln][39m chrome/locale/km/zotero/mozilla/arrowscrollbox.ftl
[34m[ln][39m chrome/locale/km/zotero/cslpreview.dtd
[34m[ln][39m chrome/locale/km/zotero/csledit.dtd
[34m[ln][39m chrome/locale/km/zotero/about.dtd
[34m[ln][39m chrome/locale/ja-JP/zotero/zotero.properties
[34m[ln][39m chrome/locale/ja-JP/zotero/zotero.ftl
[34m[cp][39m test/tests/data/charsets/windows1252.txt
[34m[ln][39m chrome/locale/ja-JP/zotero/zotero.dtd
[34m[ln][39m chrome/locale/ja-JP/zotero/timeline.properties
[34m[ln][39m chrome/locale/ja-JP/zotero/standalone.dtd
[34m[ln][39m chrome/locale/ja-JP/zotero/searchbox.dtd
[34m[ln][39m chrome/locale/ja-JP/zotero/scaffold.ftl
[34m[js][39m chrome/content/zotero/charsetMenu.js
[34m[ln][39m chrome/locale/ja-JP/zotero/reader.ftl
[34m[ln][39m chrome/locale/ja-JP/zotero/publications.dtd
[34m[ln][39m chrome/locale/ja-JP/zotero/preferences.ftl
[34m[ln][39m chrome/locale/ja-JP/zotero/preferences.dtd
[34m[ln][39m chrome/locale/ja-JP/zotero/mozilla/wizard.ftl
[34m[ln][39m chrome/locale/ja-JP/zotero/mozilla/updates.properties
[34m[ln][39m chrome/locale/ja-JP/zotero/mozilla/updates.dtd
[34m[ln][39m chrome/locale/ja-JP/zotero/mozilla/toolbox.ftl
[34m[ln][39m chrome/locale/ja-JP/zotero/mozilla/textActions.ftl
[34m[ln][39m chrome/locale/ja-JP/zotero/mozilla/menubar.ftl
[34m[ln][39m chrome/locale/ja-JP/zotero/mozilla/intl.properties
[34m[cp][39m test/tests/data/charsets/utf8.txt
[34m[ln][39m chrome/locale/ja-JP/zotero/mozilla/editMenuOverlay.dtd
[34m[ln][39m chrome/locale/ja-JP/zotero/mozilla/browserSets.ftl
[34m[ln][39m chrome/locale/ja-JP/zotero/mozilla/arrowscrollbox.ftl
[34m[ln][39m chrome/locale/ja-JP/zotero/cslpreview.dtd
[34m[ln][39m chrome/locale/ja-JP/zotero/csledit.dtd
[34m[ln][39m chrome/locale/ja-JP/zotero/connector.json
[34m[ln][39m chrome/locale/ja-JP/zotero/about.dtd
[34m[ln][39m chrome/locale/it-IT/zotero/zotero.properties
[34m[ln][39m chrome/locale/it-IT/zotero/zotero.ftl
[34m[ln][39m chrome/locale/it-IT/zotero/zotero.dtd
[34m[ln][39m chrome/locale/it-IT/zotero/timeline.properties
[34m[ln][39m chrome/locale/it-IT/zotero/standalone.dtd
[34m[ln][39m chrome/locale/it-IT/zotero/searchbox.dtd
[34m[ln][39m chrome/locale/it-IT/zotero/scaffold.ftl
[34m[ln][39m chrome/locale/it-IT/zotero/reader.ftl
[34m[ln][39m chrome/locale/it-IT/zotero/publications.dtd
[34m[ln][39m chrome/locale/it-IT/zotero/preferences.ftl
[34m[ln][39m chrome/locale/it-IT/zotero/preferences.dtd
[34m[ln][39m chrome/locale/it-IT/zotero/mozilla/wizard.ftl
[34m[ln][39m chrome/locale/it-IT/zotero/mozilla/updates.properties
[34m[cp][39m test/tests/data/charsets/invalid.txt
[34m[ln][39m chrome/locale/it-IT/zotero/mozilla/updates.dtd
[34m[ln][39m chrome/locale/it-IT/zotero/mozilla/toolbox.ftl
[34m[ln][39m chrome/locale/it-IT/zotero/mozilla/textActions.ftl
[34m[ln][39m chrome/locale/it-IT/zotero/mozilla/menubar.ftl
[34m[ln][39m chrome/locale/it-IT/zotero/mozilla/intl.properties
[34m[ln][39m chrome/locale/it-IT/zotero/mozilla/editMenuOverlay.dtd
[34m[ln][39m chrome/locale/it-IT/zotero/mozilla/browserSets.ftl
[34m[ln][39m chrome/locale/it-IT/zotero/mozilla/arrowscrollbox.ftl
[34m[ln][39m chrome/locale/it-IT/zotero/cslpreview.dtd
[34m[ln][39m chrome/locale/it-IT/zotero/csledit.dtd
[34m[ln][39m chrome/locale/it-IT/zotero/connector.json
[34m[ln][39m chrome/locale/it-IT/zotero/about.dtd
[34m[ln][39m chrome/locale/is-IS/zotero/zotero.properties
[34m[ln][39m chrome/locale/is-IS/zotero/zotero.ftl
[34m[ln][39m chrome/locale/is-IS/zotero/zotero.dtd
[34m[ln][39m chrome/locale/is-IS/zotero/timeline.properties
[34m[ln][39m chrome/locale/is-IS/zotero/standalone.dtd
[34m[cp][39m test/tests/data/charsets/gbk.txt
[34m[ln][39m chrome/locale/is-IS/zotero/searchbox.dtd
[34m[ln][39m chrome/locale/is-IS/zotero/scaffold.ftl
[34m[ln][39m chrome/locale/is-IS/zotero/reader.ftl
[34m[ln][39m chrome/locale/is-IS/zotero/publications.dtd
[34m[ln][39m chrome/locale/is-IS/zotero/preferences.ftl
[34m[ln][39m chrome/locale/is-IS/zotero/preferences.dtd
[34m[ln][39m chrome/locale/is-IS/zotero/mozilla/wizard.ftl
[34m[ln][39m chrome/locale/is-IS/zotero/mozilla/updates.properties
[34m[ln][39m chrome/locale/is-IS/zotero/mozilla/updates.dtd
[34m[ln][39m chrome/locale/is-IS/zotero/mozilla/toolbox.ftl
[34m[ln][39m chrome/locale/is-IS/zotero/mozilla/textActions.ftl
[34m[ln][39m chrome/locale/is-IS/zotero/mozilla/menubar.ftl
[34m[ln][39m chrome/locale/is-IS/zotero/mozilla/intl.properties
[34m[ln][39m chrome/locale/is-IS/zotero/mozilla/editMenuOverlay.dtd
[34m[ln][39m chrome/locale/is-IS/zotero/mozilla/browserSets.ftl
[34m[ln][39m chrome/locale/is-IS/zotero/mozilla/arrowscrollbox.ftl
[34m[ln][39m chrome/locale/is-IS/zotero/cslpreview.dtd
[34m[ln][39m chrome/locale/is-IS/zotero/csledit.dtd
[34m[ln][39m chrome/locale/is-IS/zotero/about.dtd
[34m[ln][39m chrome/locale/id-ID/zotero/zotero.properties
[34m[ln][39m chrome/locale/id-ID/zotero/zotero.ftl
[34m[cp][39m test/tests/data/charsets/gbk.html
[34m[ln][39m chrome/locale/id-ID/zotero/zotero.dtd
[34m[ln][39m chrome/locale/id-ID/zotero/timeline.properties
[34m[ln][39m chrome/locale/id-ID/zotero/standalone.dtd
[34m[ln][39m chrome/locale/id-ID/zotero/searchbox.dtd
[34m[ln][39m chrome/locale/id-ID/zotero/scaffold.ftl
[34m[ln][39m chrome/locale/id-ID/zotero/reader.ftl
[34m[ln][39m chrome/locale/id-ID/zotero/publications.dtd
[34m[ln][39m chrome/locale/id-ID/zotero/preferences.ftl
[34m[ln][39m chrome/locale/id-ID/zotero/preferences.dtd
[34m[ln][39m chrome/locale/id-ID/zotero/mozilla/wizard.ftl
[34m[ln][39m chrome/locale/id-ID/zotero/mozilla/updates.properties
[34m[ln][39m chrome/locale/id-ID/zotero/mozilla/updates.dtd
[34m[ln][39m chrome/locale/id-ID/zotero/mozilla/toolbox.ftl
[34m[ln][39m chrome/locale/id-ID/zotero/mozilla/textActions.ftl
[34m[ln][39m chrome/locale/id-ID/zotero/mozilla/menubar.ftl
[34m[ln][39m chrome/locale/id-ID/zotero/mozilla/intl.properties
[34m[ln][39m chrome/locale/id-ID/zotero/mozilla/editMenuOverlay.dtd
[34m[ln][39m chrome/locale/id-ID/zotero/mozilla/browserSets.ftl
[34m[ln][39m chrome/locale/id-ID/zotero/mozilla/arrowscrollbox.ftl
[34m[ln][39m chrome/locale/id-ID/zotero/cslpreview.dtd
[34m[cp][39m test/tests/data/charsets
[34m[ln][39m chrome/locale/id-ID/zotero/csledit.dtd
[34m[ln][39m chrome/locale/id-ID/zotero/about.dtd
[34m[ln][39m chrome/locale/hu-HU/zotero/zotero.properties
[34m[ln][39m chrome/locale/hu-HU/zotero/zotero.ftl
[34m[ln][39m chrome/locale/hu-HU/zotero/zotero.dtd
[34m[ln][39m chrome/locale/hu-HU/zotero/timeline.properties
[34m[ln][39m chrome/locale/hu-HU/zotero/standalone.dtd
[34m[ln][39m chrome/locale/hu-HU/zotero/searchbox.dtd
[34m[ln][39m chrome/locale/hu-HU/zotero/scaffold.ftl
[34m[ln][39m chrome/locale/hu-HU/zotero/reader.ftl
[34m[ln][39m chrome/locale/hu-HU/zotero/publications.dtd
[34m[ln][39m chrome/locale/hu-HU/zotero/preferences.ftl
[34m[ln][39m chrome/locale/hu-HU/zotero/preferences.dtd
[34m[ln][39m chrome/locale/hu-HU/zotero/mozilla/wizard.ftl
[34m[ln][39m chrome/locale/hu-HU/zotero/mozilla/updates.properties
[34m[cp][39m test/tests/data/cell.csl
[34m[ln][39m chrome/locale/hu-HU/zotero/mozilla/updates.dtd
[34m[ln][39m chrome/locale/hu-HU/zotero/mozilla/toolbox.ftl
[34m[ln][39m chrome/locale/hu-HU/zotero/mozilla/textActions.ftl
[34m[ln][39m chrome/locale/hu-HU/zotero/mozilla/menubar.ftl
[34m[ln][39m chrome/locale/hu-HU/zotero/mozilla/intl.properties
[34m[ln][39m chrome/locale/hu-HU/zotero/mozilla/editMenuOverlay.dtd
[34m[ln][39m chrome/locale/hu-HU/zotero/mozilla/browserSets.ftl
[34m[ln][39m chrome/locale/hu-HU/zotero/mozilla/arrowscrollbox.ftl
[34m[ln][39m chrome/locale/hu-HU/zotero/cslpreview.dtd
[34m[ln][39m chrome/locale/hu-HU/zotero/csledit.dtd
[34m[ln][39m chrome/locale/hu-HU/zotero/connector.json
[34m[ln][39m chrome/locale/hu-HU/zotero/about.dtd
[34m[ln][39m chrome/locale/hr-HR/zotero/zotero.properties
[34m[ln][39m chrome/locale/hr-HR/zotero/zotero.ftl
[34m[ln][39m chrome/locale/hr-HR/zotero/zotero.dtd
[34m[ln][39m chrome/locale/hr-HR/zotero/timeline.properties
[34m[ln][39m chrome/locale/hr-HR/zotero/standalone.dtd
[34m[cp][39m test/tests/data/book_and_snapshot.rdf
[34m[ln][39m chrome/locale/hr-HR/zotero/searchbox.dtd
[34m[ln][39m chrome/locale/hr-HR/zotero/scaffold.ftl
[34m[ln][39m chrome/locale/hr-HR/zotero/reader.ftl
[34m[ln][39m chrome/locale/hr-HR/zotero/publications.dtd
[34m[ln][39m chrome/locale/hr-HR/zotero/preferences.ftl
[34m[ln][39m chrome/locale/hr-HR/zotero/preferences.dtd
[34m[ln][39m chrome/locale/hr-HR/zotero/mozilla/wizard.ftl
[34m[ln][39m chrome/locale/hr-HR/zotero/mozilla/updates.properties
[34m[ln][39m chrome/locale/hr-HR/zotero/mozilla/updates.dtd
[34m[ln][39m chrome/locale/hr-HR/zotero/mozilla/toolbox.ftl
[34m[ln][39m chrome/locale/hr-HR/zotero/mozilla/textActions.ftl
[34m[ln][39m chrome/locale/hr-HR/zotero/mozilla/menubar.ftl
[34m[ln][39m chrome/locale/hr-HR/zotero/mozilla/intl.properties
[34m[ln][39m chrome/locale/hr-HR/zotero/mozilla/editMenuOverlay.dtd
[34m[ln][39m chrome/locale/hr-HR/zotero/mozilla/browserSets.ftl
[34m[ln][39m chrome/locale/hr-HR/zotero/mozilla/arrowscrollbox.ftl
[34m[ln][39m chrome/locale/hr-HR/zotero/cslpreview.dtd
[34m[ln][39m chrome/locale/hr-HR/zotero/csledit.dtd
[34m[cp][39m test/tests/data/book_and_child_note.ris
[34m[ln][39m chrome/locale/hr-HR/zotero/about.dtd
[34m[ln][39m chrome/locale/he-IL/zotero/zotero.properties
[34m[ln][39m chrome/locale/he-IL/zotero/zotero.ftl
[34m[ln][39m chrome/locale/he-IL/zotero/zotero.dtd
[34m[ln][39m chrome/locale/he-IL/zotero/timeline.properties
[34m[ln][39m chrome/locale/he-IL/zotero/standalone.dtd
[34m[ln][39m chrome/locale/he-IL/zotero/searchbox.dtd
[34m[ln][39m chrome/locale/he-IL/zotero/scaffold.ftl
[34m[ln][39m chrome/locale/he-IL/zotero/reader.ftl
[34m[ln][39m chrome/locale/he-IL/zotero/publications.dtd
[34m[ln][39m chrome/locale/he-IL/zotero/preferences.ftl
[34m[ln][39m chrome/locale/he-IL/zotero/preferences.dtd
[34m[ln][39m chrome/locale/he-IL/zotero/mozilla/wizard.ftl
[34m[ln][39m chrome/locale/he-IL/zotero/mozilla/updates.properties
[34m[ln][39m chrome/locale/he-IL/zotero/mozilla/updates.dtd
[34m[ln][39m chrome/locale/he-IL/zotero/mozilla/toolbox.ftl
[34m[ln][39m chrome/locale/he-IL/zotero/mozilla/textActions.ftl
[34m[ln][39m chrome/locale/he-IL/zotero/mozilla/menubar.ftl
[34m[cp][39m test/tests/data/apa.csl
[34m[ln][39m chrome/locale/he-IL/zotero/mozilla/intl.properties
[34m[ln][39m chrome/locale/he-IL/zotero/mozilla/editMenuOverlay.dtd
[34m[ln][39m chrome/locale/he-IL/zotero/mozilla/browserSets.ftl
[34m[ln][39m chrome/locale/he-IL/zotero/mozilla/arrowscrollbox.ftl
[34m[ln][39m chrome/locale/he-IL/zotero/cslpreview.dtd
[34m[ln][39m chrome/locale/he-IL/zotero/csledit.dtd
[34m[ln][39m chrome/locale/he-IL/zotero/connector.json
[34m[ln][39m chrome/locale/he-IL/zotero/about.dtd
[34m[ln][39m chrome/locale/gl-ES/zotero/zotero.properties
[34m[ln][39m chrome/locale/gl-ES/zotero/zotero.ftl
[34m[ln][39m chrome/locale/gl-ES/zotero/zotero.dtd
[34m[ln][39m chrome/locale/gl-ES/zotero/timeline.properties
[34m[ln][39m chrome/locale/gl-ES/zotero/standalone.dtd
[34m[ln][39m chrome/locale/gl-ES/zotero/searchbox.dtd
[34m[ln][39m chrome/locale/gl-ES/zotero/scaffold.ftl
[34m[ln][39m chrome/locale/gl-ES/zotero/reader.ftl
[34m[ln][39m chrome/locale/gl-ES/zotero/publications.dtd
[34m[cp][39m test/tests/data/allTypesAndFields.js
[34m[ln][39m chrome/locale/gl-ES/zotero/preferences.ftl
[34m[ln][39m chrome/locale/gl-ES/zotero/preferences.dtd
[34m[ln][39m chrome/locale/gl-ES/zotero/mozilla/wizard.ftl
[34m[ln][39m chrome/locale/gl-ES/zotero/mozilla/updates.properties
[34m[ln][39m chrome/locale/gl-ES/zotero/mozilla/updates.dtd
[34m[ln][39m chrome/locale/gl-ES/zotero/mozilla/toolbox.ftl
[34m[ln][39m chrome/locale/gl-ES/zotero/mozilla/textActions.ftl
[34m[ln][39m chrome/locale/gl-ES/zotero/mozilla/menubar.ftl
[34m[ln][39m chrome/locale/gl-ES/zotero/mozilla/intl.properties
[34m[ln][39m chrome/locale/gl-ES/zotero/mozilla/editMenuOverlay.dtd
[34m[ln][39m chrome/locale/gl-ES/zotero/mozilla/browserSets.ftl
[34m[ln][39m chrome/locale/gl-ES/zotero/mozilla/arrowscrollbox.ftl
[34m[js][39m chrome/content/zotero/actors/translation/translate_item.js
[34m[ln][39m chrome/locale/gl-ES/zotero/cslpreview.dtd
[34m[ln][39m chrome/locale/gl-ES/zotero/csledit.dtd
[34m[ln][39m chrome/locale/gl-ES/zotero/connector.json
[34m[ln][39m chrome/locale/gl-ES/zotero/about.dtd
[34m[js][39m chrome/content/scaffold/select.js
[34m[ln][39m chrome/locale/fr-FR/zotero/zotero.properties
[34m[ln][39m chrome/locale/fr-FR/zotero/zotero.ftl
[34m[ln][39m chrome/locale/fr-FR/zotero/zotero.dtd
[34m[ln][39m chrome/locale/fr-FR/zotero/timeline.properties
[34m[ln][39m chrome/locale/fr-FR/zotero/standalone.dtd
[34m[ln][39m chrome/locale/fr-FR/zotero/searchbox.dtd
[34m[ln][39m chrome/locale/fr-FR/zotero/scaffold.ftl
[34m[ln][39m chrome/locale/fr-FR/zotero/reader.ftl
[34m[ln][39m chrome/locale/fr-FR/zotero/publications.dtd
[34m[ln][39m chrome/locale/fr-FR/zotero/preferences.ftl
[34m[ln][39m chrome/locale/fr-FR/zotero/preferences.dtd
[34m[ln][39m chrome/locale/fr-FR/zotero/mozilla/wizard.ftl
[34m[ln][39m chrome/locale/fr-FR/zotero/mozilla/updates.properties
[34m[ln][39m chrome/locale/fr-FR/zotero/mozilla/updates.dtd
[34m[ln][39m chrome/locale/fr-FR/zotero/mozilla/toolbox.ftl
[34m[ln][39m chrome/locale/fr-FR/zotero/mozilla/textActions.ftl
[34m[ln][39m chrome/locale/fr-FR/zotero/mozilla/menubar.ftl
[34m[ln][39m chrome/locale/fr-FR/zotero/mozilla/intl.properties
[34m[cp][39m test/tests/data
[34m[ln][39m chrome/locale/fr-FR/zotero/mozilla/editMenuOverlay.dtd
[34m[ln][39m chrome/locale/fr-FR/zotero/mozilla/browserSets.ftl
[34m[ln][39m chrome/locale/fr-FR/zotero/mozilla/arrowscrollbox.ftl
[34m[ln][39m chrome/locale/fr-FR/zotero/cslpreview.dtd
[34m[ln][39m chrome/locale/fr-FR/zotero/csledit.dtd
[34m[ln][39m chrome/locale/fr-FR/zotero/connector.json
[34m[ln][39m chrome/locale/fr-FR/zotero/about.dtd
[34m[ln][39m chrome/locale/fi-FI/zotero/zotero.properties
[34m[ln][39m chrome/locale/fi-FI/zotero/zotero.ftl
[34m[ln][39m chrome/locale/fi-FI/zotero/zotero.dtd
[34m[ln][39m chrome/locale/fi-FI/zotero/timeline.properties
[34m[ln][39m chrome/locale/fi-FI/zotero/standalone.dtd
[34m[ln][39m chrome/locale/fi-FI/zotero/searchbox.dtd
[34m[ln][39m chrome/locale/fi-FI/zotero/scaffold.ftl
[34m[ln][39m chrome/locale/fi-FI/zotero/reader.ftl
[34m[ln][39m chrome/locale/fi-FI/zotero/publications.dtd
[34m[ln][39m chrome/locale/fi-FI/zotero/preferences.ftl
[34m[ln][39m chrome/locale/fi-FI/zotero/preferences.dtd
[34m[ln][39m chrome/locale/fi-FI/zotero/mozilla/wizard.ftl
[34m[ln][39m chrome/locale/fi-FI/zotero/mozilla/updates.properties
[34m[ln][39m chrome/locale/fi-FI/zotero/mozilla/updates.dtd
[34m[ln][39m chrome/locale/fi-FI/zotero/mozilla/toolbox.ftl
[34m[ln][39m chrome/locale/fi-FI/zotero/mozilla/textActions.ftl
[34m[ln][39m chrome/locale/fi-FI/zotero/mozilla/menubar.ftl
[34m[ln][39m chrome/locale/fi-FI/zotero/mozilla/intl.properties
[34m[ln][39m chrome/locale/fi-FI/zotero/mozilla/editMenuOverlay.dtd
[34m[ln][39m chrome/locale/fi-FI/zotero/mozilla/browserSets.ftl
[34m[ln][39m chrome/locale/fi-FI/zotero/mozilla/arrowscrollbox.ftl
[34m[ln][39m chrome/locale/fi-FI/zotero/cslpreview.dtd
[34m[ln][39m chrome/locale/fi-FI/zotero/csledit.dtd
[34m[ln][39m chrome/locale/fi-FI/zotero/connector.json
[34m[ln][39m chrome/locale/fi-FI/zotero/about.dtd
[34m[ln][39m chrome/locale/fa/zotero/zotero.properties
[34m[ln][39m chrome/locale/fa/zotero/zotero.ftl
[34m[ln][39m chrome/locale/fa/zotero/zotero.dtd
[34m[ln][39m chrome/locale/fa/zotero/timeline.properties
[34m[ln][39m chrome/locale/fa/zotero/standalone.dtd
[34m[ln][39m chrome/locale/fa/zotero/searchbox.dtd
[34m[ln][39m chrome/locale/fa/zotero/scaffold.ftl
[34m[ln][39m chrome/locale/fa/zotero/reader.ftl
[34m[ln][39m chrome/locale/fa/zotero/publications.dtd
[34m[ln][39m chrome/locale/fa/zotero/preferences.ftl
[34m[ln][39m chrome/locale/fa/zotero/preferences.dtd
[34m[ln][39m chrome/locale/fa/zotero/mozilla/wizard.ftl
[34m[ln][39m chrome/locale/fa/zotero/mozilla/updates.properties
[34m[ln][39m chrome/locale/fa/zotero/mozilla/updates.dtd
[34m[ln][39m chrome/locale/fa/zotero/mozilla/toolbox.ftl
[34m[ln][39m chrome/locale/fa/zotero/mozilla/textActions.ftl
[34m[ln][39m chrome/locale/fa/zotero/mozilla/menubar.ftl
[34m[ln][39m chrome/locale/fa/zotero/mozilla/intl.properties
[34m[ln][39m chrome/locale/fa/zotero/mozilla/editMenuOverlay.dtd
[34m[ln][39m chrome/locale/fa/zotero/mozilla/browserSets.ftl
[34m[ln][39m chrome/locale/fa/zotero/mozilla/arrowscrollbox.ftl
[34m[ln][39m chrome/locale/fa/zotero/cslpreview.dtd
[34m[ln][39m chrome/locale/fa/zotero/csledit.dtd
[34m[ln][39m chrome/locale/fa/zotero/connector.json
[34m[ln][39m chrome/locale/fa/zotero/about.dtd
[34m[ln][39m chrome/locale/eu-ES/zotero/zotero.properties
[34m[ln][39m chrome/locale/eu-ES/zotero/zotero.ftl
[34m[ln][39m chrome/locale/eu-ES/zotero/zotero.dtd
[34m[ln][39m chrome/locale/eu-ES/zotero/timeline.properties
[34m[ln][39m chrome/locale/eu-ES/zotero/standalone.dtd
[34m[ln][39m chrome/locale/eu-ES/zotero/searchbox.dtd
[34m[ln][39m chrome/locale/eu-ES/zotero/scaffold.ftl
[34m[ln][39m chrome/locale/eu-ES/zotero/reader.ftl
[34m[ln][39m chrome/locale/eu-ES/zotero/publications.dtd
[34m[ln][39m chrome/locale/eu-ES/zotero/preferences.ftl
[34m[ln][39m chrome/locale/eu-ES/zotero/preferences.dtd
[34m[ln][39m chrome/locale/eu-ES/zotero/mozilla/wizard.ftl
[34m[ln][39m chrome/locale/eu-ES/zotero/mozilla/updates.properties
[34m[ln][39m chrome/locale/eu-ES/zotero/mozilla/updates.dtd
[34m[ln][39m chrome/locale/eu-ES/zotero/mozilla/toolbox.ftl
[34m[ln][39m chrome/locale/eu-ES/zotero/mozilla/textActions.ftl
[34m[ln][39m chrome/locale/eu-ES/zotero/mozilla/menubar.ftl
[34m[ln][39m chrome/locale/eu-ES/zotero/mozilla/intl.properties
[34m[ln][39m chrome/locale/eu-ES/zotero/mozilla/editMenuOverlay.dtd
[34m[ln][39m chrome/locale/eu-ES/zotero/mozilla/browserSets.ftl
[34m[ln][39m chrome/locale/eu-ES/zotero/mozilla/arrowscrollbox.ftl
[34m[ln][39m chrome/locale/eu-ES/zotero/cslpreview.dtd
[34m[ln][39m chrome/locale/eu-ES/zotero/csledit.dtd
[34m[ln][39m chrome/locale/eu-ES/zotero/about.dtd
[34m[ln][39m chrome/locale/et-EE/zotero/zotero.properties
[34m[ln][39m chrome/locale/et-EE/zotero/zotero.ftl
[34m[ln][39m chrome/locale/et-EE/zotero/zotero.dtd
[34m[ln][39m chrome/locale/et-EE/zotero/timeline.properties
[34m[ln][39m chrome/locale/et-EE/zotero/standalone.dtd
[34m[ln][39m chrome/locale/et-EE/zotero/searchbox.dtd
[34m[ln][39m chrome/locale/et-EE/zotero/scaffold.ftl
[34m[ln][39m chrome/locale/et-EE/zotero/reader.ftl
[34m[ln][39m chrome/locale/et-EE/zotero/publications.dtd
[34m[ln][39m chrome/locale/et-EE/zotero/preferences.ftl
[34m[ln][39m chrome/locale/et-EE/zotero/preferences.dtd
[34m[ln][39m chrome/locale/et-EE/zotero/mozilla/wizard.ftl
[34m[ln][39m chrome/locale/et-EE/zotero/mozilla/updates.properties
[34m[ln][39m chrome/locale/et-EE/zotero/mozilla/updates.dtd
[34m[ln][39m chrome/locale/et-EE/zotero/mozilla/toolbox.ftl
[34m[ln][39m chrome/locale/et-EE/zotero/mozilla/textActions.ftl
[34m[ln][39m chrome/locale/et-EE/zotero/mozilla/menubar.ftl
[34m[ln][39m chrome/locale/et-EE/zotero/mozilla/intl.properties
[34m[ln][39m chrome/locale/et-EE/zotero/mozilla/editMenuOverlay.dtd
[34m[ln][39m chrome/locale/et-EE/zotero/mozilla/browserSets.ftl
[34m[ln][39m chrome/locale/et-EE/zotero/mozilla/arrowscrollbox.ftl
[34m[ln][39m chrome/locale/et-EE/zotero/cslpreview.dtd
[34m[ln][39m chrome/locale/et-EE/zotero/csledit.dtd
[34m[ln][39m chrome/locale/et-EE/zotero/about.dtd
[34m[ln][39m chrome/locale/es-ES/zotero/zotero.properties
[34m[ln][39m chrome/locale/es-ES/zotero/zotero.ftl
[34m[ln][39m chrome/locale/es-ES/zotero/zotero.dtd
[34m[ln][39m chrome/locale/es-ES/zotero/timeline.properties
[34m[ln][39m chrome/locale/es-ES/zotero/standalone.dtd
[34m[ln][39m chrome/locale/es-ES/zotero/searchbox.dtd
[34m[ln][39m chrome/locale/es-ES/zotero/scaffold.ftl
[34m[ln][39m chrome/locale/es-ES/zotero/reader.ftl
[34m[ln][39m chrome/locale/es-ES/zotero/publications.dtd
[34m[ln][39m chrome/locale/es-ES/zotero/preferences.ftl
[34m[ln][39m chrome/locale/es-ES/zotero/preferences.dtd
[34m[ln][39m chrome/locale/es-ES/zotero/mozilla/wizard.ftl
[34m[ln][39m chrome/locale/es-ES/zotero/mozilla/updates.properties
[34m[ln][39m chrome/locale/es-ES/zotero/mozilla/updates.dtd
[34m[ln][39m chrome/locale/es-ES/zotero/mozilla/toolbox.ftl
[34m[ln][39m chrome/locale/es-ES/zotero/mozilla/textActions.ftl
[34m[ln][39m chrome/locale/es-ES/zotero/mozilla/menubar.ftl
[34m[ln][39m chrome/locale/es-ES/zotero/mozilla/intl.properties
[34m[ln][39m chrome/locale/es-ES/zotero/mozilla/editMenuOverlay.dtd
[34m[ln][39m chrome/locale/es-ES/zotero/mozilla/browserSets.ftl
[34m[ln][39m chrome/locale/es-ES/zotero/mozilla/arrowscrollbox.ftl
[34m[ln][39m chrome/locale/es-ES/zotero/cslpreview.dtd
[34m[ln][39m chrome/locale/es-ES/zotero/csledit.dtd
[34m[ln][39m chrome/locale/es-ES/zotero/connector.json
[34m[ln][39m chrome/locale/es-ES/zotero/about.dtd
[34m[ln][39m chrome/locale/en-US/zotero/zotero.properties
[34m[ln][39m chrome/locale/en-US/zotero/zotero.json
[34m[ln][39m chrome/locale/en-US/zotero/zotero.ftl
[34m[ln][39m chrome/locale/en-US/zotero/zotero.dtd
[34m[ln][39m chrome/locale/en-US/zotero/timeline.properties
[34m[ln][39m chrome/locale/en-US/zotero/standalone.dtd
[34m[ln][39m chrome/locale/en-US/zotero/searchbox.dtd
[34m[ln][39m chrome/locale/en-US/zotero/scaffold.ftl
[34m[ln][39m chrome/locale/en-US/zotero/reader.ftl
[34m[ln][39m chrome/locale/en-US/zotero/publications.dtd
[34m[ln][39m chrome/locale/en-US/zotero/preferences.json
[34m[ln][39m chrome/locale/en-US/zotero/preferences.ftl
[34m[ln][39m chrome/locale/en-US/zotero/preferences.dtd
[34m[ln][39m chrome/locale/en-US/zotero/note-editor.ftl
[34m[ln][39m chrome/locale/en-US/zotero/mozilla/wizard.ftl
[34m[ln][39m chrome/locale/en-US/zotero/mozilla/updates.properties
[34m[ln][39m chrome/locale/en-US/zotero/mozilla/updates.dtd
[34m[ln][39m chrome/locale/en-US/zotero/mozilla/toolbox.ftl
[34m[ln][39m chrome/locale/en-US/zotero/mozilla/textActions.ftl
[34m[ln][39m chrome/locale/en-US/zotero/mozilla/menubar.ftl
[34m[ln][39m chrome/locale/en-US/zotero/mozilla/intl.properties
[34m[ln][39m chrome/locale/en-US/zotero/mozilla/editMenuOverlay.dtd
[34m[ln][39m chrome/locale/en-US/zotero/mozilla/browserSets.ftl
[34m[ln][39m chrome/locale/en-US/zotero/mozilla/arrowscrollbox.ftl
[34m[ln][39m chrome/locale/en-US/zotero/integration.ftl
[34m[ln][39m chrome/locale/en-US/zotero/cslpreview.dtd
[34m[ln][39m chrome/locale/en-US/zotero/csledit.dtd
[34m[ln][39m chrome/locale/en-US/zotero/connector.json
[34m[ln][39m chrome/locale/en-US/zotero/about.dtd
[34m[ln][39m chrome/locale/en-US/scaffold/scaffold.properties
[34m[ln][39m chrome/locale/en-US/scaffold/scaffold.dtd
[34m[ln][39m chrome/locale/en-GB/zotero/zotero.properties
[34m[ln][39m chrome/locale/en-GB/zotero/zotero.ftl
[34m[js][39m chrome/content/scaffold/load.js
[34m[ln][39m chrome/locale/en-GB/zotero/zotero.dtd
[34m[ln][39m chrome/locale/en-GB/zotero/timeline.properties
[34m[ln][39m chrome/locale/en-GB/zotero/standalone.dtd
[34m[ln][39m chrome/locale/en-GB/zotero/searchbox.dtd
[34m[ln][39m chrome/locale/en-GB/zotero/scaffold.ftl
[34m[ln][39m chrome/locale/en-GB/zotero/reader.ftl
[34m[ln][39m chrome/locale/en-GB/zotero/publications.dtd
[34m[ln][39m chrome/locale/en-GB/zotero/preferences.ftl
[34m[ln][39m chrome/locale/en-GB/zotero/preferences.dtd
[34m[ln][39m chrome/locale/en-GB/zotero/mozilla/wizard.ftl
[34m[js][39m chrome/content/zotero/commonDialog.js
[34m[ln][39m chrome/locale/en-GB/zotero/mozilla/updates.properties
[34m[ln][39m chrome/locale/en-GB/zotero/mozilla/updates.dtd
[34m[ln][39m chrome/locale/en-GB/zotero/mozilla/toolbox.ftl
[34m[ln][39m chrome/locale/en-GB/zotero/mozilla/textActions.ftl
[34m[ln][39m chrome/locale/en-GB/zotero/mozilla/menubar.ftl
[34m[ln][39m chrome/locale/en-GB/zotero/mozilla/intl.properties
[34m[ln][39m chrome/locale/en-GB/zotero/mozilla/editMenuOverlay.dtd
[34m[ln][39m chrome/locale/en-GB/zotero/mozilla/browserSets.ftl
[34m[ln][39m chrome/locale/en-GB/zotero/mozilla/arrowscrollbox.ftl
[34m[ln][39m chrome/locale/en-GB/zotero/cslpreview.dtd
[34m[ln][39m chrome/locale/en-GB/zotero/csledit.dtd
[34m[ln][39m chrome/locale/en-GB/zotero/about.dtd
[34m[ln][39m chrome/locale/el-GR/zotero/zotero.properties
[34m[ln][39m chrome/locale/el-GR/zotero/zotero.ftl
[34m[ln][39m chrome/locale/el-GR/zotero/zotero.dtd
[34m[ln][39m chrome/locale/el-GR/zotero/timeline.properties
[34m[ln][39m chrome/locale/el-GR/zotero/standalone.dtd
[34m[ln][39m chrome/locale/el-GR/zotero/searchbox.dtd
[34m[ln][39m chrome/locale/el-GR/zotero/scaffold.ftl
[34m[ln][39m chrome/locale/el-GR/zotero/reader.ftl
[34m[ln][39m chrome/locale/el-GR/zotero/publications.dtd
[34m[ln][39m chrome/locale/el-GR/zotero/preferences.ftl
[34m[ln][39m chrome/locale/el-GR/zotero/preferences.dtd
[34m[ln][39m chrome/locale/el-GR/zotero/mozilla/wizard.ftl
[34m[ln][39m chrome/locale/el-GR/zotero/mozilla/updates.properties
[34m[ln][39m chrome/locale/el-GR/zotero/mozilla/updates.dtd
[34m[ln][39m chrome/locale/el-GR/zotero/mozilla/toolbox.ftl
[34m[ln][39m chrome/locale/el-GR/zotero/mozilla/textActions.ftl
[34m[ln][39m chrome/locale/el-GR/zotero/mozilla/menubar.ftl
[34m[ln][39m chrome/locale/el-GR/zotero/mozilla/intl.properties
[34m[ln][39m chrome/locale/el-GR/zotero/mozilla/editMenuOverlay.dtd
[34m[js][39m chrome/content/zotero/browserWindowShim.js
[34m[ln][39m chrome/locale/el-GR/zotero/mozilla/browserSets.ftl
[34m[ln][39m chrome/locale/el-GR/zotero/mozilla/arrowscrollbox.ftl
[34m[ln][39m chrome/locale/el-GR/zotero/cslpreview.dtd
[34m[ln][39m chrome/locale/el-GR/zotero/csledit.dtd
[34m[ln][39m chrome/locale/el-GR/zotero/connector.json
[34m[ln][39m chrome/locale/el-GR/zotero/about.dtd
[34m[ln][39m chrome/locale/de/zotero/zotero.properties
[34m[ln][39m chrome/locale/de/zotero/zotero.ftl
[34m[ln][39m chrome/locale/de/zotero/zotero.dtd
[34m[ln][39m chrome/locale/de/zotero/timeline.properties
[34m[ln][39m chrome/locale/de/zotero/standalone.dtd
[34m[ln][39m chrome/locale/de/zotero/searchbox.dtd
[34m[ln][39m chrome/locale/de/zotero/scaffold.ftl
[34m[ln][39m chrome/locale/de/zotero/reader.ftl
[34m[ln][39m chrome/locale/de/zotero/publications.dtd
[34m[ln][39m chrome/locale/de/zotero/preferences.ftl
[34m[ln][39m chrome/locale/de/zotero/preferences.dtd
[34m[ln][39m chrome/locale/de/zotero/mozilla/wizard.ftl
[34m[ln][39m chrome/locale/de/zotero/mozilla/updates.properties
[34m[ln][39m chrome/locale/de/zotero/mozilla/updates.dtd
[34m[ln][39m chrome/locale/de/zotero/mozilla/toolbox.ftl
[34m[ln][39m chrome/locale/de/zotero/mozilla/textActions.ftl
[34m[ln][39m chrome/locale/de/zotero/mozilla/menubar.ftl
[34m[ln][39m chrome/locale/de/zotero/mozilla/intl.properties
[34m[ln][39m chrome/locale/de/zotero/mozilla/editMenuOverlay.dtd
[34m[ln][39m chrome/locale/de/zotero/mozilla/browserSets.ftl
[34m[ln][39m chrome/locale/de/zotero/mozilla/arrowscrollbox.ftl
[34m[ln][39m chrome/locale/de/zotero/cslpreview.dtd
[34m[ln][39m chrome/locale/de/zotero/csledit.dtd
[34m[ln][39m chrome/locale/de/zotero/connector.json
[34m[ln][39m chrome/locale/de/zotero/about.dtd
[34m[ln][39m chrome/locale/da-DK/zotero/zotero.properties
[34m[ln][39m chrome/locale/da-DK/zotero/zotero.ftl
[34m[ln][39m chrome/locale/da-DK/zotero/zotero.dtd
[34m[ln][39m chrome/locale/da-DK/zotero/timeline.properties
[34m[ln][39m chrome/locale/da-DK/zotero/standalone.dtd
[34m[ln][39m chrome/locale/da-DK/zotero/searchbox.dtd
[34m[ln][39m chrome/locale/da-DK/zotero/scaffold.ftl
[34m[ln][39m chrome/locale/da-DK/zotero/reader.ftl
[34m[ln][39m chrome/locale/da-DK/zotero/publications.dtd
[34m[ln][39m chrome/locale/da-DK/zotero/preferences.ftl
[34m[ln][39m chrome/locale/da-DK/zotero/preferences.dtd
[34m[ln][39m chrome/locale/da-DK/zotero/mozilla/wizard.ftl
[34m[ln][39m chrome/locale/da-DK/zotero/mozilla/updates.properties
[34m[ln][39m chrome/locale/da-DK/zotero/mozilla/updates.dtd
[34m[ln][39m chrome/locale/da-DK/zotero/mozilla/toolbox.ftl
[34m[ln][39m chrome/locale/da-DK/zotero/mozilla/textActions.ftl
[34m[ln][39m chrome/locale/da-DK/zotero/mozilla/menubar.ftl
[34m[ln][39m chrome/locale/da-DK/zotero/mozilla/intl.properties
[34m[ln][39m chrome/locale/da-DK/zotero/mozilla/editMenuOverlay.dtd
[34m[ln][39m chrome/locale/da-DK/zotero/mozilla/browserSets.ftl
[34m[ln][39m chrome/locale/da-DK/zotero/mozilla/arrowscrollbox.ftl
[34m[ln][39m chrome/locale/da-DK/zotero/cslpreview.dtd
[34m[ln][39m chrome/locale/da-DK/zotero/csledit.dtd
[34m[ln][39m chrome/locale/da-DK/zotero/connector.json
[34m[ln][39m chrome/locale/da-DK/zotero/about.dtd
[34m[ln][39m chrome/locale/cs-CZ/zotero/zotero.properties
[34m[ln][39m chrome/locale/cs-CZ/zotero/zotero.ftl
[34m[ln][39m chrome/locale/cs-CZ/zotero/zotero.dtd
[34m[ln][39m chrome/locale/cs-CZ/zotero/timeline.properties
[34m[ln][39m chrome/locale/cs-CZ/zotero/standalone.dtd
[34m[ln][39m chrome/locale/cs-CZ/zotero/searchbox.dtd
[34m[ln][39m chrome/locale/cs-CZ/zotero/scaffold.ftl
[34m[ln][39m chrome/locale/cs-CZ/zotero/reader.ftl
[34m[ln][39m chrome/locale/cs-CZ/zotero/publications.dtd
[34m[ln][39m chrome/locale/cs-CZ/zotero/preferences.ftl
[34m[ln][39m chrome/locale/cs-CZ/zotero/preferences.dtd
[34m[ln][39m chrome/locale/cs-CZ/zotero/mozilla/wizard.ftl
[34m[ln][39m chrome/locale/cs-CZ/zotero/mozilla/updates.properties
[34m[ln][39m chrome/locale/cs-CZ/zotero/mozilla/updates.dtd
[34m[ln][39m chrome/locale/cs-CZ/zotero/mozilla/toolbox.ftl
[34m[ln][39m chrome/locale/cs-CZ/zotero/mozilla/textActions.ftl
[34m[ln][39m chrome/locale/cs-CZ/zotero/mozilla/menubar.ftl
[34m[ln][39m chrome/locale/cs-CZ/zotero/mozilla/intl.properties
[34m[ln][39m chrome/locale/cs-CZ/zotero/mozilla/editMenuOverlay.dtd
[34m[ln][39m chrome/locale/cs-CZ/zotero/mozilla/browserSets.ftl
[34m[ln][39m chrome/locale/cs-CZ/zotero/mozilla/arrowscrollbox.ftl
[34m[ln][39m chrome/locale/cs-CZ/zotero/cslpreview.dtd
[34m[ln][39m chrome/locale/cs-CZ/zotero/csledit.dtd
[34m[ln][39m chrome/locale/cs-CZ/zotero/connector.json
[34m[ln][39m chrome/locale/cs-CZ/zotero/about.dtd
[34m[ln][39m chrome/locale/ca-AD/zotero/zotero.properties
[34m[ln][39m chrome/locale/ca-AD/zotero/zotero.ftl
[34m[ln][39m chrome/locale/ca-AD/zotero/zotero.dtd
[34m[ln][39m chrome/locale/ca-AD/zotero/timeline.properties
[34m[ln][39m chrome/locale/ca-AD/zotero/standalone.dtd
[34m[ln][39m chrome/locale/ca-AD/zotero/searchbox.dtd
[34m[ln][39m chrome/locale/ca-AD/zotero/scaffold.ftl
[34m[ln][39m chrome/locale/ca-AD/zotero/reader.ftl
[34m[ln][39m chrome/locale/ca-AD/zotero/publications.dtd
[34m[ln][39m chrome/locale/ca-AD/zotero/preferences.ftl
[34m[ln][39m chrome/locale/ca-AD/zotero/preferences.dtd
[34m[ln][39m chrome/locale/ca-AD/zotero/mozilla/wizard.ftl
[34m[ln][39m chrome/locale/ca-AD/zotero/mozilla/updates.properties
[34m[ln][39m chrome/locale/ca-AD/zotero/mozilla/updates.dtd
[34m[ln][39m chrome/locale/ca-AD/zotero/mozilla/toolbox.ftl
[34m[ln][39m chrome/locale/ca-AD/zotero/mozilla/textActions.ftl
[34m[ln][39m chrome/locale/ca-AD/zotero/mozilla/menubar.ftl
[34m[ln][39m chrome/locale/ca-AD/zotero/mozilla/intl.properties
[34m[ln][39m chrome/locale/ca-AD/zotero/mozilla/editMenuOverlay.dtd
[34m[ln][39m chrome/locale/ca-AD/zotero/mozilla/browserSets.ftl
[34m[ln][39m chrome/locale/ca-AD/zotero/mozilla/arrowscrollbox.ftl
[34m[ln][39m chrome/locale/ca-AD/zotero/cslpreview.dtd
[34m[ln][39m chrome/locale/ca-AD/zotero/csledit.dtd
[34m[ln][39m chrome/locale/ca-AD/zotero/connector.json
[34m[ln][39m chrome/locale/ca-AD/zotero/about.dtd
[34m[ln][39m chrome/locale/br/zotero/zotero.properties
[34m[ln][39m chrome/locale/br/zotero/zotero.ftl
[34m[ln][39m chrome/locale/br/zotero/zotero.dtd
[34m[ln][39m chrome/locale/br/zotero/timeline.properties
[34m[ln][39m chrome/locale/br/zotero/standalone.dtd
[34m[ln][39m chrome/locale/br/zotero/searchbox.dtd
[34m[ln][39m chrome/locale/br/zotero/scaffold.ftl
[34m[ln][39m chrome/locale/br/zotero/reader.ftl
[34m[ln][39m chrome/locale/br/zotero/publications.dtd
[34m[ln][39m chrome/locale/br/zotero/preferences.ftl
[34m[ln][39m chrome/locale/br/zotero/preferences.dtd
[34m[ln][39m chrome/locale/br/zotero/mozilla/wizard.ftl
[34m[ln][39m chrome/locale/br/zotero/mozilla/updates.properties
[34m[ln][39m chrome/locale/br/zotero/mozilla/updates.dtd
[34m[ln][39m chrome/locale/br/zotero/mozilla/toolbox.ftl
[34m[ln][39m chrome/locale/br/zotero/mozilla/textActions.ftl
[34m[ln][39m chrome/locale/br/zotero/mozilla/menubar.ftl
[34m[ln][39m chrome/locale/br/zotero/mozilla/intl.properties
[34m[ln][39m chrome/locale/br/zotero/mozilla/editMenuOverlay.dtd
[34m[ln][39m chrome/locale/br/zotero/mozilla/browserSets.ftl
[34m[ln][39m chrome/locale/br/zotero/mozilla/arrowscrollbox.ftl
[34m[ln][39m chrome/locale/br/zotero/cslpreview.dtd
[34m[ln][39m chrome/locale/br/zotero/csledit.dtd
[34m[ln][39m chrome/locale/br/zotero/connector.json
[34m[ln][39m chrome/locale/br/zotero/about.dtd
[34m[ln][39m chrome/locale/bg-BG/zotero/zotero.properties
[34m[ln][39m chrome/locale/bg-BG/zotero/zotero.ftl
[34m[ln][39m chrome/locale/bg-BG/zotero/zotero.dtd
[34m[ln][39m chrome/locale/bg-BG/zotero/timeline.properties
[34m[ln][39m chrome/locale/bg-BG/zotero/standalone.dtd
[34m[ln][39m chrome/locale/bg-BG/zotero/searchbox.dtd
[34m[ln][39m chrome/locale/bg-BG/zotero/scaffold.ftl
[34m[ln][39m chrome/locale/bg-BG/zotero/reader.ftl
[34m[ln][39m chrome/locale/bg-BG/zotero/publications.dtd
[34m[ln][39m chrome/locale/bg-BG/zotero/preferences.ftl
[34m[ln][39m chrome/locale/bg-BG/zotero/preferences.dtd
[34m[ln][39m chrome/locale/bg-BG/zotero/mozilla/wizard.ftl
[34m[ln][39m chrome/locale/bg-BG/zotero/mozilla/updates.properties
[34m[ln][39m chrome/locale/bg-BG/zotero/mozilla/updates.dtd
[34m[ln][39m chrome/locale/bg-BG/zotero/mozilla/toolbox.ftl
[34m[ln][39m chrome/locale/bg-BG/zotero/mozilla/textActions.ftl
[34m[ln][39m chrome/locale/bg-BG/zotero/mozilla/menubar.ftl
[34m[ln][39m chrome/locale/bg-BG/zotero/mozilla/intl.properties
[34m[ln][39m chrome/locale/bg-BG/zotero/mozilla/editMenuOverlay.dtd
[34m[ln][39m chrome/locale/bg-BG/zotero/mozilla/browserSets.ftl
[34m[ln][39m chrome/locale/bg-BG/zotero/mozilla/arrowscrollbox.ftl
[34m[ln][39m chrome/locale/bg-BG/zotero/cslpreview.dtd
[34m[ln][39m chrome/locale/bg-BG/zotero/csledit.dtd
[34m[ln][39m chrome/locale/bg-BG/zotero/connector.json
[34m[ln][39m chrome/locale/bg-BG/zotero/about.dtd
[34m[ln][39m chrome/locale/ar/zotero/zotero.properties
[34m[ln][39m chrome/locale/ar/zotero/zotero.ftl
[34m[ln][39m chrome/locale/ar/zotero/zotero.dtd
[34m[ln][39m chrome/locale/ar/zotero/timeline.properties
[34m[ln][39m chrome/locale/ar/zotero/standalone.dtd
[34m[ln][39m chrome/locale/ar/zotero/searchbox.dtd
[34m[ln][39m chrome/locale/ar/zotero/scaffold.ftl
[34m[ln][39m chrome/locale/ar/zotero/reader.ftl
[34m[ln][39m chrome/locale/ar/zotero/publications.dtd
[34m[ln][39m chrome/locale/ar/zotero/preferences.ftl
[34m[ln][39m chrome/locale/ar/zotero/preferences.dtd
[34m[ln][39m chrome/locale/ar/zotero/mozilla/wizard.ftl
[34m[ln][39m chrome/locale/ar/zotero/mozilla/updates.properties
[34m[js][39m chrome/content/zotero/ace/aceWrapper.js
[34m[ln][39m chrome/locale/ar/zotero/mozilla/updates.dtd
[34m[ln][39m chrome/locale/ar/zotero/mozilla/toolbox.ftl
[34m[ln][39m chrome/locale/ar/zotero/mozilla/textActions.ftl
[34m[ln][39m chrome/locale/ar/zotero/mozilla/menubar.ftl
[34m[ln][39m chrome/locale/ar/zotero/mozilla/intl.properties
[34m[ln][39m chrome/locale/ar/zotero/mozilla/editMenuOverlay.dtd
[34m[ln][39m chrome/locale/ar/zotero/mozilla/browserSets.ftl
[34m[ln][39m chrome/locale/ar/zotero/mozilla/arrowscrollbox.ftl
[34m[ln][39m chrome/locale/ar/zotero/cslpreview.dtd
[34m[ln][39m chrome/locale/ar/zotero/csledit.dtd
[34m[ln][39m chrome/locale/ar/zotero/connector.json
[34m[ln][39m chrome/locale/ar/zotero/about.dtd
[34m[ln][39m chrome/locale/af-ZA/zotero/zotero.properties
[34m[ln][39m chrome/locale/af-ZA/zotero/zotero.ftl
[34m[ln][39m chrome/locale/af-ZA/zotero/zotero.dtd
[34m[ln][39m chrome/locale/af-ZA/zotero/timeline.properties
[34m[ln][39m chrome/locale/af-ZA/zotero/standalone.dtd
[34m[ln][39m chrome/locale/af-ZA/zotero/searchbox.dtd
[34m[ln][39m chrome/locale/af-ZA/zotero/scaffold.ftl
[34m[ln][39m chrome/locale/af-ZA/zotero/reader.ftl
[34m[ln][39m chrome/locale/af-ZA/zotero/publications.dtd
[34m[ln][39m chrome/locale/af-ZA/zotero/preferences.ftl
[34m[js][39m chrome/content/zotero/bibliography.js
[34m[ln][39m chrome/locale/af-ZA/zotero/preferences.dtd
[34m[ln][39m chrome/locale/af-ZA/zotero/mozilla/wizard.ftl
[34m[ln][39m chrome/locale/af-ZA/zotero/mozilla/updates.properties
[34m[ln][39m chrome/locale/af-ZA/zotero/mozilla/updates.dtd
[34m[ln][39m chrome/locale/af-ZA/zotero/mozilla/toolbox.ftl
[34m[ln][39m chrome/locale/af-ZA/zotero/mozilla/textActions.ftl
[34m[ln][39m chrome/locale/af-ZA/zotero/mozilla/menubar.ftl
[34m[ln][39m chrome/locale/af-ZA/zotero/mozilla/intl.properties
[34m[ln][39m chrome/locale/af-ZA/zotero/mozilla/editMenuOverlay.dtd
[34m[ln][39m chrome/locale/af-ZA/zotero/mozilla/browserSets.ftl
[34m[ln][39m chrome/locale/af-ZA/zotero/mozilla/arrowscrollbox.ftl
[34m[ln][39m chrome/locale/af-ZA/zotero/cslpreview.dtd
[34m[ln][39m chrome/locale/af-ZA/zotero/csledit.dtd
[34m[ln][39m chrome/locale/af-ZA/zotero/about.dtd
[34m[ln][39m chrome/content/zotero/ZoteroProtocolHandler.jsm
[34m[ln][39m chrome/content/zotero/zoteroPane.xhtml
[34m[ln][39m chrome/content/zotero/zotero.mjs
[34m[ln][39m chrome/content/zotero/xpcom/utilities/resource/schema/global/scripts/update-schema
[34m[ln][39m chrome/content/zotero/xpcom/utilities/resource/schema/global/scripts/update-gz
[34m[ln][39m chrome/content/zotero/xpcom/utilities/resource/schema/global/schema.json
[34m[ln][39m chrome/content/zotero/xpcom/utilities/resource/schema/global/README.md
[34m[ln][39m chrome/content/zotero/xpcom/utilities/resource/README.md
[34m[ln][39m chrome/content/zotero/xpcom/utilities/resource/dateFormats.json
[34m[ln][39m chrome/content/zotero/xpcom/utilities/README.md
[34m[ln][39m chrome/content/zotero/xpcom/utilities/package.json
[34m[ln][39m chrome/content/zotero/xpcom/utilities/package-lock.json
[34m[ln][39m chrome/content/zotero/xpcom/utilities/COPYING
[34m[ln][39m chrome/content/zotero/xpcom/translate/testTranslators/testTranslators.html
[34m[ln][39m chrome/content/zotero/xpcom/translate/testTranslators/testTranslators.css
[34m[ln][39m chrome/content/zotero/xpcom/translate/modules/utilities/test/runtests.sh
[34m[ln][39m chrome/content/zotero/xpcom/translate/modules/utilities/test/data/note.html
[34m[ln][39m chrome/content/zotero/xpcom/translate/modules/utilities/test/data/journalArticle.json
[34m[ln][39m chrome/content/zotero/xpcom/translate/modules/utilities/test/data/citeProcJSExport.json
[34m[ln][39m chrome/content/zotero/xpcom/translate/modules/utilities/resource/schema/global/scripts/update-schema
[34m[ln][39m chrome/content/zotero/xpcom/translate/modules/utilities/resource/schema/global/scripts/update-gz
[34m[ln][39m chrome/content/zotero/xpcom/translate/modules/utilities/resource/schema/global/schema.json
[34m[ln][39m chrome/content/zotero/xpcom/translate/modules/utilities/resource/schema/global/README.md
[34m[ln][39m chrome/content/zotero/xpcom/translate/modules/utilities/resource/README.md
[34m[ln][39m chrome/content/zotero/xpcom/translate/modules/utilities/resource/dateFormats.json
[34m[ln][39m chrome/content/zotero/xpcom/translate/modules/utilities/README.md
[34m[ln][39m chrome/content/zotero/xpcom/translate/modules/utilities/package.json
[34m[ln][39m chrome/content/zotero/xpcom/translate/modules/utilities/package-lock.json
[34m[ln][39m chrome/content/zotero/xpcom/translate/modules/utilities/COPYING
[34m[ln][39m chrome/content/zotero/xpcom/translate/COPYING
[34m[ln][39m chrome/content/zotero/xpcom/pluginAPI/pluginAPIBase.mjs
[34m[ln][39m chrome/content/zotero/upgrade.xul
[34m[ln][39m chrome/content/zotero/updateCSL.xsl
[34m[ln][39m chrome/content/zotero/update/updates.xhtml
[34m[ln][39m chrome/content/zotero/update/updates.css
[34m[ln][39m chrome/content/zotero/tools/data_generator.html
[34m[ln][39m chrome/content/zotero/tools/cslpreview.xhtml
[34m[ln][39m chrome/content/zotero/tools/csledit.xhtml
[34m[ln][39m chrome/content/zotero/tools/build_typeSchemaData.html
[34m[ln][39m chrome/content/zotero/test/test.xul
[34m[ln][39m chrome/content/zotero/test/modtime.xul
[34m[ln][39m chrome/content/zotero/tagColorChooser.xhtml
[34m[ln][39m chrome/content/zotero/standalone/updatesOverlay.xul
[34m[ln][39m chrome/content/zotero/standalone/hiddenWindow.xhtml
[34m[ln][39m chrome/content/zotero/standalone/basicViewer.xhtml
[34m[ln][39m chrome/content/zotero/selectItemsDialog.xhtml
[34m[ln][39m chrome/content/zotero/searchDialog.xhtml
[34m[ln][39m chrome/content/zotero/runJS.html
[34m[ln][39m chrome/content/zotero/rtfScan.xhtml
[34m[ln][39m chrome/content/zotero/RemoteTranslate.jsm
[34m[ln][39m chrome/content/zotero/reader.xhtml
[34m[ln][39m chrome/content/zotero/publicationsDialog.xhtml
[34m[ln][39m chrome/content/zotero/proxy.xul
[34m[ln][39m chrome/content/zotero/progressWindow.xhtml
[34m[ln][39m chrome/content/zotero/progressQueueDialog.xhtml
[34m[ln][39m chrome/content/zotero/preferences/quickCopySiteEditor.xhtml
[34m[ln][39m chrome/content/zotero/preferences/preferences.xhtml
[34m[ln][39m chrome/content/zotero/preferences/preferences_sync.xhtml
[34m[js][39m chrome/content/zotero/contextPane.js
[34m[ln][39m chrome/content/zotero/preferences/preferences_sync_reset.xhtml
[34m[ln][39m chrome/content/zotero/preferences/preferences_general.xhtml
[34m[ln][39m chrome/content/zotero/preferences/preferences_file_renaming.xhtml
[34m[ln][39m chrome/content/zotero/preferences/preferences_export.xhtml
[34m[ln][39m chrome/content/zotero/preferences/preferences_cite.xhtml
[34m[ln][39m chrome/content/zotero/preferences/preferences_advanced.xhtml
[34m[ln][39m chrome/content/zotero/preferences/librariesToSync.xhtml
[34m[ln][39m chrome/content/zotero/osfile.mjs
[34m[ln][39m chrome/content/zotero/note.xhtml
[34m[ln][39m chrome/content/zotero/newCollectionDialog.xhtml
[34m[ln][39m chrome/content/zotero/modules/filePicker.mjs
[34m[ln][39m chrome/content/zotero/modules/commandLineOptions.mjs
[34m[ln][39m chrome/content/zotero/merge.xhtml
[34m[ln][39m chrome/content/zotero/longTagFixer.xhtml
[34m[ln][39m chrome/content/zotero/locateManager.xhtml
[34m[ln][39m chrome/content/zotero/locale/csl/util/add-locale-terms.py
[34m[js][39m chrome/content/scaffold/scaffoldItemPreviews.js
[34m[ln][39m chrome/content/zotero/locale/csl/spec/spec_helper.rb
[34m[ln][39m chrome/content/zotero/locale/csl/spec/repository_spec.rb
[34m[ln][39m chrome/content/zotero/locale/csl/spec/locales_spec.rb
[34m[ln][39m chrome/content/zotero/locale/csl/README.md
[34m[js][39m chrome/content/zotero/dateOverrides.js
[34m[ln][39m chrome/content/zotero/locale/csl/Rakefile
[34m[ln][39m chrome/content/zotero/locale/csl/locales.json
[34m[ln][39m chrome/content/zotero/locale/csl/locales-zh-TW.xml
[34m[ln][39m chrome/content/zotero/locale/csl/locales-zh-CN.xml
[34m[ln][39m chrome/content/zotero/locale/csl/locales-vi-VN.xml
[34m[ln][39m chrome/content/zotero/locale/csl/locales-uk-UA.xml
[34m[ln][39m chrome/content/zotero/locale/csl/locales-tr-TR.xml
[34m[ln][39m chrome/content/zotero/locale/csl/locales-th-TH.xml
[34m[ln][39m chrome/content/zotero/locale/csl/locales-sv-SE.xml
[34m[ln][39m chrome/content/zotero/locale/csl/locales-sr-RS.xml
[34m[ln][39m chrome/content/zotero/locale/csl/locales-sl-SI.xml
[34m[ln][39m chrome/content/zotero/locale/csl/locales-sk-SK.xml
[34m[ln][39m chrome/content/zotero/locale/csl/locales-ru-RU.xml
[34m[ln][39m chrome/content/zotero/locale/csl/locales-ro-RO.xml
[34m[ln][39m chrome/content/zotero/locale/csl/locales-pt-PT.xml
[34m[ln][39m chrome/content/zotero/locale/csl/locales-pt-BR.xml
[34m[ln][39m chrome/content/zotero/locale/csl/locales-pl-PL.xml
[34m[ln][39m chrome/content/zotero/locale/csl/locales-pa-PK.xml
[34m[ln][39m chrome/content/zotero/locale/csl/locales-nn-NO.xml
[34m[ln][39m chrome/content/zotero/locale/csl/locales-nl-NL.xml
[34m[ln][39m chrome/content/zotero/locale/csl/locales-nb-NO.xml
[34m[ln][39m chrome/content/zotero/locale/csl/locales-mn-MN.xml
[34m[ln][39m chrome/content/zotero/locale/csl/locales-lv-LV.xml
[34m[ln][39m chrome/content/zotero/locale/csl/locales-lt-LT.xml
[34m[ln][39m chrome/content/zotero/locale/csl/locales-la.xml
[34m[ln][39m chrome/content/zotero/locale/csl/locales-ko-KR.xml
[34m[ln][39m chrome/content/zotero/locale/csl/locales-km-KH.xml
[34m[ln][39m chrome/content/zotero/locale/csl/locales-ja-JP.xml
[34m[ln][39m chrome/content/zotero/locale/csl/locales-it-IT.xml
[34m[ln][39m chrome/content/zotero/locale/csl/locales-is-IS.xml
[34m[ln][39m chrome/content/zotero/locale/csl/locales-id-ID.xml
[34m[ln][39m chrome/content/zotero/locale/csl/locales-hu-HU.xml
[34m[ln][39m chrome/content/zotero/locale/csl/locales-hr-HR.xml
[34m[ln][39m chrome/content/zotero/locale/csl/locales-hi-IN.xml
[34m[ln][39m chrome/content/zotero/locale/csl/locales-he-IL.xml
[34m[ln][39m chrome/content/zotero/locale/csl/locales-gl-ES.xml
[34m[ln][39m chrome/content/zotero/locale/csl/locales-fr-FR.xml
[34m[ln][39m chrome/content/zotero/locale/csl/locales-fr-CA.xml
[34m[ln][39m chrome/content/zotero/locale/csl/locales-fi-FI.xml
[34m[ln][39m chrome/content/zotero/locale/csl/locales-fa-IR.xml
[34m[ln][39m chrome/content/zotero/locale/csl/locales-eu.xml
[34m[ln][39m chrome/content/zotero/locale/csl/locales-et-EE.xml
[34m[ln][39m chrome/content/zotero/locale/csl/locales-es-MX.xml
[34m[ln][39m chrome/content/zotero/locale/csl/locales-es-ES.xml
[34m[ln][39m chrome/content/zotero/locale/csl/locales-es-CL.xml
[34m[ln][39m chrome/content/zotero/locale/csl/locales-en-US.xml
[34m[ln][39m chrome/content/zotero/locale/csl/locales-en-GB.xml
[34m[ln][39m chrome/content/zotero/locale/csl/locales-el-GR.xml
[34m[ln][39m chrome/content/zotero/locale/csl/locales-de-DE.xml
[34m[ln][39m chrome/content/zotero/locale/csl/locales-de-CH.xml
[34m[ln][39m chrome/content/zotero/locale/csl/locales-de-AT.xml
[34m[ln][39m chrome/content/zotero/locale/csl/locales-da-DK.xml
[34m[ln][39m chrome/content/zotero/locale/csl/locales-cy-GB.xml
[34m[ln][39m chrome/content/zotero/locale/csl/locales-cs-CZ.xml
[34m[ln][39m chrome/content/zotero/locale/csl/locales-ca-AD.xml
[34m[ln][39m chrome/content/zotero/locale/csl/locales-bg-BG.xml
[34m[ln][39m chrome/content/zotero/locale/csl/locales-ar.xml
[34m[ln][39m chrome/content/zotero/locale/csl/locales-af-ZA.xml
[34m[ln][39m chrome/content/zotero/locale/csl/Gemfile.lock
[34m[ln][39m chrome/content/zotero/locale/csl/Gemfile
[34m[ln][39m chrome/content/zotero/locale/csl/CONTRIBUTING.md
[34m[ln][39m chrome/content/zotero/locale/csl/composer.json
[34m[ln][39m chrome/content/zotero/integration/simpleEditor.html
[34m[ln][39m chrome/content/zotero/integration/progressBar.xhtml
[34m[ln][39m chrome/content/zotero/integration/integrationDocPrefs.xhtml
[34m[ln][39m chrome/content/zotero/integration/editBibliographyDialog.xhtml
[34m[ln][39m chrome/content/zotero/integration/citationExplorer.xhtml
[34m[ln][39m chrome/content/zotero/integration/citationDialog/searchHandler.mjs
[34m[ln][39m chrome/content/zotero/integration/citationDialog/popupHandler.mjs
[34m[ln][39m chrome/content/zotero/integration/citationDialog/keyboardHandler.mjs
[34m[ln][39m chrome/content/zotero/integration/citationDialog/helpers.mjs
[34m[ln][39m chrome/content/zotero/integration/citationDialog.xhtml
[34m[ln][39m chrome/content/zotero/import/importWizard.xhtml
[34m[ln][39m chrome/content/zotero/HiddenBrowser.jsm
[34m[ln][39m chrome/content/zotero/hardConfirmationDialog.xhtml
[34m[ln][39m chrome/content/zotero/feedSettings.xhtml
[34m[ln][39m chrome/content/zotero/exportOptions.xhtml
[34m[ln][39m chrome/content/zotero/errorReport.xhtml
[34m[ln][39m chrome/content/zotero/EPUB.jsm
[34m[ln][39m chrome/content/zotero/elements/utils/collapsiblePane.mjs
[34m[ln][39m chrome/content/zotero/dictionaryManager.xhtml
[34m[ln][39m chrome/content/zotero/debugViewer.html
[34m[ln][39m chrome/content/zotero/createParentDialog.xhtml
[34m[ln][39m chrome/content/zotero/contextMenuUtils.sys.mjs
[34m[ln][39m chrome/content/zotero/captcha.xul
[34m[ln][39m chrome/content/zotero/BlockingObserver.jsm
[34m[ln][39m chrome/content/zotero/bibliography.xhtml
[34m[ln][39m chrome/content/zotero/attachLink.xhtml
[34m[ln][39m chrome/content/zotero/advancedSearch.xhtml
[34m[ln][39m chrome/content/zotero/actors/ZoteroPrintParent.jsm
[34m[ln][39m chrome/content/zotero/actors/ZoteroPrintChild.jsm
[34m[ln][39m chrome/content/zotero/actors/TranslationParent.jsm
[34m[ln][39m chrome/content/zotero/actors/TranslationChild.jsm
[34m[ln][39m chrome/content/zotero/actors/SingleFileChild.jsm
[34m[ln][39m chrome/content/zotero/actors/SequoiaContextMenuParent.jsm
[34m[ln][39m chrome/content/zotero/actors/SequoiaContextMenuChild.jsm
[34m[ln][39m chrome/content/zotero/actors/PageDataChild.jsm
[34m[ln][39m chrome/content/zotero/actors/MendeleyAuthParent.jsm
[34m[ln][39m chrome/content/zotero/actors/MendeleyAuthChild.jsm
[34m[ln][39m chrome/content/zotero/actors/FeedAbstractParent.jsm
[34m[ln][39m chrome/content/zotero/actors/FeedAbstractChild.jsm
[34m[ln][39m chrome/content/zotero/actors/ExternalLinkHandlerParent.jsm
[34m[ln][39m chrome/content/zotero/actors/ExternalLinkHandlerChild.jsm
[34m[ln][39m chrome/content/zotero/actors/DocumentIsReadyChild.jsm
[34m[ln][39m chrome/content/zotero/actors/actorUtils.mjs
[34m[ln][39m chrome/content/zotero/actors/ActorManager.jsm
[34m[ln][39m chrome/content/zotero/ace/ace.html
[34m[ln][39m chrome/content/zotero/about.xhtml
[34m[ln][39m chrome/content/zotero-platform/win/zotero-z-32px-australis.png
[34m[ln][39m chrome/content/zotero-platform/win/zotero-z-16px-australis.png
[34m[ln][39m chrome/content/zotero-platform/win/tagselector.css
[34m[ln][39m chrome/content/zotero-platform/win/tab.css
[34m[ln][39m chrome/content/zotero-platform/win/overlay.css
[34m[ln][39m chrome/content/zotero-platform/win/itemPane.css
[34m[ln][39m chrome/content/zotero-platform/win/integration.css
[34m[ln][39m chrome/content/zotero-platform/unix/zotero-z-32px-australis.png
[34m[ln][39m chrome/content/zotero-platform/unix/zotero-z-16px-australis.png
[34m[ln][39m chrome/content/zotero-platform/unix/tagselector.css
[34m[ln][39m chrome/content/zotero-platform/unix/tab.css
[34m[ln][39m chrome/content/zotero-platform/unix/publicationsDialog.css
[34m[ln][39m chrome/content/zotero-platform/unix/preferences.css
[34m[ln][39m chrome/content/zotero-platform/unix/overlay.css
[34m[ln][39m chrome/content/zotero-platform/unix/integration.css
[34m[ln][39m chrome/content/zotero-platform/mac/zotero-z-32px-australis.png
[34m[ln][39m chrome/content/zotero-platform/mac/zotero-z-16px-australis.png
[34m[ln][39m chrome/content/zotero-platform/mac/treesource-search@2x.png
[34m[js][39m chrome/content/zotero/debugViewer.js
[34m[ln][39m chrome/content/zotero-platform/mac/treesource-search.png
[34m[ln][39m chrome/content/zotero-platform/mac/treesource-collection@2x.png
[34m[ln][39m chrome/content/zotero-platform/mac/treesource-collection.png
[34m[ln][39m chrome/content/zotero-platform/mac/tagselector.css
[34m[ln][39m chrome/content/zotero-platform/mac/panebutton-inactive.png
[34m[ln][39m chrome/content/zotero-platform/mac/panebutton-active.png
[34m[ln][39m chrome/content/zotero-platform/mac/overlay.css
[34m[ln][39m chrome/content/zotero-platform/mac/integration.css
[34m[ln][39m chrome/content/zotero-platform/default-version/style.css
[34m[js][39m chrome/content/zotero/dictionaryManager.js
[34m[ln][39m chrome/content/scaffold/select.xhtml
[34m[ln][39m chrome/content/scaffold/scaffold.xhtml
[34m[ln][39m chrome/content/scaffold/monaco/monaco.html
[34m[ln][39m chrome/content/scaffold/load.xhtml
[34m[ln][39m version
[34m[ln][39m resource/ace/worker-javascript.js
[34m[ln][39m resource/ace/theme-monokai.js
[34m[ln][39m resource/ace/theme-chrome.js
[34m[ln][39m resource/ace/mode-javascript.js
[34m[ln][39m resource/ace/keybinding-vim.js
[34m[ln][39m resource/ace/keybinding-emacs.js
[34m[ln][39m resource/ace/ext-searchbox.js
[34m[js][39m chrome/content/zotero/createParentDialog.js
[34m[ln][39m resource/ace/ace.js
[34m[js][39m chrome/content/zotero/customElements.js
[34m[ln][39m resource/SingleFile/lib/single-file-infobar.js
[34m[ln][39m resource/SingleFile/lib/single-file-hooks-frames.js
[34m[ln][39m resource/SingleFile/lib/single-file-frames.js
[34m[ln][39m resource/SingleFile/lib/single-file-extension.js
[34m[ln][39m resource/SingleFile/lib/single-file-extension-infobar.js
[34m[ln][39m resource/SingleFile/lib/single-file-extension-frames.js
[34m[ln][39m resource/SingleFile/lib/single-file-extension-editor.js
[34m[ln][39m resource/SingleFile/lib/single-file-extension-editor-init.js
[34m[ln][39m resource/SingleFile/lib/single-file-extension-editor-helper.js
[34m[ln][39m resource/SingleFile/lib/single-file-extension-core.js
[34m[ln][39m resource/SingleFile/lib/single-file-extension-bootstrap.js
[34m[ln][39m resource/SingleFile/lib/single-file-extension-background.js
[34m[ln][39m resource/SingleFile/lib/single-file-bootstrap.js
[34m[ln][39m resource/SingleFile/lib/single-file-background.js
[34m[ln][39m resource/SingleFile/lib/chrome-browser-polyfill.js
[34m[ln][39m resource/word-processor-plugin-installer.js
[34m[ln][39m resource/vs/loader.js
[34m[ln][39m resource/vs/language/typescript/tsMode.js
[34m[ln][39m resource/vs/language/json/jsonWorker.js
[34m[ln][39m resource/vs/language/json/jsonMode.js
[34m[ln][39m resource/vs/editor/editor.main.nls.js
[34m[ln][39m resource/vs/editor/editor.main.js
[34m[ln][39m resource/vs/editor/editor.main.css
[34m[ln][39m resource/vs/basic-languages/xml/xml.js
[34m[ln][39m resource/vs/basic-languages/typescript/typescript.js
[34m[ln][39m resource/vs/basic-languages/javascript/javascript.js
[34m[ln][39m resource/vs/base/worker/workerMain.js
[34m[ln][39m resource/vs/base/common/worker/simpleWorker.nls.js
[34m[ln][39m resource/vs/base/browser/ui/codicons/codicon/codicon.ttf
[34m[ln][39m resource/tinymce/tinymce.min.js
[34m[ln][39m resource/tinymce/themes/modern/theme.min.js
[34m[ln][39m resource/tinymce/skins/lightgray/skin.min.css
[34m[ln][39m resource/tinymce/skins/lightgray/img/trans.gif
[34m[ln][39m resource/tinymce/skins/lightgray/img/object.gif
[34m[ln][39m resource/tinymce/skins/lightgray/img/loader.gif
[34m[ln][39m resource/tinymce/skins/lightgray/img/anchor.gif
[34m[ln][39m resource/tinymce/skins/lightgray/fonts/tinymce.woff
[34m[ln][39m resource/tinymce/skins/lightgray/fonts/tinymce-small.woff
[34m[ln][39m resource/tinymce/skins/lightgray/content.min.css
[34m[ln][39m resource/tinymce/plugins/textcolor/plugin.min.js
[34m[ln][39m resource/tinymce/plugins/searchreplace/plugin.min.js
[34m[ln][39m resource/tinymce/plugins/paste/plugin.min.js
[34m[ln][39m resource/tinymce/plugins/nonbreaking/plugin.min.js
[34m[ln][39m resource/tinymce/plugins/lists/plugin.min.js
[34m[ln][39m resource/tinymce/plugins/link/plugin.min.js
[34m[ln][39m resource/tinymce/plugins/directionality/plugin.min.js
[34m[ln][39m resource/tinymce/plugins/contextmenu/plugin.min.js
[34m[ln][39m resource/tinymce/plugins/code/plugin.min.js
[34m[ln][39m resource/tinymce/plugins/autolink/plugin.min.js
[34m[ln][39m resource/tinymce/noteview.html
[34m[ln][39m resource/tinymce/note.html
[34m[ln][39m resource/tinymce/locale.js
[34m[ln][39m resource/tinymce/license.txt
[34m[ln][39m resource/tinymce/langs/zh_TW.js
[34m[ln][39m resource/tinymce/langs/zh_CN.js
[34m[ln][39m resource/tinymce/langs/vi_VN.js
[34m[ln][39m resource/tinymce/langs/uk.js
[34m[ln][39m resource/tinymce/langs/tr_TR.js
[34m[ln][39m resource/tinymce/langs/th_TH.js
[34m[ln][39m resource/tinymce/langs/sv_SE.js
[34m[ln][39m resource/tinymce/langs/sl_SI.js
[34m[ln][39m resource/tinymce/langs/sk.js
[34m[ln][39m resource/tinymce/langs/ru.js
[34m[ln][39m resource/tinymce/langs/ro.js
[34m[ln][39m resource/tinymce/langs/pt_PT.js
[34m[ln][39m resource/tinymce/langs/pt_BR.js
[34m[ln][39m resource/tinymce/langs/pl.js
[34m[ln][39m resource/tinymce/langs/nl.js
[34m[ln][39m resource/tinymce/langs/nb_NO.js
[34m[ln][39m resource/tinymce/langs/lt.js
[34m[ln][39m resource/tinymce/langs/ko_KR.js
[34m[ln][39m resource/tinymce/langs/km_KH.js
[34m[ln][39m resource/tinymce/langs/ja.js
[34m[ln][39m resource/tinymce/langs/it.js
[34m[ln][39m resource/tinymce/langs/is_IS.js
[34m[ln][39m resource/tinymce/langs/id.js
[34m[ln][39m resource/tinymce/langs/hu_HU.js
[34m[ln][39m resource/tinymce/langs/hr.js
[34m[ln][39m resource/tinymce/langs/he_IL.js
[34m[ln][39m resource/tinymce/langs/gl.js
[34m[ln][39m resource/tinymce/langs/fr_FR.js
[34m[ln][39m resource/tinymce/langs/fi.js
[34m[ln][39m resource/tinymce/langs/fa_IR.js
[34m[ln][39m resource/tinymce/langs/eu.js
[34m[ln][39m resource/tinymce/langs/et.js
[34m[js][39m chrome/content/zotero/elements/annotationRow.js
[34m[ln][39m resource/tinymce/langs/es.js
[34m[js][39m chrome/content/zotero/components/utils.js
[34m[ln][39m resource/tinymce/langs/el.js
[34m[ln][39m resource/tinymce/langs/de.js
[34m[ln][39m resource/tinymce/langs/da.js
[34m[ln][39m resource/tinymce/langs/cs_CZ.js
[34m[ln][39m resource/tinymce/langs/ca.js
[34m[ln][39m resource/tinymce/langs/bg_BG.js
[34m[ln][39m resource/tinymce/langs/ar.js
[34m[js][39m chrome/content/zotero/editMenuOverlay.js
[34m[ln][39m resource/tinymce/integration.html
[34m[js][39m chrome/content/zotero/elements/abstractBox.js
[34m[ln][39m resource/tinymce/css/note-ui.css
[34m[ln][39m resource/tinymce/css/note-content.css
[34m[js][39m chrome/content/zotero/elements/annotationItemsPane.js
[34m[ln][39m resource/tinymce/css/integration-content.css
[34m[ln][39m resource/schema/userdata.sql
[34m[ln][39m resource/schema/triggers.sql
[34m[ln][39m resource/schema/system.sql
[34m[ln][39m resource/schema/system-107.sql
[34m[ln][39m resource/schema/repotime.txt
[34m[ln][39m resource/schema/renamed-styles.json
[34m[ln][39m resource/schema/global/schema.json
[34m[ln][39m resource/schema/engines.json
[34m[ln][39m resource/schema/dateFormats.json
[34m[ln][39m resource/schema/abbreviations.json
[34m[ln][39m resource/require.js
[34m[ln][39m resource/redirect.vbs
[34m[ln][39m resource/redirect.sh
[34m[ln][39m resource/react.js
[34m[ln][39m resource/react-intl.js
[34m[ln][39m resource/react-dom.js
[34m[ln][39m resource/react-dom-server.js
[34m[ln][39m resource/react-autosuggest.js
[34m[ln][39m resource/prop-types.js
[34m[ln][39m resource/polyfill.js
[34m[ln][39m resource/PluralForm.jsm
[34m[ln][39m resource/pathparser.jsm
[34m[ln][39m resource/pako.js
[34m[ln][39m resource/loader.jsm
[34m[ln][39m resource/jspath.js
[34m[ln][39m resource/hide.vbs
[34m[ln][39m resource/feeds/SAXXMLReader.js
[34m[ln][39m resource/feeds/FeedProcessor.js
[34m[ln][39m resource/diff.js
[34m[ln][39m resource/csl-validator.js
[34m[ln][39m resource/config.js
[34m[ln][39m resource/concurrentCaller.js
[34m[ln][39m resource/classnames.js
[34m[ln][39m resource/citeproc_rs_wasm_include.js
[34m[ln][39m resource/citeproc_rs_wasm_bg.wasm
[34m[ln][39m resource/bluebird/util.js
[34m[ln][39m resource/bluebird/using.js
[34m[ln][39m resource/bluebird/timers.js
[34m[ln][39m resource/bluebird/thenables.js
[34m[ln][39m resource/bluebird/synchronous_inspection.js
[34m[ln][39m resource/bluebird/some.js
[34m[ln][39m resource/bluebird/settle.js
[34m[ln][39m resource/bluebird/schedule.js
[34m[ln][39m resource/bluebird/reduce.js
[34m[ln][39m resource/bluebird/race.js
[34m[ln][39m resource/bluebird/queue.js
[34m[ln][39m resource/bluebird/props.js
[34m[ln][39m resource/bluebird/promisify.js
[34m[ln][39m resource/bluebird/promise.js
[34m[ln][39m resource/bluebird/promise_array.js
[34m[ln][39m resource/bluebird/nodeify.js
[34m[ln][39m resource/bluebird/nodeback.js
[34m[ln][39m resource/bluebird/method.js
[34m[ln][39m resource/bluebird/map.js
[34m[ln][39m resource/bluebird/join.js
[34m[ln][39m resource/bluebird/generators.js
[34m[ln][39m resource/bluebird/finally.js
[34m[ln][39m resource/bluebird/filter.js
[34m[ln][39m resource/bluebird/es5.js
[34m[ln][39m resource/bluebird/errors.js
[34m[ln][39m resource/bluebird/each.js
[34m[ln][39m resource/bluebird/direct_resolve.js
[34m[ln][39m resource/bluebird/debuggability.js
[34m[ln][39m resource/bluebird/context.js
[34m[ln][39m resource/bluebird/catch_filter.js
[34m[ln][39m resource/bluebird/cancel.js
[34m[ln][39m resource/bluebird/call_get.js
[34m[ln][39m resource/bluebird/bluebird.js
[34m[ln][39m resource/bluebird/bind.js
[34m[ln][39m resource/bluebird/async.js
[34m[ln][39m resource/bluebird/assert.js
[34m[ln][39m resource/bluebird/any.js
[34m[js][39m chrome/content/zotero/elements/attachmentAnnotationsBox.js
[34m[ln][39m resource/bluebird.js
[34m[ln][39m chrome.manifest
[34m[js][39m chrome/content/zotero/components/windowed-list.js
[34m[js][39m chrome/content/scaffold/translators.js
[34m[js][39m chrome/content/zotero/elements/base.js
[34m[js][39m chrome/content/zotero/advancedSearch.js
[34m[js][39m chrome/content/scaffold/scaffoldItemPreview.js
[34m[js][39m chrome/content/zotero/actors/translation/http.js
[34m[js][39m chrome/content/zotero/elements/autocompleteTextArea.js
[34m[js][39m chrome/content/zotero/elements/attachmentRow.js
[34m[js][39m chrome/content/zotero/elements/attachmentsBox.js
[34m[js][39m chrome/content/zotero/elements/attachmentPreviewBox.js
[34m[js][39m chrome/content/zotero/elements/colorPicker.js
[34m[js][39m chrome/content/zotero/elements/itemMessagePane.js
[34m[js][39m chrome/content/zotero/elements/duplicatesMergePane.js
[34m[js][39m chrome/content/zotero/elements/contextPane.js
[34m[js][39m chrome/content/zotero/elements/bubbleInput.js
[34m[js][39m chrome/content/zotero/elements/attachmentBox.js
[34m[js][39m chrome/content/zotero/components/tooltip.js
[34m[js][39m chrome/content/zotero/elements/itemDetails.js
[34m[js][39m chrome/content/zotero/elements/collapsibleSection.js
[34m[js][39m chrome/content/zotero/elements/contextNotesList.js
[34m[js][39m chrome/content/zotero/elements/itemPaneHeader.js
[34m[js][39m chrome/content/zotero/elements/itemPaneSection.js
[34m[js][39m chrome/content/zotero/elements/editableText.js
[34m[js][39m chrome/content/zotero/elements/guidancePanel.js
[34m[js][39m chrome/content/zotero/elements/menulistItemTypes.js
[34m[js][39m chrome/content/zotero/elements/itemTreeMenuBar.js
[34m[js][39m chrome/content/zotero/elements/librariesCollectionsBox.js
[34m[js][39m chrome/content/zotero/elements/richlistCheckbox.js
[34m[js][39m chrome/content/zotero/elements/noteRow.js
[34m[js][39m chrome/content/zotero/elements/publicationsLicenseInfo.js
[34m[js][39m chrome/content/zotero/elements/itemPaneSidenav.js
[34m[js][39m chrome/content/zotero/elements/shadowAutocompleteInput.js
[34m[js][39m chrome/content/zotero/elements/notesContext.js
[34m[js][39m chrome/content/zotero/elements/quickSearchTextbox.js
[34m[js][39m chrome/content/zotero/elements/noteEditor.js
[34m[js][39m chrome/content/zotero/elements/splitMenuButton.js
[34m[js][39m chrome/content/zotero/elements/styleConfigurator.js
[34m[js][39m chrome/content/zotero/elements/textLink.js
[34m[js][39m chrome/content/zotero/elements/relatedBox.js
[34m[js][39m chrome/content/zotero/elements/tagsBox.js
[34m[js][39m chrome/content/zotero/hardConfirmationDialog.js
[34m[js][39m chrome/content/zotero/elements/tabsMenuPanel.js
[34m[js][39m chrome/content/zotero/feedSettings.js
[34m[js][39m chrome/content/zotero/exportOptions.js
[34m[js][39m chrome/content/zotero/import/citavi.js
[34m[js][39m chrome/content/zotero/import/folderImport.js
[34m[js][39m chrome/content/zotero/import/mendeley/authViewer.js
[34m[js][39m chrome/content/zotero/import/mendeley/mendeleySchemaMap.js
[34m[js][39m chrome/content/zotero/import/mendeley/mendeleyOnlineMappings.js
[34m[js][39m chrome/content/zotero/elements/zoteroSearch.js
[34m[js][39m chrome/content/zotero/import/mendeley/mendeleyAPIUtils.js
[34m[js][39m chrome/content/zotero/integration/progressBar.js
[34m[js][39m chrome/content/zotero/elements/itemPane.js
[34m[js][39m chrome/content/zotero/integration/editBibliographyDialog.js
[34m[js][39m chrome/content/zotero/elements/attachmentPreview.js
[34m[js][39m chrome/content/zotero/libraryTree.js
[34m[js][39m chrome/content/zotero/elements/mergeGroup.js
[34m[js][39m chrome/content/zotero/fileInterface.js
[34m[js][39m chrome/content/zotero/integration/citationExplorer.js
[34m[js][39m chrome/content/zotero/menuAccessKey.js
[34m[js][39m chrome/content/zotero/modules/immutable.js
[34m[js][39m chrome/content/zotero/newCollectionDialog.js
[34m[js][39m chrome/content/zotero/note.js
[34m[js][39m chrome/content/zotero/longTagFixer.js
[34m[js][39m chrome/content/zotero/lookup.js
[34m[js][39m chrome/content/zotero/integration/citationDialog.js
[34m[js][39m chrome/content/zotero/preferences/preferences_file_renaming.js
[34m[js][39m chrome/content/zotero/platformKeys.js
[34m[js][39m chrome/content/zotero/elements/notesBox.js
[34m[js][39m chrome/content/zotero/merge.js
[34m[js][39m chrome/content/zotero/locateMenu.js
[34m[js][39m chrome/content/zotero/publicationsDialog.js
[34m[js][39m chrome/content/zotero/preferences/preferences.js
[34m[js][39m chrome/content/zotero/preferences/preferences_general.js
[34m[js][39m chrome/content/zotero/integration/simpleEditor.js
[34m[js][39m chrome/content/zotero/standalone/basicViewer.js
[34m[js][39m chrome/content/zotero/searchDialog.js
[34m[js][39m chrome/content/zotero/proxy.js
[34m[js][39m chrome/content/zotero/reportInterface.js
[34m[js][39m chrome/content/zotero/runJS.js
[34m[js][39m chrome/content/zotero/tagColorChooser.js
[34m[js][39m chrome/content/zotero/test/modtime.js
[34m[js][39m chrome/content/scaffold/scaffold.js
[34m[js][39m chrome/content/zotero/import/importWizard.js
[34m[js][39m chrome/content/zotero/tools/build_typeSchemaData.js
[34m[js][39m chrome/content/zotero/titlebar.js
[34m[js][39m chrome/content/zotero/test/test.js
[34m[js][39m chrome/content/zotero/tools/cslpreview.js
[34m[js][39m chrome/content/zotero/elements/itemBox.js
[34m[js][39m chrome/content/zotero/preferences/preferences_advanced.js
[34m[js][39m chrome/content/zotero/tools/csledit.js
[34m[js][39m chrome/content/zotero/rtfScan.js
[34m[js][39m chrome/content/zotero/xpcom/annotations.js
[34m[js][39m chrome/content/zotero/xpcom/browserDownload.js
[34m[js][39m chrome/content/zotero/import/mendeley/mendeleyImport.js
[34m[js][39m chrome/content/zotero/selectItemsDialog.js
[34m[js][39m chrome/content/zotero/update/update-header.js
[34m[js][39m chrome/content/zotero/standalone/standalone.js
[34m[js][39m chrome/content/zotero/xpcom/commandLineHandler.js
[34m[js][39m chrome/content/zotero/update/updates.js
[34m[js][39m chrome/content/zotero/xpcom/data/dataCache.js
[34m[js][39m chrome/content/zotero/xpcom/citeprocRsBridge.js
[34m[js][39m chrome/content/zotero/timelineInterface.js
[34m[js][39m chrome/content/zotero/xpcom/cookieSandbox.js
[34m[js][39m chrome/content/zotero/xpcom/data/creators.js
[34m[js][39m chrome/content/zotero/xpcom/api.js
[34m[js][39m chrome/content/zotero/xpcom/data/cachedTypes.js
[34m[js][39m chrome/content/zotero/xpcom/data/collections.js
[34m[js][39m chrome/content/zotero/xpcom/data/feedItems.js
[34m[js][39m chrome/content/zotero/xpcom/data/dataObjects.js
[34m[js][39m chrome/content/zotero/xpcom/data/groups.js
[34m[js][39m chrome/content/zotero/xpcom/data/feed.js
[34m[js][39m chrome/content/zotero/xpcom/data/group.js
[34m[js][39m chrome/content/zotero/xpcom/collectionTreeRow.js
[34m[js][39m chrome/content/zotero/xpcom/data/feeds.js
[34m[js][39m chrome/content/zotero/xpcom/data/libraries.js
[34m[js][39m chrome/content/zotero/xpcom/data/itemFields.js
[34m[js][39m chrome/content/zotero/tabs.js
[34m[js][39m chrome/content/zotero/xpcom/cite.js
[34m[js][39m chrome/content/zotero/xpcom/data/dataObjectUtilities.js
[34m[js][39m chrome/content/zotero/xpcom/data/feedItem.js
[34m[js][39m chrome/content/zotero/xpcom/data/notes.js
[34m[js][39m chrome/content/zotero/xpcom/data/relations.js
[34m[js][39m chrome/content/zotero/xpcom/data/dataObject.js
[34m[js][39m chrome/content/zotero/xpcom/data/searches.js
[34m[js][39m chrome/content/zotero/xpcom/data/tags.js
[34m[js][39m chrome/content/zotero/xpcom/debug.js
[34m[js][39m chrome/content/zotero/xpcom/data/search.js
[34m[js][39m chrome/content/zotero/xpcom/data/searchConditions.js
[34m[js][39m chrome/content/zotero/xpcom/error.js
[34m[js][39m chrome/content/zotero/xpcom/duplicates.js
[34m[js][39m chrome/content/zotero/xpcom/data/collection.js
[34m[js][39m chrome/content/zotero/xpcom/attachments.js
[34m[js][39m chrome/content/zotero/xpcom/data/library.js
[34m[js][39m chrome/content/zotero/xpcom/fileDragDataProvider.js
[34m[js][39m chrome/content/zotero/xpcom/dictionaries.js
[34m[js][39m chrome/content/zotero/xpcom/httpIntegrationClient.js
[34m[js][39m chrome/content/zotero/xpcom/fileHandlers.js
[34m[js][39m chrome/content/zotero/xpcom/id.js
[34m[js][39m chrome/content/zotero/xpcom/dataDirectory.js
[34m[js][39m chrome/content/zotero/xpcom/dns_worker.js
[34m[js][39m chrome/content/zotero/xpcom/ipc.js
[34m[js][39m chrome/content/zotero/xpcom/locale.js
[34m[js][39m chrome/content/zotero/xpcom/intl.js
[34m[js][39m chrome/content/zotero/xpcom/mimeTypeHandler.js
[34m[js][39m chrome/content/zotero/xpcom/locateManager.js
[34m[js][39m chrome/content/zotero/xpcom/feedReader.js
[34m[js][39m chrome/content/zotero/xpcom/fulltext.js
[34m[js][39m chrome/content/zotero/xpcom/mime.js
[34m[js][39m chrome/content/zotero/xpcom/file.js
[34m[js][39m chrome/content/zotero/xpcom/data/items.js
[34m[js][39m chrome/content/zotero/xpcom/pluginAPI/itemPaneManager.js
[34m[js][39m chrome/content/zotero/xpcom/pluginAPI/itemTreeManager.js
[34m[js][39m chrome/content/zotero/xpcom/notifier.js
[34m[js][39m chrome/content/zotero/xpcom/progressQueue.js
[34m[js][39m chrome/content/zotero/xpcom/http.js
[34m[js][39m chrome/content/zotero/xpcom/db.js
[34m[js][39m chrome/content/zotero/xpcom/isbn.js
[34m[js][39m chrome/content/zotero/xpcom/plugins.js
[34m[js][39m chrome/content/zotero/xpcom/progressQueueDialog.js
[34m[js][39m chrome/content/zotero/xpcom/preferencePanes.js
[34m[js][39m chrome/content/zotero/xpcom/profile.js
[34m[js][39m chrome/content/zotero/xpcom/prompt.js
[34m[js][39m chrome/content/zotero/xpcom/history.js
[34m[js][39m chrome/content/zotero/xpcom/router.js
[34m[js][39m chrome/content/zotero/xpcom/pdfWorker/manager.js
[34m[js][39m chrome/content/zotero/xpcom/proxy.js
[34m[js][39m chrome/content/zotero/xpcom/quickCopy.js
[34m[js][39m chrome/content/zotero/xpcom/server/saveSession.js
[34m[js][39m chrome/content/zotero/xpcom/prefs.js
[34m[js][39m chrome/content/zotero/xpcom/editorInstance.js
[34m[js][39m chrome/content/zotero/xpcom/report.js
[34m[js][39m chrome/content/zotero/xpcom/recognizeDocument.js
[34m[js][39m chrome/content/zotero/xpcom/data/item.js
[34m[js][39m chrome/content/zotero/xpcom/server/server_integration.js
[34m[js][39m chrome/content/zotero/xpcom/retractions.js
[34m[js][39m chrome/content/zotero/xpcom/singlefile.js
[34m[js][39m chrome/content/zotero/xpcom/server/server_connectorIntegration.js
[34m[js][39m chrome/content/zotero/xpcom/standalone.js
[34m[js][39m chrome/content/zotero/xpcom/storage.js
[34m[js][39m chrome/content/zotero/xpcom/session.js
[34m[js][39m chrome/content/zotero/xpcom/server/server_localAPI.js
[34m[js][39m chrome/content/zotero/xpcom/storage/storageResult.js
[34m[js][39m chrome/content/zotero/xpcom/storage/storageEngine.js
[34m[js][39m chrome/content/zotero/xpcom/server/server.js
[34m[js][39m chrome/content/zotero/xpcom/storage/storageRequest.js
[34m[js][39m chrome/content/zotero/xpcom/storage/storageUtilities.js
[34m[js][39m chrome/content/zotero/xpcom/streamer.js
[34m[js][39m chrome/content/zotero/xpcom/sync/syncExceptions.js
[34m[js][39m chrome/content/zotero/xpcom/sync/syncAPIClient.js
[34m[js][39m chrome/content/zotero/xpcom/progressWindow.js
[34m[js][39m chrome/content/zotero/xpcom/sync.js
[34m[js][39m chrome/content/zotero/xpcom/sync/syncFullTextEngine.js
[34m[js][39m chrome/content/zotero/xpcom/style.js
[34m[js][39m chrome/content/zotero/xpcom/sync/syncUtilities.js
[34m[js][39m chrome/content/zotero/xpcom/reader.js
[34m[js][39m chrome/content/zotero/xpcom/server/server_connector.js
[34m[js][39m chrome/content/zotero/xpcom/storage/zfs.js
[34m[js][39m chrome/content/zotero/xpcom/timeline.js
[34m[js][39m chrome/content/zotero/xpcom/syncedSettings.js
[34m[js][39m chrome/content/zotero/xpcom/translate/modules/utilities/cachedTypes.js
[34m[js][39m chrome/content/zotero/xpcom/translate/modules/utilities/schema.js
[34m[js][39m chrome/content/zotero/xpcom/translate/modules/utilities/test/init.js
[34m[js][39m chrome/content/zotero/xpcom/translate/modules/utilities/test/tests/utilities_itemTest.js
[34m[js][39m chrome/content/zotero/xpcom/translate/modules/utilities/openurl.js
[34m[js][39m chrome/content/zotero/xpcom/translate/modules/utilities/resource/zoteroTypeSchemaData.js
[34m[js][39m chrome/content/zotero/xpcom/translate/modules/utilities/test/tests/utilitiesTest.js
[34m[js][39m chrome/content/zotero/xpcom/storage/storageLocal.js
[34m[js][39m chrome/content/zotero/xpcom/sync/syncEventListeners.js
[34m[js][39m chrome/content/zotero/xpcom/translate/modules/utilities/xregexp-unicode-zotero.js
[34m[js][39m chrome/content/zotero/xpcom/sync/syncEngine.js
[34m[js][39m chrome/content/zotero/xpcom/translate/modules/utilities/utilities_item.js
[34m[js][39m chrome/content/zotero/xpcom/translate/testTranslators/testTranslators.js
[34m[js][39m chrome/content/zotero/xpcom/uiProperties.js
[34m[js][39m chrome/content/zotero/xpcom/sync/syncRunner.js
[34m[js][39m chrome/content/zotero/xpcom/users.js
[34m[js][39m chrome/content/zotero/xpcom/translation/translate_item.js
[34m[js][39m chrome/content/zotero/xpcom/uri.js
[34m[js][39m chrome/content/zotero/xpcom/translation/translate_firefox.js
[34m[js][39m chrome/content/zotero/xpcom/translation/translators.js
[34m[js][39m chrome/content/zotero/xpcom/integration.js
[34m[js][39m chrome/content/zotero/xpcom/utilities/cachedTypes.js
[34m[js][39m chrome/content/zotero/xpcom/translate/modules/utilities/date.js
[34m[js][39m chrome/content/zotero/xpcom/storage/webdav.js
[34m[js][39m chrome/content/zotero/xpcom/utilities/schema.js
[34m[js][39m chrome/content/zotero/xpcom/translate/testTranslators/translatorTester.js
[34m[js][39m chrome/content/zotero/xpcom/sync/syncLocal.js
[34m[js][39m chrome/content/zotero/xpcom/schema.js
[34m[js][39m chrome/content/zotero/xpcom/utilities/xregexp-unicode-zotero.js
[34m[js][39m chrome/content/zotero/zotero-autocomplete.js
[34m[js][39m chrome/content/zotero/xpcom/utilities/resource/zoteroTypeSchemaData.js
[34m[js][39m chrome/skin/default/zotero/timeline/timeline-api.js
[34m[js][39m defaults/preferences/zotero.js
[34m[js][39m test/components/zotero-unit.js
[34m[js][39m chrome/skin/default/zotero/timeline/timelineControls.js
[34m[js][39m chrome/content/zotero/xpcom/utilities/openurl.js
[34m[js][39m test/content/runtests.js
[34m[js][39m chrome/content/zotero/xpcom/translate/modules/utilities/utilities.js
[34m[js][39m test/resource/chai-as-promised/chai-as-promised.js
[34m[js][39m test/content/support.js
[34m[js][39m chrome/content/zotero/xpcom/utilities/date.js
[34m[js][39m chrome/content/zotero/xpcom/translate/modules/utilities/xregexp-all.js
[34m[js][39m test/tests/bibliographyTest.js
[34m[js][39m test/tests/advancedSearchTest.js
[34m[js][39m chrome/content/zotero/xpcom/utilities/utilities_item.js
[34m[js][39m test/tests/browserDownloadTest.js
[34m[js][39m test/tests/cachedTypesTest.js
[34m[js][39m test/tests/annotationsTest.js
[34m[js][39m test/tests/collectionTreeRowTest.js
[34m[js][39m test/tests/citeTest.js
[34m[js][39m test/tests/citeprocRsBridgeTest.js
[34m[js][39m test/tests/collectionsTest.js
[34m[js][39m test/tests/citationDialogTest.js
[34m[js][39m test/tests/concurrentCallerTest.js
[34m[js][39m test/tests/creatorsTest.js
[34m[js][39m test/tests/collectionTest.js
[34m[js][39m test/tests/dataObjectsTest.js
[34m[js][39m chrome/content/zotero/xpcom/zotero.js
[34m[js][39m test/tests/debugTest.js
[34m[js][39m test/tests/dataObjectUtilitiesTest.js
[34m[js][39m test/tests/dateTest.js
[34m[js][39m test/tests/dataDirectoryTest.js
[34m[js][39m test/tests/dataObjectTest.js
[34m[js][39m test/tests/feedItemsTest.js
[34m[js][39m test/tests/duplicatesTest.js
[34m[js][39m test/tests/feedItemTest.js
[34m[js][39m test/tests/feedReaderTest.js
[34m[js][39m chrome/content/zotero/xpcom/utilities_internal.js
[34m[js][39m test/tests/fileHandlersTest.js
[34m[js][39m test/tests/feedsTest.js
[34m[js][39m test/tests/dictionariesTest.js
[34m[js][39m test/tests/fileInterfaceTest.js
[34m[js][39m test/tests/dbTest.js
[34m[js][39m chrome/content/zotero/xpcom/utilities/utilities.js
[34m[js][39m test/tests/feedTest.js
[34m[js][39m test/tests/groupsTest.js
[34m[js][39m chrome/content/zotero/xpcom/utilities/xregexp-all.js
[34m[js][39m test/tests/folderImportTest.js
[34m[js][39m test/tests/fulltextTest.js
[34m[js][39m test/tests/HiddenBrowserTest.js
[34m[js][39m test/tests/importExportTest.js
[34m[js][39m test/tests/groupTest.js
[34m[js][39m test/tests/fileTest.js
[34m[js][39m test/tests/itemFieldsTest.js
[34m[js][39m test/tests/httpTest.js
[34m[js][39m test/tests/hyphenationTest.js
[34m[js][39m test/tests/intlTest.js
[34m[js][39m test/tests/librariesTest.js
[34m[js][39m test/tests/attachmentsTest.js
[34m[js][39m test/tests/lookupTest.js
[34m[js][39m test/tests/noteeditorTest.js
[34m[js][39m test/tests/libraryTreeTest.js
[34m[js][39m test/tests/openurlTest.js
[34m[js][39m test/tests/notifierTest.js
[34m[js][39m test/tests/preferences_advancedTest.js
[34m[js][39m test/tests/mendeleyImportTest.js
[34m[js][39m test/tests/preferences_syncTest.js
[34m[js][39m test/tests/mimeTest.js
[34m[js][39m test/tests/profileTest.js
[34m[js][39m test/tests/libraryTest.js
[34m[js][39m test/tests/proxyTest.js
[34m[js][39m test/tests/protocolHandlerTest.js
[34m[js][39m test/tests/pluginAPITest.js
[34m[js][39m test/tests/itemsTest.js
[34m[js][39m test/tests/relationsTest.js
[34m[js][39m test/tests/relatedboxTest.js
[34m[js][39m test/tests/readerTest.js
[34m[js][39m test/tests/quickCopyTest.js
[34m[js][39m test/tests/collectionTreeTest.js
[34m[js][39m test/tests/server_connectorIntegrationTest.js
[34m[js][39m test/tests/RemoteTranslateTest.js
[34m[js][39m test/tests/retractionsTest.js
[34m[js][39m test/tests/itemTreeTest.js
[34m[js][39m test/tests/server_integrationTest.js
[34m[js][39m test/tests/recognizeDocumentTest.js
[34m[js][39m test/tests/server_localAPITest.js
[34m[js][39m test/tests/storageRequestTest.js
[34m[js][39m test/tests/schemaTest.js
[34m[js][39m test/tests/searchTest.js
[34m[js][39m test/tests/styleTest.js
[34m[js][39m test/tests/syncAPIClientTest.js
[34m[js][39m test/tests/syncedSettingsTest.js
[34m[js][39m test/tests/serverTest.js
[34m[js][39m test/tests/supportTest.js
[34m[js][39m test/tests/syncEventListenersTest.js
[34m[js][39m test/tests/tabsTest.js
[34m[js][39m test/tests/tagsboxTest.js
[34m[js][39m test/tests/syncFullTextEngineTest.js
[34m[js][39m test/tests/storageLocalTest.js
[34m[js][39m test/tests/integrationTest.js
[34m[js][39m chrome/skin/default/zotero/timeline/bundle.js
[34m[js][39m test/tests/uriTest.js
[34m[js][39m test/tests/itemPaneTest.js
[34m[js][39m test/tests/tagSelectorTest.js
[34m[js][39m test/tests/syncRunnerTest.js
[34m[js][39m test/tests/tagsTest.js
[34m[js][39m test/tests/translatorsTest.js
[34m[js][39m test/tests/zoteroTest.js
[34m[js][39m chrome/content/zotero/components/button.jsx
[34m[js][39m test/tests/utilitiesSubmoduleTest.js
[34m[js][39m test/tests/webdavTest.js
[34m[js][39m chrome/content/zotero/zoteroPane.js
[34m[js][39m chrome/content/zotero/components/annotation.jsx
[34m[js][39m test/tests/server_connectorTest.js
[34m[js][39m chrome/content/zotero/components/createParent/createParent.jsx
[34m[js][39m chrome/content/zotero/components/draggable.jsx
[34m[js][39m test/tests/itemTest.js
[34m[js][39m chrome/content/zotero/components/editable/content.jsx
[34m[js][39m chrome/content/zotero/components/form/select.jsx
[34m[js][39m chrome/content/zotero/components/form/textArea.jsx
[34m[js][39m test/tests/utilities_internalTest.js
[34m[js][39m chrome/content/zotero/components/tagSelector.jsx
[34m[js][39m test/tests/zfsTest.js
[34m[js][39m chrome/content/zotero/components/form/input.jsx
[34m[js][39m chrome/content/zotero/components/icons.jsx
[34m[js][39m chrome/content/zotero/components/search.jsx
[34m[js][39m chrome/content/zotero/components/tabBar.jsx
[34m[js][39m chrome/content/zotero/locateManager.jsx
[34m[js][39m chrome/content/zotero/components/progressQueueTable.jsx
[34m[js][39m test/tests/syncLocalTest.js
[34m[js][39m chrome/content/zotero/itemTreeColumns.jsx
[34m[js][39m chrome/content/zotero/components/tagSelector/tagSelectorList.jsx
[34m[js][39m chrome/content/zotero/preferences/preferences_cite.jsx
[34m[js][39m resource/react-virtualized.js
[34m[js][39m chrome/content/zotero/preferences/preferences_export.jsx
[34m[js][39m test/tests/translateTest.js
[34m[js][39m chrome/content/zotero/containers/tagSelectorContainer.jsx
[34m[js][39m chrome/content/zotero/progressQueueDialog.jsx
[34m[js][39m chrome/content/zotero/tools/data_generator.jsx
[34m[js][39m resource/monacopilot-core.mjs
[34m[js][39m resource/SingleFile/lib/single-file.js
[34m[js][39m chrome/content/zotero/preferences/preferences_sync.jsx
[34m[js][39m test/tests/zoteroPaneTest.js
[34m[js][39m chrome/content/zotero/components/editable.jsx
[34m[js][39m resource/monacopilot.mjs
[34m[js][39m chrome/content/zotero/collectionTree.jsx
[34m[js][39m resource/citeproc_rs_wasm.js
[34m[js][39m chrome/content/zotero/components/virtualized-table.jsx
[34m[js][39m resource/vs/language/typescript/tsWorker.js
[34m[js][39m test/tests/syncEngineTest.js
[34m[js][39m chrome/content/zotero/itemTree.jsx
